Archive member included to satisfy reference by file (symbol)

d:/7.0/toolchain/arm/arm-gnu-toolchain/bin/../lib/gcc/arm-none-eabi/6.3.1/../../../../arm-none-eabi/lib/thumb/v7e-m\libc.a(lib_a-exit.o)
                              d:/7.0/toolchain/arm/arm-gnu-toolchain/bin/../lib/gcc/arm-none-eabi/6.3.1/../../../../arm-none-eabi/lib/thumb/v7e-m/crt0.o (exit)
d:/7.0/toolchain/arm/arm-gnu-toolchain/bin/../lib/gcc/arm-none-eabi/6.3.1/../../../../arm-none-eabi/lib/thumb/v7e-m\libc.a(lib_a-impure.o)
                              d:/7.0/toolchain/arm/arm-gnu-toolchain/bin/../lib/gcc/arm-none-eabi/6.3.1/../../../../arm-none-eabi/lib/thumb/v7e-m\libc.a(lib_a-exit.o) (_global_impure_ptr)
d:/7.0/toolchain/arm/arm-gnu-toolchain/bin/../lib/gcc/arm-none-eabi/6.3.1/../../../../arm-none-eabi/lib/thumb/v7e-m\libc.a(lib_a-init.o)
                              d:/7.0/toolchain/arm/arm-gnu-toolchain/bin/../lib/gcc/arm-none-eabi/6.3.1/../../../../arm-none-eabi/lib/thumb/v7e-m/crt0.o (__libc_init_array)
d:/7.0/toolchain/arm/arm-gnu-toolchain/bin/../lib/gcc/arm-none-eabi/6.3.1/../../../../arm-none-eabi/lib/thumb/v7e-m\libc.a(lib_a-malloc.o)
                              src/ASF/common/components/touch/mxt/mxt_device_1.o (malloc)
d:/7.0/toolchain/arm/arm-gnu-toolchain/bin/../lib/gcc/arm-none-eabi/6.3.1/../../../../arm-none-eabi/lib/thumb/v7e-m\libc.a(lib_a-mallocr.o)
                              d:/7.0/toolchain/arm/arm-gnu-toolchain/bin/../lib/gcc/arm-none-eabi/6.3.1/../../../../arm-none-eabi/lib/thumb/v7e-m\libc.a(lib_a-malloc.o) (_malloc_r)
d:/7.0/toolchain/arm/arm-gnu-toolchain/bin/../lib/gcc/arm-none-eabi/6.3.1/../../../../arm-none-eabi/lib/thumb/v7e-m\libc.a(lib_a-memset.o)
                              d:/7.0/toolchain/arm/arm-gnu-toolchain/bin/../lib/gcc/arm-none-eabi/6.3.1/../../../../arm-none-eabi/lib/thumb/v7e-m/crt0.o (memset)
d:/7.0/toolchain/arm/arm-gnu-toolchain/bin/../lib/gcc/arm-none-eabi/6.3.1/../../../../arm-none-eabi/lib/thumb/v7e-m\libc.a(lib_a-mlock.o)
                              d:/7.0/toolchain/arm/arm-gnu-toolchain/bin/../lib/gcc/arm-none-eabi/6.3.1/../../../../arm-none-eabi/lib/thumb/v7e-m\libc.a(lib_a-mallocr.o) (__malloc_lock)
d:/7.0/toolchain/arm/arm-gnu-toolchain/bin/../lib/gcc/arm-none-eabi/6.3.1/../../../../arm-none-eabi/lib/thumb/v7e-m\libc.a(lib_a-sbrkr.o)
                              d:/7.0/toolchain/arm/arm-gnu-toolchain/bin/../lib/gcc/arm-none-eabi/6.3.1/../../../../arm-none-eabi/lib/thumb/v7e-m\libc.a(lib_a-mallocr.o) (_sbrk_r)
d:/7.0/toolchain/arm/arm-gnu-toolchain/bin/../lib/gcc/arm-none-eabi/6.3.1/../../../../arm-none-eabi/lib/thumb/v7e-m\libc.a(lib_a-setbuf.o)
                              src/main.o (setbuf)
d:/7.0/toolchain/arm/arm-gnu-toolchain/bin/../lib/gcc/arm-none-eabi/6.3.1/../../../../arm-none-eabi/lib/thumb/v7e-m\libc.a(lib_a-setvbuf.o)
                              d:/7.0/toolchain/arm/arm-gnu-toolchain/bin/../lib/gcc/arm-none-eabi/6.3.1/../../../../arm-none-eabi/lib/thumb/v7e-m\libc.a(lib_a-setbuf.o) (setvbuf)
d:/7.0/toolchain/arm/arm-gnu-toolchain/bin/../lib/gcc/arm-none-eabi/6.3.1/../../../../arm-none-eabi/lib/thumb/v7e-m\libc.a(lib_a-sprintf.o)
                              src/main.o (sprintf)
d:/7.0/toolchain/arm/arm-gnu-toolchain/bin/../lib/gcc/arm-none-eabi/6.3.1/../../../../arm-none-eabi/lib/thumb/v7e-m\libc.a(lib_a-strcat.o)
                              src/main.o (strcat)
d:/7.0/toolchain/arm/arm-gnu-toolchain/bin/../lib/gcc/arm-none-eabi/6.3.1/../../../../arm-none-eabi/lib/thumb/v7e-m\libc.a(lib_a-strcpy.o)
                              d:/7.0/toolchain/arm/arm-gnu-toolchain/bin/../lib/gcc/arm-none-eabi/6.3.1/../../../../arm-none-eabi/lib/thumb/v7e-m\libc.a(lib_a-strcat.o) (strcpy)
d:/7.0/toolchain/arm/arm-gnu-toolchain/bin/../lib/gcc/arm-none-eabi/6.3.1/../../../../arm-none-eabi/lib/thumb/v7e-m\libc.a(lib_a-strlen.o)
                              src/main.o (strlen)
d:/7.0/toolchain/arm/arm-gnu-toolchain/bin/../lib/gcc/arm-none-eabi/6.3.1/../../../../arm-none-eabi/lib/thumb/v7e-m\libc.a(lib_a-svfprintf.o)
                              d:/7.0/toolchain/arm/arm-gnu-toolchain/bin/../lib/gcc/arm-none-eabi/6.3.1/../../../../arm-none-eabi/lib/thumb/v7e-m\libc.a(lib_a-sprintf.o) (_svfprintf_r)
d:/7.0/toolchain/arm/arm-gnu-toolchain/bin/../lib/gcc/arm-none-eabi/6.3.1/../../../../arm-none-eabi/lib/thumb/v7e-m\libc.a(lib_a-__call_atexit.o)
                              d:/7.0/toolchain/arm/arm-gnu-toolchain/bin/../lib/gcc/arm-none-eabi/6.3.1/../../../../arm-none-eabi/lib/thumb/v7e-m\libc.a(lib_a-exit.o) (__call_exitprocs)
d:/7.0/toolchain/arm/arm-gnu-toolchain/bin/../lib/gcc/arm-none-eabi/6.3.1/../../../../arm-none-eabi/lib/thumb/v7e-m\libc.a(lib_a-atexit.o)
                              d:/7.0/toolchain/arm/arm-gnu-toolchain/bin/../lib/gcc/arm-none-eabi/6.3.1/../../../../arm-none-eabi/lib/thumb/v7e-m\libc.a(lib_a-__call_atexit.o) (atexit)
[...]
Memory Configuration

Name             Origin             Length             Attributes
rom              0x00400000         0x00200000         xr
ram              0x20400000         0x00060000         xrw
*default*        0x00000000         0xffffffff

Linker script and memory map

LOAD d:/7.0/toolchain/arm/arm-gnu-toolchain/bin/../lib/gcc/arm-none-eabi/6.3.1/thumb/v7e-m/crti.o
LOAD d:/7.0/toolchain/arm/arm-gnu-toolchain/bin/../lib/gcc/arm-none-eabi/6.3.1/thumb/v7e-m/crtbegin.o
LOAD d:/7.0/toolchain/arm/arm-gnu-toolchain/bin/../lib/gcc/arm-none-eabi/6.3.1/../../../../arm-none-eabi/lib/thumb/v7e-m/crt0.o
LOAD src/ASF/common/components/touch/mxt/mxt_device_1.o
LOAD src/ASF/common/services/clock/same70/sysclk.o
LOAD src/ASF/common/services/delay/sam/cycle_counter.o
LOAD src/ASF/common/services/serial/usart_serial.o
LOAD src/ASF/common/services/spi/sam_spi/spi_master.o
LOAD src/ASF/common/utils/interrupt/interrupt_sam_nvic.o
LOAD src/ASF/common/utils/stdio/read.o
LOAD src/ASF/common/utils/stdio/write.o
LOAD src/ASF/sam/boards/same70_xplained/init.o
LOAD src/ASF/sam/components/display/ili9488/ili9488.o
LOAD src/ASF/sam/drivers/mpu/mpu.o
LOAD src/ASF/sam/drivers/pio/pio.o
LOAD src/ASF/sam/drivers/pio/pio_handler.o
LOAD src/ASF/sam/drivers/pmc/pmc.o
LOAD src/ASF/sam/drivers/pmc/sleep.o
LOAD src/ASF/sam/drivers/spi/spi.o
LOAD src/ASF/sam/drivers/twihs/twihs.o
LOAD src/ASF/sam/drivers/uart/uart.o
LOAD src/ASF/sam/drivers/usart/usart.o
LOAD src/ASF/sam/utils/cmsis/same70/source/templates/gcc/startup_same70.o
LOAD src/ASF/sam/utils/cmsis/same70/source/templates/system_same70.o
LOAD src/ASF/sam/utils/syscalls/gcc/syscalls.o
LOAD src/main.o
START GROUP
LOAD ../src/ASF/thirdparty/CMSIS/Lib/GCC\libarm_cortexM7lfsp_math_softfp.a
LOAD d:/7.0/toolchain/arm/arm-gnu-toolchain/bin/../lib/gcc/arm-none-eabi/6.3.1/../../../../arm-none-eabi/lib/thumb/v7e-m\libm.a
END GROUP
START GROUP
LOAD d:/7.0/toolchain/arm/arm-gnu-toolchain/bin/../lib/gcc/arm-none-eabi/6.3.1/thumb/v7e-m\libgcc.a
LOAD d:/7.0/toolchain/arm/arm-gnu-toolchain/bin/../lib/gcc/arm-none-eabi/6.3.1/../../../../arm-none-eabi/lib/thumb/v7e-m\libc.a
END GROUP
LOAD d:/7.0/toolchain/arm/arm-gnu-toolchain/bin/../lib/gcc/arm-none-eabi/6.3.1/thumb/v7e-m/crtend.o
LOAD d:/7.0/toolchain/arm/arm-gnu-toolchain/bin/../lib/gcc/arm-none-eabi/6.3.1/thumb/v7e-m/crtn.o
                0x00002000                STACK_SIZE = DEFINED (STACK_SIZE)?STACK_SIZE:0x2000
                0x2045fffc                __ram_end__ = ((ORIGIN (ram) + LENGTH (ram)) - 0x4)
                0x00000200                HEAP_SIZE = DEFINED (HEAP_SIZE)?HEAP_SIZE:0x200

.text           0x00400000    0x886cc
                0x00400000                . = ALIGN (0x4)
                0x00400000                _sfixed = .
 *(.vectors .vectors.*)
 .vectors       0x00400000      0x168 src/ASF/sam/utils/cmsis/same70/source/templates/gcc/startup_same70.o
                0x00400000                exception_table
 *(.text .text.* .gnu.linkonce.t.*)
 .text          0x00400168       0x6c d:/7.0/toolchain/arm/arm-gnu-toolchain/bin/../lib/gcc/arm-none-eabi/6.3.1/thumb/v7e-m/crtbegin.o
 .text.mxt_init_device
                0x004001d4      0x298 src/ASF/common/components/touch/mxt/mxt_device_1.o
                0x004001d4                mxt_init_device
 .text.mxt_get_object_address
                0x0040046c       0x40 src/ASF/common/components/touch/mxt/mxt_device_1.o
                0x0040046c                mxt_get_object_address
 .text.mxt_write_config_object
                0x004004ac       0x78 src/ASF/common/components/touch/mxt/mxt_device_1.o
                0x004004ac                mxt_write_config_object
 .text.mxt_write_config_reg
                0x00400524       0x48 src/ASF/common/components/touch/mxt/mxt_device_1.o
                0x00400524                mxt_write_config_reg
 .text.mxt_is_message_pending
                0x0040056c       0x24 src/ASF/common/components/touch/mxt/mxt_device_1.o
                0x0040056c                mxt_is_message_pending
 .text.mxt_read_message
                0x00400590       0x4c src/ASF/common/components/touch/mxt/mxt_device_1.o
                0x00400590                mxt_read_message
 .text.mxt_read_touch_event
                0x004005dc       0x70 src/ASF/common/components/touch/mxt/mxt_device_1.o
                0x004005dc                mxt_read_touch_event
 .text.sysclk_init
                0x0040064c       0x74 src/ASF/common/services/clock/same70/sysclk.o
                0x0040064c                sysclk_init
 .text.usart_serial_write_packet
                0x004006c0       0xd8 src/ASF/common/services/serial/usart_serial.o
                0x004006c0                usart_serial_write_packet
 .text.spi_master_init
                0x00400798       0x54 src/ASF/common/services/spi/sam_spi/spi_master.o
                0x00400798                spi_master_init
 .text.spi_master_setup_device
                0x004007ec       0x80 src/ASF/common/services/spi/sam_spi/spi_master.o
                0x004007ec                spi_master_setup_device
 .text.spi_select_device
                0x0040086c       0x30 src/ASF/common/services/spi/sam_spi/spi_master.o
                0x0040086c                spi_select_device
 .text.spi_write_packet
                0x0040089c       0x36 src/ASF/common/services/spi/sam_spi/spi_master.o
                0x0040089c                spi_write_packet
 .text.spi_read_packet
                0x004008d2       0x54 src/ASF/common/services/spi/sam_spi/spi_master.o
                0x004008d2                spi_read_packet
 *fill*         0x00400926        0x2 
 .text._read    0x00400928       0x3c src/ASF/common/utils/stdio/read.o
                0x00400928                _read
 .text._write   0x00400964       0x50 src/ASF/common/utils/stdio/write.o
                0x00400964                _write
 .text.board_init
                0x004009b4      0x2bc src/ASF/sam/boards/same70_xplained/init.o
                0x004009b4                board_init
 .text.ili9488_check_box_coordinates
                0x00400c70       0x56 src/ASF/sam/components/display/ili9488/ili9488.o
 *fill*         0x00400cc6        0x2 
 .text.ili9488_write_ram_prepare
                0x00400cc8       0x3c src/ASF/sam/components/display/ili9488/ili9488.o
 .text.ili9488_write_register
                0x00400d04       0x74 src/ASF/sam/components/display/ili9488/ili9488.o
 .text.ili9488_write_ram_buffer
                0x00400d78       0x40 src/ASF/sam/components/display/ili9488/ili9488.o
 .text.ili9488_delay
                0x00400db8       0x1c src/ASF/sam/components/display/ili9488/ili9488.o
                0x00400db8                ili9488_delay
 .text.ili9488_set_display_direction
                0x00400dd4       0x2c src/ASF/sam/components/display/ili9488/ili9488.o
                0x00400dd4                ili9488_set_display_direction
 .text.ili9488_set_window
                0x00400e00       0x80 src/ASF/sam/components/display/ili9488/ili9488.o
                0x00400e00                ili9488_set_window
 .text.ili9488_display_on
                0x00400e80       0x14 src/ASF/sam/components/display/ili9488/ili9488.o
                0x00400e80                ili9488_display_on
 .text.ili9488_set_foreground_color
                0x00400e94       0x28 src/ASF/sam/components/display/ili9488/ili9488.o
                0x00400e94                ili9488_set_foreground_color
 .text.ili9488_set_cursor_position
                0x00400ebc       0x64 src/ASF/sam/components/display/ili9488/ili9488.o
                0x00400ebc                ili9488_set_cursor_position
 .text.ili9488_init
                0x00400f20      0x1c4 src/ASF/sam/components/display/ili9488/ili9488.o
                0x00400f20                ili9488_init
 .text.ili9488_draw_filled_rectangle
                0x004010e4       0xbc src/ASF/sam/components/display/ili9488/ili9488.o
                0x004010e4                ili9488_draw_filled_rectangle
 .text.ili9488_draw_pixmap
                0x004011a0       0x78 src/ASF/sam/components/display/ili9488/ili9488.o
                0x004011a0                ili9488_draw_pixmap
 .text.pio_set_debounce_filter
                0x00401218       0x1a src/ASF/sam/drivers/pio/pio.o
                0x00401218                pio_set_debounce_filter
 .text.pio_set  0x00401232        0x4 src/ASF/sam/drivers/pio/pio.o
                0x00401232                pio_set
 .text.pio_clear
                0x00401236        0x4 src/ASF/sam/drivers/pio/pio.o
                0x00401236                pio_clear
 .text.pio_set_peripheral
                0x0040123a       0x92 src/ASF/sam/drivers/pio/pio.o
                0x0040123a                pio_set_peripheral
 .text.pio_set_input
                0x004012cc       0x36 src/ASF/sam/drivers/pio/pio.o
                0x004012cc                pio_set_input
 .text.pio_set_output
                0x00401302       0x28 src/ASF/sam/drivers/pio/pio.o
                0x00401302                pio_set_output
 *fill*         0x0040132a        0x2 
 .text.pio_configure
                0x0040132c       0x90 src/ASF/sam/drivers/pio/pio.o
                0x0040132c                pio_configure
 .text.pio_configure_interrupt
                0x004013bc       0x32 src/ASF/sam/drivers/pio/pio.o
                0x004013bc                pio_configure_interrupt
 .text.pio_enable_interrupt
                0x004013ee        0x4 src/ASF/sam/drivers/pio/pio.o
                0x004013ee                pio_enable_interrupt
 .text.pio_get_interrupt_status
                0x004013f2        0x4 src/ASF/sam/drivers/pio/pio.o
                0x004013f2                pio_get_interrupt_status
 .text.pio_get_interrupt_mask
                0x004013f6        0x4 src/ASF/sam/drivers/pio/pio.o
                0x004013f6                pio_get_interrupt_mask
 *fill*         0x004013fa        0x2 
 .text.pio_set_pin_high
                0x004013fc       0x1c src/ASF/sam/drivers/pio/pio.o
                0x004013fc                pio_set_pin_high
 .text.pio_set_pin_low
                0x00401418       0x1c src/ASF/sam/drivers/pio/pio.o
                0x00401418                pio_set_pin_low
 .text.pio_configure_pin
                0x00401434      0x130 src/ASF/sam/drivers/pio/pio.o
                0x00401434                pio_configure_pin
 .text.pio_handler_process
                0x00401564       0x50 src/ASF/sam/drivers/pio/pio_handler.o
                0x00401564                pio_handler_process
 .text.pio_handler_set
                0x004015b4       0x70 src/ASF/sam/drivers/pio/pio_handler.o
                0x004015b4                pio_handler_set
 .text.PIOA_Handler
                0x00401624       0x14 src/ASF/sam/drivers/pio/pio_handler.o
                0x00401624                PIOA_Handler
 .text.PIOB_Handler
                0x00401638       0x14 src/ASF/sam/drivers/pio/pio_handler.o
                0x00401638                PIOB_Handler
 .text.PIOC_Handler
                0x0040164c       0x14 src/ASF/sam/drivers/pio/pio_handler.o
                0x0040164c                PIOC_Handler
 .text.PIOD_Handler
                0x00401660       0x14 src/ASF/sam/drivers/pio/pio_handler.o
                0x00401660                PIOD_Handler
 .text.PIOE_Handler
                0x00401674       0x14 src/ASF/sam/drivers/pio/pio_handler.o
                0x00401674                PIOE_Handler
 .text.pmc_mck_set_division
                0x00401688       0x38 src/ASF/sam/drivers/pmc/pmc.o
                0x00401688                pmc_mck_set_division
 .text.pmc_switch_mck_to_pllack
                0x004016c0       0x64 src/ASF/sam/drivers/pmc/pmc.o
                0x004016c0                pmc_switch_mck_to_pllack
 .text.pmc_switch_mainck_to_xtal
                0x00401724       0x54 src/ASF/sam/drivers/pmc/pmc.o
                0x00401724                pmc_switch_mainck_to_xtal
 .text.pmc_osc_is_ready_mainck
                0x00401778       0x10 src/ASF/sam/drivers/pmc/pmc.o
                0x00401778                pmc_osc_is_ready_mainck
 .text.pmc_disable_pllack
                0x00401788       0x10 src/ASF/sam/drivers/pmc/pmc.o
                0x00401788                pmc_disable_pllack
 .text.pmc_is_locked_pllack
                0x00401798       0x10 src/ASF/sam/drivers/pmc/pmc.o
                0x00401798                pmc_is_locked_pllack
 .text.pmc_enable_periph_clk
                0x004017a8       0x20 src/ASF/sam/drivers/pmc/pmc.o
                0x004017a8                pmc_enable_periph_clk
 .text.spi_enable_clock
                0x004017c8       0x2c src/ASF/sam/drivers/spi/spi.o
                0x004017c8                spi_enable_clock
 .text.spi_set_peripheral_chip_select_value
                0x004017f4       0x16 src/ASF/sam/drivers/spi/spi.o
                0x004017f4                spi_set_peripheral_chip_select_value
 .text.spi_set_delay_between_chip_select
                0x0040180a       0x12 src/ASF/sam/drivers/spi/spi.o
                0x0040180a                spi_set_delay_between_chip_select
 .text.spi_write
                0x0040181c       0x34 src/ASF/sam/drivers/spi/spi.o
                0x0040181c                spi_write
 .text.spi_set_clock_polarity
                0x00401850       0x1e src/ASF/sam/drivers/spi/spi.o
                0x00401850                spi_set_clock_polarity
 .text.spi_set_clock_phase
                0x0040186e       0x1e src/ASF/sam/drivers/spi/spi.o
                0x0040186e                spi_set_clock_phase
 .text.spi_configure_cs_behavior
                0x0040188c       0x46 src/ASF/sam/drivers/spi/spi.o
                0x0040188c                spi_configure_cs_behavior
 .text.spi_set_bits_per_transfer
                0x004018d2       0x14 src/ASF/sam/drivers/spi/spi.o
                0x004018d2                spi_set_bits_per_transfer
 .text.spi_calc_baudrate_div
                0x004018e6       0x16 src/ASF/sam/drivers/spi/spi.o
                0x004018e6                spi_calc_baudrate_div
 .text.spi_set_baudrate_div
                0x004018fc       0x28 src/ASF/sam/drivers/spi/spi.o
                0x004018fc                spi_set_baudrate_div
 .text.spi_set_transfer_delay
                0x00401924       0x1e src/ASF/sam/drivers/spi/spi.o
                0x00401924                spi_set_transfer_delay
 *fill*         0x00401942        0x2 
 .text.twihs_set_speed
                0x00401944       0xb0 src/ASF/sam/drivers/twihs/twihs.o
                0x00401944                twihs_set_speed
 .text.twihs_master_init
                0x004019f4       0x34 src/ASF/sam/drivers/twihs/twihs.o
                0x004019f4                twihs_master_init
 .text.twihs_master_read
                0x00401a28       0xac src/ASF/sam/drivers/twihs/twihs.o
                0x00401a28                twihs_master_read
 .text.twihs_master_write
                0x00401ad4       0xa0 src/ASF/sam/drivers/twihs/twihs.o
                0x00401ad4                twihs_master_write
 .text.uart_write
                0x00401b74       0x12 src/ASF/sam/drivers/uart/uart.o
                0x00401b74                uart_write
 .text.uart_read
                0x00401b86       0x14 src/ASF/sam/drivers/uart/uart.o
                0x00401b86                uart_read
 .text.usart_set_async_baudrate
                0x00401b9a       0x5a src/ASF/sam/drivers/usart/usart.o
                0x00401b9a                usart_set_async_baudrate
 .text.usart_reset
                0x00401bf4       0x28 src/ASF/sam/drivers/usart/usart.o
                0x00401bf4                usart_reset
 .text.usart_init_rs232
                0x00401c1c       0x54 src/ASF/sam/drivers/usart/usart.o
                0x00401c1c                usart_init_rs232
 .text.usart_enable_tx
                0x00401c70        0x6 src/ASF/sam/drivers/usart/usart.o
                0x00401c70                usart_enable_tx
 .text.usart_enable_rx
                0x00401c76        0x6 src/ASF/sam/drivers/usart/usart.o
                0x00401c76                usart_enable_rx
 .text.usart_write
                0x00401c7c       0x16 src/ASF/sam/drivers/usart/usart.o
                0x00401c7c                usart_write
 .text.usart_read
                0x00401c92       0x18 src/ASF/sam/drivers/usart/usart.o
                0x00401c92                usart_read
 .text.Dummy_Handler
                0x00401caa        0x2 src/ASF/sam/utils/cmsis/same70/source/templates/gcc/startup_same70.o
                0x00401caa                DACC_Handler
                0x00401caa                DebugMon_Handler
                0x00401caa                UART3_Handler
                0x00401caa                UART2_Handler
                0x00401caa                TRNG_Handler
                0x00401caa                HardFault_Handler
                0x00401caa                TC2_Handler
                0x00401caa                SysTick_Handler
                0x00401caa                AFEC1_Handler
                0x00401caa                PendSV_Handler
                0x00401caa                NMI_Handler
                0x00401caa                TC7_Handler
                0x00401caa                QSPI_Handler
                0x00401caa                ISI_Handler
                0x00401caa                MCAN0_INT0_Handler
                0x00401caa                TC9_Handler
                0x00401caa                RSWDT_Handler
                0x00401caa                USART0_Handler
                0x00401caa                RTT_Handler
                0x00401caa                USBHS_Handler
                0x00401caa                IXC_Handler
                0x00401caa                CCF_Handler
                0x00401caa                RTC_Handler
                0x00401caa                UsageFault_Handler
                0x00401caa                TC6_Handler
                0x00401caa                WDT_Handler
                0x00401caa                MCAN1_INT1_Handler
                0x00401caa                TC4_Handler
                0x00401caa                TC1_Handler
                0x00401caa                HSMCI_Handler
                0x00401caa                UART1_Handler
                0x00401caa                TC3_Handler
                0x00401caa                Dummy_Handler
                0x00401caa                TWIHS1_Handler
                0x00401caa                XDMAC_Handler
                0x00401caa                UART4_Handler
                0x00401caa                PWM1_Handler
                0x00401caa                USART1_Handler
                0x00401caa                PWM0_Handler
                0x00401caa                AFEC0_Handler
                0x00401caa                CCW_Handler
                0x00401caa                SSC_Handler
                0x00401caa                TC11_Handler
                0x00401caa                ACC_Handler
                0x00401caa                PMC_Handler
                0x00401caa                GMAC_Handler
                0x00401caa                MCAN0_INT1_Handler
                0x00401caa                GMAC_Q5_Handler
                0x00401caa                MemManage_Handler
                0x00401caa                SUPC_Handler
                0x00401caa                SVC_Handler
                0x00401caa                TC8_Handler
                0x00401caa                MCAN1_INT0_Handler
                0x00401caa                EFC_Handler
                0x00401caa                GMAC_Q1_Handler
                0x00401caa                USART2_Handler
                0x00401caa                SDRAMC_Handler
                0x00401caa                GMAC_Q2_Handler
                0x00401caa                SPI1_Handler
                0x00401caa                TC10_Handler
                0x00401caa                GMAC_Q3_Handler
                0x00401caa                TWIHS2_Handler
                0x00401caa                I2SC0_Handler
                0x00401caa                UART0_Handler
                0x00401caa                I2SC1_Handler
                0x00401caa                GMAC_Q4_Handler
                0x00401caa                FPU_Handler
                0x00401caa                BusFault_Handler
                0x00401caa                RSTC_Handler
                0x00401caa                TC0_Handler
                0x00401caa                TC5_Handler
                0x00401caa                ICM_Handler
                0x00401caa                AES_Handler
                0x00401caa                TWIHS0_Handler
                0x00401caa                SPI0_Handler
 .text.Reset_Handler
                0x00401cac       0xc8 src/ASF/sam/utils/cmsis/same70/source/templates/gcc/startup_same70.o
                0x00401cac                Reset_Handler
 .text.SystemCoreClockUpdate
                0x00401d74      0x10c src/ASF/sam/utils/cmsis/same70/source/templates/system_same70.o
                0x00401d74                SystemCoreClockUpdate
 .text.system_init_flash
                0x00401e80       0x8c src/ASF/sam/utils/cmsis/same70/source/templates/system_same70.o
                0x00401e80                system_init_flash
 .text._sbrk    0x00401f0c       0x38 src/ASF/sam/utils/syscalls/gcc/syscalls.o
                0x00401f0c                _sbrk
 .text._close   0x00401f44        0x6 src/ASF/sam/utils/syscalls/gcc/syscalls.o
                0x00401f44                _close
 .text._fstat   0x00401f4a        0xa src/ASF/sam/utils/syscalls/gcc/syscalls.o
                0x00401f4a                _fstat
 .text._lseek   0x00401f54        0x4 src/ASF/sam/utils/syscalls/gcc/syscalls.o
                0x00401f54                _lseek
 .text.PORTA_callback
                0x00401f58       0x1c src/main.o
                0x00401f58                PORTA_callback
 .text.safe_callback
                0x00401f74       0x14 src/main.o
                0x00401f74                safe_callback
 .text.usart_serial_getchar
                0x00401f88       0xdc src/main.o
 .text.usart_serial_putchar
                0x00402064       0xd4 src/main.o
 .text.initMenuOrder
                0x00402138       0x34 src/main.o
                0x00402138                initMenuOrder
 .text.io_init  0x0040216c       0xbc src/main.o
                0x0040216c                io_init
 .text.font_draw_text
                0x00402228       0x60 src/main.o
                0x00402228                font_draw_text
 .text.draw_screen
                0x00402288       0x28 src/main.o
                0x00402288                draw_screen
 .text.draw_lock
                0x004022b0       0x70 src/main.o
                0x004022b0                draw_lock
 .text.draw_next
                0x00402320       0x54 src/main.o
                0x00402320                draw_next
 .text.draw_prev
                0x00402374       0x50 src/main.o
                0x00402374                draw_prev
 .text.draw_mode
                0x004023c4       0x68 src/main.o
                0x004023c4                draw_mode
 .text.draw_play_pause
                0x0040242c       0x3c src/main.o
                0x0040242c                draw_play_pause
 .text.update_screen
                0x00402468      0x160 src/main.o
                0x00402468                update_screen
 .text.mxt_handler
                0x004025c8       0xc8 src/main.o
                0x004025c8                mxt_handler
 .text.led_update
                0x00402690       0x28 src/main.o
                0x00402690                led_update
 .text.main     0x004026b8      0x318 src/main.o
                0x004026b8                main
 .text.__libc_init_array
                0x004029d0       0x50 d:/7.0/toolchain/arm/arm-gnu-toolchain/bin/../lib/gcc/arm-none-eabi/6.3.1/../../../../arm-none-eabi/lib/thumb/v7e-m\libc.a(lib_a-init.o)
                0x004029d0                __libc_init_array
 .text.malloc   0x00402a20       0x10 d:/7.0/toolchain/arm/arm-gnu-toolchain/bin/../lib/gcc/arm-none-eabi/6.3.1/../../../../arm-none-eabi/lib/thumb/v7e-m\libc.a(lib_a-malloc.o)
                0x00402a20                malloc
 .text._malloc_r
                0x00402a30      0x560 d:/7.0/toolchain/arm/arm-gnu-toolchain/bin/../lib/gcc/arm-none-eabi/6.3.1/../../../../arm-none-eabi/lib/thumb/v7e-m\libc.a(lib_a-mallocr.o)
                0x00402a30                _malloc_r
 .text.memset   0x00402f90       0x9c d:/7.0/toolchain/arm/arm-gnu-toolchain/bin/../lib/gcc/arm-none-eabi/6.3.1/../../../../arm-none-eabi/lib/thumb/v7e-m\libc.a(lib_a-memset.o)
                0x00402f90                memset
 .text.__malloc_lock
                0x0040302c        0xc d:/7.0/toolchain/arm/arm-gnu-toolchain/bin/../lib/gcc/arm-none-eabi/6.3.1/../../../../arm-none-eabi/lib/thumb/v7e-m\libc.a(lib_a-mlock.o)
                0x0040302c                __malloc_lock
 .text.__malloc_unlock
                0x00403038        0xc d:/7.0/toolchain/arm/arm-gnu-toolchain/bin/../lib/gcc/arm-none-eabi/6.3.1/../../../../arm-none-eabi/lib/thumb/v7e-m\libc.a(lib_a-mlock.o)
                0x00403038                __malloc_unlock
 .text._sbrk_r  0x00403044       0x24 d:/7.0/toolchain/arm/arm-gnu-toolchain/bin/../lib/gcc/arm-none-eabi/6.3.1/../../../../arm-none-eabi/lib/thumb/v7e-m\libc.a(lib_a-sbrkr.o)
                0x00403044                _sbrk_r
 .text.setbuf   0x00403068       0x10 d:/7.0/toolchain/arm/arm-gnu-toolchain/bin/../lib/gcc/arm-none-eabi/6.3.1/../../../../arm-none-eabi/lib/thumb/v7e-m\libc.a(lib_a-setbuf.o)
                0x00403068                setbuf
 .text.setvbuf  0x00403078      0x190 d:/7.0/toolchain/arm/arm-gnu-toolchain/bin/../lib/gcc/arm-none-eabi/6.3.1/../../../../arm-none-eabi/lib/thumb/v7e-m\libc.a(lib_a-setvbuf.o)
                0x00403078                setvbuf
 .text.sprintf  0x00403208       0x4c d:/7.0/toolchain/arm/arm-gnu-toolchain/bin/../lib/gcc/arm-none-eabi/6.3.1/../../../../arm-none-eabi/lib/thumb/v7e-m\libc.a(lib_a-sprintf.o)
                0x00403208                sprintf
 .text.strcat   0x00403254       0x40 d:/7.0/toolchain/arm/arm-gnu-toolchain/bin/../lib/gcc/arm-none-eabi/6.3.1/../../../../arm-none-eabi/lib/thumb/v7e-m\libc.a(lib_a-strcat.o)
                0x00403254                strcat
 .text.strcpy   0x00403294       0xbc d:/7.0/toolchain/arm/arm-gnu-toolchain/bin/../lib/gcc/arm-none-eabi/6.3.1/../../../../arm-none-eabi/lib/thumb/v7e-m\libc.a(lib_a-strcpy.o)
                0x00403294                strcpy
 *fill*         0x00403350       0x30 
 .text          0x00403380       0xdc d:/7.0/toolchain/arm/arm-gnu-toolchain/bin/../lib/gcc/arm-none-eabi/6.3.1/../../../../arm-none-eabi/lib/thumb/v7e-m\libc.a(lib_a-strlen.o)
                0x00403380                strlen
 .text._svfprintf_r
                0x0040345c     0x145c d:/7.0/toolchain/arm/arm-gnu-toolchain/bin/../lib/gcc/arm-none-eabi/6.3.1/../../../../arm-none-eabi/lib/thumb/v7e-m\libc.a(lib_a-svfprintf.o)
                0x0040345c                _svfprintf_r
 .text.startup.register_fini
                0x004048b8       0x14 d:/7.0/toolchain/arm/arm-gnu-toolchain/bin/../lib/gcc/arm-none-eabi/6.3.1/../../../../arm-none-eabi/lib/thumb/v7e-m\libc.a(lib_a-__call_atexit.o)
 .text.atexit   0x004048cc        0xc d:/7.0/toolchain/arm/arm-gnu-toolchain/bin/../lib/gcc/arm-none-eabi/6.3.1/../../../../arm-none-eabi/lib/thumb/v7e-m\libc.a(lib_a-atexit.o)
                0x004048cc                atexit
 .text.quorem   0x004048d8      0x128 d:/7.0/toolchain/arm/arm-gnu-toolchain/bin/../lib/gcc/arm-none-eabi/6.3.1/../../../../arm-none-eabi/lib/thumb/v7e-m\libc.a(lib_a-dtoa.o)
 .text._dtoa_r  0x00404a00      0xe54 d:/7.0/toolchain/arm/arm-gnu-toolchain/bin/../lib/gcc/arm-none-eabi/6.3.1/../../../../arm-none-eabi/lib/thumb/v7e-m\libc.a(lib_a-dtoa.o)
                0x00404a00                _dtoa_r
 .text.__sflush_r
                0x00405854      0x140 d:/7.0/toolchain/arm/arm-gnu-toolchain/bin/../lib/gcc/arm-none-eabi/6.3.1/../../../../arm-none-eabi/lib/thumb/v7e-m\libc.a(lib_a-fflush.o)
                0x00405854                __sflush_r
 .text._fflush_r
                0x00405994       0x54 d:/7.0/toolchain/arm/arm-gnu-toolchain/bin/../lib/gcc/arm-none-eabi/6.3.1/../../../../arm-none-eabi/lib/thumb/v7e-m\libc.a(lib_a-fflush.o)
                0x00405994                _fflush_r
 .text._cleanup_r
                0x004059e8        0xc d:/7.0/toolchain/arm/arm-gnu-toolchain/bin/../lib/gcc/arm-none-eabi/6.3.1/../../../../arm-none-eabi/lib/thumb/v7e-m\libc.a(lib_a-findfp.o)
                0x004059e8                _cleanup_r
 .text.std.isra.0
                0x004059f4       0x50 d:/7.0/toolchain/arm/arm-gnu-toolchain/bin/../lib/gcc/arm-none-eabi/6.3.1/../../../../arm-none-eabi/lib/thumb/v7e-m\libc.a(lib_a-findfp.o)
 .text.__sinit  0x00405a44       0x58 d:/7.0/toolchain/arm/arm-gnu-toolchain/bin/../lib/gcc/arm-none-eabi/6.3.1/../../../../arm-none-eabi/lib/thumb/v7e-m\libc.a(lib_a-findfp.o)
                0x00405a44                __sinit
 .text.__sfp_lock_acquire
                0x00405a9c        0xc d:/7.0/toolchain/arm/arm-gnu-toolchain/bin/../lib/gcc/arm-none-eabi/6.3.1/../../../../arm-none-eabi/lib/thumb/v7e-m\libc.a(lib_a-findfp.o)
                0x00405a9c                __sfp_lock_acquire
 .text.__sfp_lock_release
                0x00405aa8        0xc d:/7.0/toolchain/arm/arm-gnu-toolchain/bin/../lib/gcc/arm-none-eabi/6.3.1/../../../../arm-none-eabi/lib/thumb/v7e-m\libc.a(lib_a-findfp.o)
                0x00405aa8                __sfp_lock_release
 .text.__libc_fini_array
                0x00405ab4       0x34 d:/7.0/toolchain/arm/arm-gnu-toolchain/bin/../lib/gcc/arm-none-eabi/6.3.1/../../../../arm-none-eabi/lib/thumb/v7e-m\libc.a(lib_a-fini.o)
                0x00405ab4                __libc_fini_array
 .text._malloc_trim_r
                0x00405ae8       0xa0 d:/7.0/toolchain/arm/arm-gnu-toolchain/bin/../lib/gcc/arm-none-eabi/6.3.1/../../../../arm-none-eabi/lib/thumb/v7e-m\libc.a(lib_a-freer.o)
                0x00405ae8                _malloc_trim_r
 .text._free_r  0x00405b88      0x1cc d:/7.0/toolchain/arm/arm-gnu-toolchain/bin/../lib/gcc/arm-none-eabi/6.3.1/../../../../arm-none-eabi/lib/thumb/v7e-m\libc.a(lib_a-freer.o)
                0x00405b88                _free_r
 .text._fwalk_reent
                0x00405d54       0x54 d:/7.0/toolchain/arm/arm-gnu-toolchain/bin/../lib/gcc/arm-none-eabi/6.3.1/../../../../arm-none-eabi/lib/thumb/v7e-m\libc.a(lib_a-fwalk.o)
                0x00405d54                _fwalk_reent
 .text._localeconv_r
                0x00405da8       0x1c d:/7.0/toolchain/arm/arm-gnu-toolchain/bin/../lib/gcc/arm-none-eabi/6.3.1/../../../../arm-none-eabi/lib/thumb/v7e-m\libc.a(lib_a-localeconv.o)
                0x00405da8                _localeconv_r
 .text.__retarget_lock_init_recursive
                0x00405dc4        0x4 d:/7.0/toolchain/arm/arm-gnu-toolchain/bin/../lib/gcc/arm-none-eabi/6.3.1/../../../../arm-none-eabi/lib/thumb/v7e-m\libc.a(lib_a-lock.o)
                0x00405dc4                __retarget_lock_init_recursive
 .text.__retarget_lock_close_recursive
                0x00405dc8        0x4 d:/7.0/toolchain/arm/arm-gnu-toolchain/bin/../lib/gcc/arm-none-eabi/6.3.1/../../../../arm-none-eabi/lib/thumb/v7e-m\libc.a(lib_a-lock.o)
                0x00405dc8                __retarget_lock_close_recursive
 .text.__retarget_lock_acquire_recursive
                0x00405dcc        0x4 d:/7.0/toolchain/arm/arm-gnu-toolchain/bin/../lib/gcc/arm-none-eabi/6.3.1/../../../../arm-none-eabi/lib/thumb/v7e-m\libc.a(lib_a-lock.o)
                0x00405dcc                __retarget_lock_acquire_recursive
 .text.__retarget_lock_release_recursive
                0x00405dd0        0x4 d:/7.0/toolchain/arm/arm-gnu-toolchain/bin/../lib/gcc/arm-none-eabi/6.3.1/../../../../arm-none-eabi/lib/thumb/v7e-m\libc.a(lib_a-lock.o)
                0x00405dd0                __retarget_lock_release_recursive
 .text.__swhatbuf_r
                0x00405dd4       0x5c d:/7.0/toolchain/arm/arm-gnu-toolchain/bin/../lib/gcc/arm-none-eabi/6.3.1/../../../../arm-none-eabi/lib/thumb/v7e-m\libc.a(lib_a-makebuf.o)
                0x00405dd4                __swhatbuf_r
 .text          0x00405e30       0xa0 d:/7.0/toolchain/arm/arm-gnu-toolchain/bin/../lib/gcc/arm-none-eabi/6.3.1/../../../../arm-none-eabi/lib/thumb/v7e-m\libc.a(lib_a-memchr.o)
                0x00405e30                memchr
 .text          0x00405ed0      0x134 d:/7.0/toolchain/arm/arm-gnu-toolchain/bin/../lib/gcc/arm-none-eabi/6.3.1/../../../../arm-none-eabi/lib/thumb/v7e-m\libc.a(lib_a-memcpy.o)
                0x00405ed0                memcpy
 .text._Balloc  0x00406004       0x4c d:/7.0/toolchain/arm/arm-gnu-toolchain/bin/../lib/gcc/arm-none-eabi/6.3.1/../../../../arm-none-eabi/lib/thumb/v7e-m\libc.a(lib_a-mprec.o)
                0x00406004                _Balloc
 .text._Bfree   0x00406050       0x14 d:/7.0/toolchain/arm/arm-gnu-toolchain/bin/../lib/gcc/arm-none-eabi/6.3.1/../../../../arm-none-eabi/lib/thumb/v7e-m\libc.a(lib_a-mprec.o)
                0x00406050                _Bfree
 .text.__multadd
                0x00406064       0x80 d:/7.0/toolchain/arm/arm-gnu-toolchain/bin/../lib/gcc/arm-none-eabi/6.3.1/../../../../arm-none-eabi/lib/thumb/v7e-m\libc.a(lib_a-mprec.o)
                0x00406064                __multadd
 .text.__hi0bits
                0x004060e4       0x40 d:/7.0/toolchain/arm/arm-gnu-toolchain/bin/../lib/gcc/arm-none-eabi/6.3.1/../../../../arm-none-eabi/lib/thumb/v7e-m\libc.a(lib_a-mprec.o)
                0x004060e4                __hi0bits
 .text.__lo0bits
                0x00406124       0x60 d:/7.0/toolchain/arm/arm-gnu-toolchain/bin/../lib/gcc/arm-none-eabi/6.3.1/../../../../arm-none-eabi/lib/thumb/v7e-m\libc.a(lib_a-mprec.o)
                0x00406124                __lo0bits
 .text.__i2b    0x00406184       0x14 d:/7.0/toolchain/arm/arm-gnu-toolchain/bin/../lib/gcc/arm-none-eabi/6.3.1/../../../../arm-none-eabi/lib/thumb/v7e-m\libc.a(lib_a-mprec.o)
                0x00406184                __i2b
 .text.__multiply
                0x00406198      0x124 d:/7.0/toolchain/arm/arm-gnu-toolchain/bin/../lib/gcc/arm-none-eabi/6.3.1/../../../../arm-none-eabi/lib/thumb/v7e-m\libc.a(lib_a-mprec.o)
                0x00406198                __multiply
 .text.__pow5mult
                0x004062bc       0xa0 d:/7.0/toolchain/arm/arm-gnu-toolchain/bin/../lib/gcc/arm-none-eabi/6.3.1/../../../../arm-none-eabi/lib/thumb/v7e-m\libc.a(lib_a-mprec.o)
                0x004062bc                __pow5mult
 .text.__lshift
                0x0040635c       0xa4 d:/7.0/toolchain/arm/arm-gnu-toolchain/bin/../lib/gcc/arm-none-eabi/6.3.1/../../../../arm-none-eabi/lib/thumb/v7e-m\libc.a(lib_a-mprec.o)
                0x0040635c                __lshift
 .text.__mcmp   0x00406400       0x38 d:/7.0/toolchain/arm/arm-gnu-toolchain/bin/../lib/gcc/arm-none-eabi/6.3.1/../../../../arm-none-eabi/lib/thumb/v7e-m\libc.a(lib_a-mprec.o)
                0x00406400                __mcmp
 .text.__mdiff  0x00406438      0x108 d:/7.0/toolchain/arm/arm-gnu-toolchain/bin/../lib/gcc/arm-none-eabi/6.3.1/../../../../arm-none-eabi/lib/thumb/v7e-m\libc.a(lib_a-mprec.o)
                0x00406438                __mdiff
 .text.__d2b    0x00406540       0xb8 d:/7.0/toolchain/arm/arm-gnu-toolchain/bin/../lib/gcc/arm-none-eabi/6.3.1/../../../../arm-none-eabi/lib/thumb/v7e-m\libc.a(lib_a-mprec.o)
                0x00406540                __d2b
 .text.__sread  0x004065f8       0x24 d:/7.0/toolchain/arm/arm-gnu-toolchain/bin/../lib/gcc/arm-none-eabi/6.3.1/../../../../arm-none-eabi/lib/thumb/v7e-m\libc.a(lib_a-stdio.o)
                0x004065f8                __sread
 .text.__swrite
                0x0040661c       0x3c d:/7.0/toolchain/arm/arm-gnu-toolchain/bin/../lib/gcc/arm-none-eabi/6.3.1/../../../../arm-none-eabi/lib/thumb/v7e-m\libc.a(lib_a-stdio.o)
                0x0040661c                __swrite
 .text.__sseek  0x00406658       0x20 d:/7.0/toolchain/arm/arm-gnu-toolchain/bin/../lib/gcc/arm-none-eabi/6.3.1/../../../../arm-none-eabi/lib/thumb/v7e-m\libc.a(lib_a-stdio.o)
                0x00406658                __sseek
 .text.__sclose
                0x00406678        0x8 d:/7.0/toolchain/arm/arm-gnu-toolchain/bin/../lib/gcc/arm-none-eabi/6.3.1/../../../../arm-none-eabi/lib/thumb/v7e-m\libc.a(lib_a-stdio.o)
                0x00406678                __sclose
 .text.__ssprint_r
                0x00406680       0xfc d:/7.0/toolchain/arm/arm-gnu-toolchain/bin/../lib/gcc/arm-none-eabi/6.3.1/../../../../arm-none-eabi/lib/thumb/v7e-m\libc.a(lib_a-svfiprintf.o)
                0x00406680                __ssprint_r
 .text._write_r
                0x0040677c       0x2c d:/7.0/toolchain/arm/arm-gnu-toolchain/bin/../lib/gcc/arm-none-eabi/6.3.1/../../../../arm-none-eabi/lib/thumb/v7e-m\libc.a(lib_a-writer.o)
                0x0040677c                _write_r
 .text.__register_exitproc
                0x004067a8       0xc4 d:/7.0/toolchain/arm/arm-gnu-toolchain/bin/../lib/gcc/arm-none-eabi/6.3.1/../../../../arm-none-eabi/lib/thumb/v7e-m\libc.a(lib_a-__atexit.o)
                0x004067a8                __register_exitproc
 .text._calloc_r
                0x0040686c       0x60 d:/7.0/toolchain/arm/arm-gnu-toolchain/bin/../lib/gcc/arm-none-eabi/6.3.1/../../../../arm-none-eabi/lib/thumb/v7e-m\libc.a(lib_a-callocr.o)
                0x0040686c                _calloc_r
 .text._close_r
                0x004068cc       0x24 d:/7.0/toolchain/arm/arm-gnu-toolchain/bin/../lib/gcc/arm-none-eabi/6.3.1/../../../../arm-none-eabi/lib/thumb/v7e-m\libc.a(lib_a-closer.o)
                0x004068cc                _close_r
 .text._fclose_r
                0x004068f0       0xc4 d:/7.0/toolchain/arm/arm-gnu-toolchain/bin/../lib/gcc/arm-none-eabi/6.3.1/../../../../arm-none-eabi/lib/thumb/v7e-m\libc.a(lib_a-fclose.o)
                0x004068f0                _fclose_r
 .text._fstat_r
                0x004069b4       0x28 d:/7.0/toolchain/arm/arm-gnu-toolchain/bin/../lib/gcc/arm-none-eabi/6.3.1/../../../../arm-none-eabi/lib/thumb/v7e-m\libc.a(lib_a-fstatr.o)
                0x004069b4                _fstat_r
 .text._lseek_r
                0x004069dc       0x2c d:/7.0/toolchain/arm/arm-gnu-toolchain/bin/../lib/gcc/arm-none-eabi/6.3.1/../../../../arm-none-eabi/lib/thumb/v7e-m\libc.a(lib_a-lseekr.o)
                0x004069dc                _lseek_r
 .text.__ascii_mbtowc
                0x00406a08       0x2c d:/7.0/toolchain/arm/arm-gnu-toolchain/bin/../lib/gcc/arm-none-eabi/6.3.1/../../../../arm-none-eabi/lib/thumb/v7e-m\libc.a(lib_a-mbtowc_r.o)
                0x00406a08                __ascii_mbtowc
 .text.memmove  0x00406a34       0xc8 d:/7.0/toolchain/arm/arm-gnu-toolchain/bin/../lib/gcc/arm-none-eabi/6.3.1/../../../../arm-none-eabi/lib/thumb/v7e-m\libc.a(lib_a-memmove.o)
                0x00406a34                memmove
 .text._read_r  0x00406afc       0x2c d:/7.0/toolchain/arm/arm-gnu-toolchain/bin/../lib/gcc/arm-none-eabi/6.3.1/../../../../arm-none-eabi/lib/thumb/v7e-m\libc.a(lib_a-readr.o)
                0x00406afc                _read_r
 .text._realloc_r
                0x00406b28      0x34c d:/7.0/toolchain/arm/arm-gnu-toolchain/bin/../lib/gcc/arm-none-eabi/6.3.1/../../../../arm-none-eabi/lib/thumb/v7e-m\libc.a(lib_a-reallocr.o)
                0x00406b28                _realloc_r
 .text.__ascii_wctomb
                0x00406e74       0x1c d:/7.0/toolchain/arm/arm-gnu-toolchain/bin/../lib/gcc/arm-none-eabi/6.3.1/../../../../arm-none-eabi/lib/thumb/v7e-m\libc.a(lib_a-wctomb_r.o)
                0x00406e74                __ascii_wctomb
 .text          0x00406e90      0x370 d:/7.0/toolchain/arm/arm-gnu-toolchain/bin/../lib/gcc/arm-none-eabi/6.3.1/thumb/v7e-m\libgcc.a(_arm_addsubdf3.o)
                0x00406e90                __aeabi_drsub
                0x00406e98                __aeabi_dsub
                0x00406e98                __subdf3
                0x00406e9c                __aeabi_dadd
                0x00406e9c                __adddf3
                0x00407114                __floatunsidf
                0x00407114                __aeabi_ui2d
                0x00407134                __floatsidf
                0x00407134                __aeabi_i2d
                0x00407158                __aeabi_f2d
                0x00407158                __extendsfdf2
                0x00407194                __floatundidf
                0x00407194                __aeabi_ul2d
                0x004071a4                __floatdidf
                0x004071a4                __aeabi_l2d
 .text          0x00407200      0x424 d:/7.0/toolchain/arm/arm-gnu-toolchain/bin/../lib/gcc/arm-none-eabi/6.3.1/thumb/v7e-m\libgcc.a(_arm_muldivdf3.o)
                0x00407200                __aeabi_dmul
                0x00407200                __muldf3
                0x00407454                __divdf3
                0x00407454                __aeabi_ddiv
 .text          0x00407624      0x110 d:/7.0/toolchain/arm/arm-gnu-toolchain/bin/../lib/gcc/arm-none-eabi/6.3.1/thumb/v7e-m\libgcc.a(_arm_cmpdf2.o)
                0x00407624                __gtdf2
                0x00407624                __gedf2
                0x0040762c                __ltdf2
                0x0040762c                __ledf2
                0x00407634                __nedf2
                0x00407634                __eqdf2
                0x00407634                __cmpdf2
                0x004076b0                __aeabi_cdrcmple
                0x004076c0                __aeabi_cdcmpeq
                0x004076c0                __aeabi_cdcmple
                0x004076d0                __aeabi_dcmpeq
                0x004076e4                __aeabi_dcmplt
                0x004076f8                __aeabi_dcmple
                0x0040770c                __aeabi_dcmpge
                0x00407720                __aeabi_dcmpgt
 .text          0x00407734       0x2c d:/7.0/toolchain/arm/arm-gnu-toolchain/bin/../lib/gcc/arm-none-eabi/6.3.1/thumb/v7e-m\libgcc.a(_arm_unorddf2.o)
                0x00407734                __unorddf2
                0x00407734                __aeabi_dcmpun
 .text          0x00407760       0x50 d:/7.0/toolchain/arm/arm-gnu-toolchain/bin/../lib/gcc/arm-none-eabi/6.3.1/thumb/v7e-m\libgcc.a(_arm_fixdfsi.o)
                0x00407760                __aeabi_d2iz
                0x00407760                __fixdfsi
 .text          0x004077b0       0x30 d:/7.0/toolchain/arm/arm-gnu-toolchain/bin/../lib/gcc/arm-none-eabi/6.3.1/thumb/v7e-m\libgcc.a(_aeabi_uldivmod.o)
                0x004077b0                __aeabi_uldivmod
 .text          0x004077e0      0x2dc d:/7.0/toolchain/arm/arm-gnu-toolchain/bin/../lib/gcc/arm-none-eabi/6.3.1/thumb/v7e-m\libgcc.a(_udivmoddi4.o)
                0x004077e0                __udivmoddi4
 .text          0x00407abc        0x4 d:/7.0/toolchain/arm/arm-gnu-toolchain/bin/../lib/gcc/arm-none-eabi/6.3.1/thumb/v7e-m\libgcc.a(_dvmd_tls.o)
                0x00407abc                __aeabi_idiv0
                0x00407abc                __aeabi_ldiv0
 *(.glue_7t)
 .glue_7t       0x00407ac0        0x0 linker stubs
 *(.glue_7)
 .glue_7        0x00407ac0        0x0 linker stubs
 *(.rodata .rodata* .gnu.linkonce.r.*)
 .rodata        0x00407ac0       0x5d src/main.o
 *fill*         0x00407b1d        0x3 
 .rodata.calibri_36
                0x00407b20        0xc src/main.o
                0x00407b20                calibri_36
 .rodata.calibri_36_0x20
                0x00407b2c       0x10 src/main.o
 .rodata.calibri_36_0x21
                0x00407b3c       0x10 src/main.o
 .rodata.calibri_36_0x22
                0x00407b4c       0x10 src/main.o
 .rodata.calibri_36_0x23
                0x00407b5c       0x10 src/main.o
 .rodata.calibri_36_0x24
                0x00407b6c       0x10 src/main.o
 .rodata.calibri_36_0x25
                0x00407b7c       0x10 src/main.o
 .rodata.calibri_36_0x26
                0x00407b8c       0x10 src/main.o
 .rodata.calibri_36_0x27
                0x00407b9c       0x10 src/main.o
 .rodata.calibri_36_0x28
                0x00407bac       0x10 src/main.o
 .rodata.calibri_36_0x29
                0x00407bbc       0x10 src/main.o
 .rodata.calibri_36_0x2a
                0x00407bcc       0x10 src/main.o
 .rodata.calibri_36_0x2b
                0x00407bdc       0x10 src/main.o
 .rodata.calibri_36_0x2c
                0x00407bec       0x10 src/main.o
 .rodata.calibri_36_0x2d
                0x00407bfc       0x10 src/main.o
 .rodata.calibri_36_0x2e
                0x00407c0c       0x10 src/main.o
 .rodata.calibri_36_0x2f
                0x00407c1c       0x10 src/main.o
 .rodata.calibri_36_0x30
                0x00407c2c       0x10 src/main.o
 .rodata.calibri_36_0x31
                0x00407c3c       0x10 src/main.o
 .rodata.calibri_36_0x32
                0x00407c4c       0x10 src/main.o
 .rodata.calibri_36_0x33
                0x00407c5c       0x10 src/main.o
 .rodata.calibri_36_0x34
                0x00407c6c       0x10 src/main.o
 .rodata.calibri_36_0x35
                0x00407c7c       0x10 src/main.o
 .rodata.calibri_36_0x36
                0x00407c8c       0x10 src/main.o
 .rodata.calibri_36_0x37
                0x00407c9c       0x10 src/main.o
 .rodata.calibri_36_0x38
                0x00407cac       0x10 src/main.o
 .rodata.calibri_36_0x39
                0x00407cbc       0x10 src/main.o
 .rodata.calibri_36_0x3a
                0x00407ccc       0x10 src/main.o
 .rodata.calibri_36_0x3b
                0x00407cdc       0x10 src/main.o
 .rodata.calibri_36_0x3c
                0x00407cec       0x10 src/main.o
 .rodata.calibri_36_0x3d
                0x00407cfc       0x10 src/main.o
 .rodata.calibri_36_0x3e
                0x00407d0c       0x10 src/main.o
 .rodata.calibri_36_0x3f
                0x00407d1c       0x10 src/main.o
 .rodata.calibri_36_0x40
                0x00407d2c       0x10 src/main.o
 .rodata.calibri_36_0x41
                0x00407d3c       0x10 src/main.o
 .rodata.calibri_36_0x42
                0x00407d4c       0x10 src/main.o
 .rodata.calibri_36_0x43
                0x00407d5c       0x10 src/main.o
 .rodata.calibri_36_0x44
                0x00407d6c       0x10 src/main.o
 .rodata.calibri_36_0x45
                0x00407d7c       0x10 src/main.o
 .rodata.calibri_36_0x46
                0x00407d8c       0x10 src/main.o
 .rodata.calibri_36_0x47
                0x00407d9c       0x10 src/main.o
 .rodata.calibri_36_0x48
                0x00407dac       0x10 src/main.o
 .rodata.calibri_36_0x49
                0x00407dbc       0x10 src/main.o
 .rodata.calibri_36_0x4a
                0x00407dcc       0x10 src/main.o
 .rodata.calibri_36_0x4b
                0x00407ddc       0x10 src/main.o
 .rodata.calibri_36_0x4c
                0x00407dec       0x10 src/main.o
 .rodata.calibri_36_0x4d
                0x00407dfc       0x10 src/main.o
 .rodata.calibri_36_0x4e
                0x00407e0c       0x10 src/main.o
 .rodata.calibri_36_0x4f
                0x00407e1c       0x10 src/main.o
 .rodata.calibri_36_0x50
                0x00407e2c       0x10 src/main.o
 .rodata.calibri_36_0x51
                0x00407e3c       0x10 src/main.o
 .rodata.calibri_36_0x52
                0x00407e4c       0x10 src/main.o
 .rodata.calibri_36_0x53
                0x00407e5c       0x10 src/main.o
 .rodata.calibri_36_0x54
                0x00407e6c       0x10 src/main.o
 .rodata.calibri_36_0x55
                0x00407e7c       0x10 src/main.o
 .rodata.calibri_36_0x56
                0x00407e8c       0x10 src/main.o
 .rodata.calibri_36_0x57
                0x00407e9c       0x10 src/main.o
 .rodata.calibri_36_0x58
                0x00407eac       0x10 src/main.o
 .rodata.calibri_36_0x59
                0x00407ebc       0x10 src/main.o
 .rodata.calibri_36_0x5a
                0x00407ecc       0x10 src/main.o
 .rodata.calibri_36_0x5b
                0x00407edc       0x10 src/main.o
 .rodata.calibri_36_0x5c
                0x00407eec       0x10 src/main.o
 .rodata.calibri_36_0x5d
                0x00407efc       0x10 src/main.o
 .rodata.calibri_36_0x5e
                0x00407f0c       0x10 src/main.o
 .rodata.calibri_36_0x5f
                0x00407f1c       0x10 src/main.o
 .rodata.calibri_36_0x60
                0x00407f2c       0x10 src/main.o
 .rodata.calibri_36_0x61
                0x00407f3c       0x10 src/main.o
 .rodata.calibri_36_0x62
                0x00407f4c       0x10 src/main.o
 .rodata.calibri_36_0x63
                0x00407f5c       0x10 src/main.o
 .rodata.calibri_36_0x64
                0x00407f6c       0x10 src/main.o
 .rodata.calibri_36_0x65
                0x00407f7c       0x10 src/main.o
 .rodata.calibri_36_0x66
                0x00407f8c       0x10 src/main.o
 .rodata.calibri_36_0x67
                0x00407f9c       0x10 src/main.o
 .rodata.calibri_36_0x68
                0x00407fac       0x10 src/main.o
 .rodata.calibri_36_0x69
                0x00407fbc       0x10 src/main.o
 .rodata.calibri_36_0x6a
                0x00407fcc       0x10 src/main.o
 .rodata.calibri_36_0x6b
                0x00407fdc       0x10 src/main.o
 .rodata.calibri_36_0x6c
                0x00407fec       0x10 src/main.o
 .rodata.calibri_36_0x6d
                0x00407ffc       0x10 src/main.o
 .rodata.calibri_36_0x6e
                0x0040800c       0x10 src/main.o
 .rodata.calibri_36_0x6f
                0x0040801c       0x10 src/main.o
 .rodata.calibri_36_0x70
                0x0040802c       0x10 src/main.o
 .rodata.calibri_36_0x71
                0x0040803c       0x10 src/main.o
 .rodata.calibri_36_0x72
                0x0040804c       0x10 src/main.o
 .rodata.calibri_36_0x73
                0x0040805c       0x10 src/main.o
 .rodata.calibri_36_0x74
                0x0040806c       0x10 src/main.o
 .rodata.calibri_36_0x75
                0x0040807c       0x10 src/main.o
 .rodata.calibri_36_0x76
                0x0040808c       0x10 src/main.o
 .rodata.calibri_36_0x77
                0x0040809c       0x10 src/main.o
 .rodata.calibri_36_0x78
                0x004080ac       0x10 src/main.o
 .rodata.calibri_36_0x79
                0x004080bc       0x10 src/main.o
 .rodata.calibri_36_0x7a
                0x004080cc       0x10 src/main.o
 .rodata.calibri_36_0x7b
                0x004080dc       0x10 src/main.o
 .rodata.calibri_36_0x7c
                0x004080ec       0x10 src/main.o
 .rodata.calibri_36_0x7d
                0x004080fc       0x10 src/main.o
 .rodata.calibri_36_0x7e
                0x0040810c       0x10 src/main.o
 .rodata.calibri_36_array
                0x0040811c      0x2f8 src/main.o
 .rodata.cent   0x00408414       0x10 src/main.o
                0x00408414                cent
 .rodata.day    0x00408424       0x10 src/main.o
                0x00408424                day
 .rodata.enx    0x00408434       0x10 src/main.o
                0x00408434                enx
 .rodata.fast   0x00408444       0x10 src/main.o
                0x00408444                fast
 .rodata.image_data_ON
                0x00408454     0x3000 src/main.o
 .rodata.image_data_Play
                0x0040b454     0x3000 src/main.o
 .rodata.image_data_calibri_36_0x20
                0x0040e454      0x378 src/main.o
 .rodata.image_data_calibri_36_0x21
                0x0040e7cc      0x534 src/main.o
 .rodata.image_data_calibri_36_0x22
                0x0040ed00      0x612 src/main.o
 *fill*         0x0040f312        0x2 
 .rodata.image_data_calibri_36_0x23
                0x0040f314      0x7ce src/main.o
 *fill*         0x0040fae2        0x2 
 .rodata.image_data_calibri_36_0x24
                0x0040fae4      0x7ce src/main.o
 *fill*         0x004102b2        0x2 
 .rodata.image_data_calibri_36_0x25
                0x004102b4      0xb46 src/main.o
 *fill*         0x00410dfa        0x2 
 .rodata.image_data_calibri_36_0x26
                0x00410dfc      0xad7 src/main.o
 *fill*         0x004118d3        0x1 
 .rodata.image_data_calibri_36_0x27
                0x004118d4      0x378 src/main.o
 .rodata.image_data_calibri_36_0x28
                0x00411c4c      0x4c5 src/main.o
 *fill*         0x00412111        0x3 
 .rodata.image_data_calibri_36_0x29
                0x00412114      0x4c5 src/main.o
 *fill*         0x004125d9        0x3 
 .rodata.image_data_calibri_36_0x2a
                0x004125dc      0x7ce src/main.o
 *fill*         0x00412daa        0x2 
 .rodata.image_data_calibri_36_0x2b
                0x00412dac      0x7ce src/main.o
 *fill*         0x0041357a        0x2 
 .rodata.image_data_calibri_36_0x2c
                0x0041357c      0x3e7 src/main.o
 *fill*         0x00413963        0x1 
 .rodata.image_data_calibri_36_0x2d
                0x00413964      0x4c5 src/main.o
 *fill*         0x00413e29        0x3 
 .rodata.image_data_calibri_36_0x2e
                0x00413e2c      0x3e7 src/main.o
 *fill*         0x00414213        0x1 
 .rodata.image_data_calibri_36_0x2f
                0x00414214      0x612 src/main.o
 *fill*         0x00414826        0x2 
 .rodata.image_data_calibri_36_0x30
                0x00414828      0x7ce src/main.o
 *fill*         0x00414ff6        0x2 
 .rodata.image_data_calibri_36_0x31
                0x00414ff8      0x7ce src/main.o
 *fill*         0x004157c6        0x2 
 .rodata.image_data_calibri_36_0x32
                0x004157c8      0x7ce src/main.o
 *fill*         0x00415f96        0x2 
 .rodata.image_data_calibri_36_0x33
                0x00415f98      0x7ce src/main.o
 *fill*         0x00416766        0x2 
 .rodata.image_data_calibri_36_0x34
                0x00416768      0x7ce src/main.o
 *fill*         0x00416f36        0x2 
 .rodata.image_data_calibri_36_0x35
                0x00416f38      0x7ce src/main.o
 *fill*         0x00417706        0x2 
 .rodata.image_data_calibri_36_0x36
                0x00417708      0x7ce src/main.o
 *fill*         0x00417ed6        0x2 
 .rodata.image_data_calibri_36_0x37
                0x00417ed8      0x7ce src/main.o
 *fill*         0x004186a6        0x2 
 .rodata.image_data_calibri_36_0x38
                0x004186a8      0x7ce src/main.o
 *fill*         0x00418e76        0x2 
 .rodata.image_data_calibri_36_0x39
                0x00418e78      0x7ce src/main.o
 *fill*         0x00419646        0x2 
 .rodata.image_data_calibri_36_0x3a
                0x00419648      0x456 src/main.o
 *fill*         0x00419a9e        0x2 
 .rodata.image_data_calibri_36_0x3b
                0x00419aa0      0x456 src/main.o
 *fill*         0x00419ef6        0x2 
 .rodata.image_data_calibri_36_0x3c
                0x00419ef8      0x7ce src/main.o
 *fill*         0x0041a6c6        0x2 
 .rodata.image_data_calibri_36_0x3d
                0x0041a6c8      0x7ce src/main.o
 *fill*         0x0041ae96        0x2 
 .rodata.image_data_calibri_36_0x3e
                0x0041ae98      0x7ce src/main.o
 *fill*         0x0041b666        0x2 
 .rodata.image_data_calibri_36_0x3f
                0x0041b668      0x75f src/main.o
 *fill*         0x0041bdc7        0x1 
 .rodata.image_data_calibri_36_0x40
                0x0041bdc8      0xde0 src/main.o
 .rodata.image_data_calibri_36_0x41
                0x0041cba8      0x91b src/main.o
 *fill*         0x0041d4c3        0x1 
 .rodata.image_data_calibri_36_0x42
                0x0041d4c4      0x8ac src/main.o
 .rodata.image_data_calibri_36_0x43
                0x0041dd70      0x83d src/main.o
 *fill*         0x0041e5ad        0x3 
 .rodata.image_data_calibri_36_0x44
                0x0041e5b0      0x98a src/main.o
 *fill*         0x0041ef3a        0x2 
 .rodata.image_data_calibri_36_0x45
                0x0041ef3c      0x7ce src/main.o
 *fill*         0x0041f70a        0x2 
 .rodata.image_data_calibri_36_0x46
                0x0041f70c      0x75f src/main.o
 *fill*         0x0041fe6b        0x1 
 .rodata.image_data_calibri_36_0x47
                0x0041fe6c      0x9f9 src/main.o
 *fill*         0x00420865        0x3 
 .rodata.image_data_calibri_36_0x48
                0x00420868      0x98a src/main.o
 *fill*         0x004211f2        0x2 
 .rodata.image_data_calibri_36_0x49
                0x004211f4      0x3e7 src/main.o
 *fill*         0x004215db        0x1 
 .rodata.image_data_calibri_36_0x4a
                0x004215dc      0x4c5 src/main.o
 *fill*         0x00421aa1        0x3 
 .rodata.image_data_calibri_36_0x4b
                0x00421aa4      0x83d src/main.o
 *fill*         0x004222e1        0x3 
 .rodata.image_data_calibri_36_0x4c
                0x004222e4      0x681 src/main.o
 *fill*         0x00422965        0x3 
 .rodata.image_data_calibri_36_0x4d
                0x00422968      0xd71 src/main.o
 *fill*         0x004236d9        0x3 
 .rodata.image_data_calibri_36_0x4e
                0x004236dc      0x9f9 src/main.o
 *fill*         0x004240d5        0x3 
 .rodata.image_data_calibri_36_0x4f
                0x004240d8      0xa68 src/main.o
 .rodata.image_data_calibri_36_0x50
                0x00424b40      0x83d src/main.o
 *fill*         0x0042537d        0x3 
 .rodata.image_data_calibri_36_0x51
                0x00425380      0xad7 src/main.o
 *fill*         0x00425e57        0x1 
 .rodata.image_data_calibri_36_0x52
                0x00425e58      0x8ac src/main.o
 .rodata.image_data_calibri_36_0x53
                0x00426704      0x75f src/main.o
 *fill*         0x00426e63        0x1 
 .rodata.image_data_calibri_36_0x54
                0x00426e64      0x7ce src/main.o
 *fill*         0x00427632        0x2 
 .rodata.image_data_calibri_36_0x55
                0x00427634      0x9f9 src/main.o
 *fill*         0x0042802d        0x3 
 .rodata.image_data_calibri_36_0x56
                0x00428030      0x8ac src/main.o
 .rodata.image_data_calibri_36_0x57
                0x004288dc      0xde0 src/main.o
 .rodata.image_data_calibri_36_0x58
                0x004296bc      0x83d src/main.o
 *fill*         0x00429ef9        0x3 
 .rodata.image_data_calibri_36_0x59
                0x00429efc      0x7ce src/main.o
 *fill*         0x0042a6ca        0x2 
 .rodata.image_data_calibri_36_0x5a
                0x0042a6cc      0x75f src/main.o
 *fill*         0x0042ae2b        0x1 
 .rodata.image_data_calibri_36_0x5b
                0x0042ae2c      0x4c5 src/main.o
 *fill*         0x0042b2f1        0x3 
 .rodata.image_data_calibri_36_0x5c
                0x0042b2f4      0x612 src/main.o
 *fill*         0x0042b906        0x2 
 .rodata.image_data_calibri_36_0x5d
                0x0042b908      0x4c5 src/main.o
 *fill*         0x0042bdcd        0x3 
 .rodata.image_data_calibri_36_0x5e
                0x0042bdd0      0x7ce src/main.o
 *fill*         0x0042c59e        0x2 
 .rodata.image_data_calibri_36_0x5f
                0x0042c5a0      0x7ce src/main.o
 *fill*         0x0042cd6e        0x2 
 .rodata.image_data_calibri_36_0x60
                0x0042cd70      0x456 src/main.o
 *fill*         0x0042d1c6        0x2 
 .rodata.image_data_calibri_36_0x61
                0x0042d1c8      0x75f src/main.o
 *fill*         0x0042d927        0x1 
 .rodata.image_data_calibri_36_0x62
                0x0042d928      0x83d src/main.o
 *fill*         0x0042e165        0x3 
 .rodata.image_data_calibri_36_0x63
                0x0042e168      0x681 src/main.o
 *fill*         0x0042e7e9        0x3 
 .rodata.image_data_calibri_36_0x64
                0x0042e7ec      0x83d src/main.o
 *fill*         0x0042f029        0x3 
 .rodata.image_data_calibri_36_0x65
                0x0042f02c      0x7ce src/main.o
 *fill*         0x0042f7fa        0x2 
 .rodata.image_data_calibri_36_0x66
                0x0042f7fc      0x4c5 src/main.o
 *fill*         0x0042fcc1        0x3 
 .rodata.image_data_calibri_36_0x67
                0x0042fcc4      0x75f src/main.o
 *fill*         0x00430423        0x1 
 .rodata.image_data_calibri_36_0x68
                0x00430424      0x83d src/main.o
 *fill*         0x00430c61        0x3 
 .rodata.image_data_calibri_36_0x69
                0x00430c64      0x378 src/main.o
 .rodata.image_data_calibri_36_0x6a
                0x00430fdc      0x3e7 src/main.o
 *fill*         0x004313c3        0x1 
 .rodata.image_data_calibri_36_0x6b
                0x004313c4      0x6f0 src/main.o
 .rodata.image_data_calibri_36_0x6c
                0x00431ab4      0x378 src/main.o
 .rodata.image_data_calibri_36_0x6d
                0x00431e2c      0xc93 src/main.o
 *fill*         0x00432abf        0x1 
 .rodata.image_data_calibri_36_0x6e
                0x00432ac0      0x83d src/main.o
 *fill*         0x004332fd        0x3 
 .rodata.image_data_calibri_36_0x6f
                0x00433300      0x83d src/main.o
 *fill*         0x00433b3d        0x3 
 .rodata.image_data_calibri_36_0x70
                0x00433b40      0x83d src/main.o
 *fill*         0x0043437d        0x3 
 .rodata.image_data_calibri_36_0x71
                0x00434380      0x83d src/main.o
 *fill*         0x00434bbd        0x3 
 .rodata.image_data_calibri_36_0x72
                0x00434bc0      0x5a3 src/main.o
 *fill*         0x00435163        0x1 
 .rodata.image_data_calibri_36_0x73
                0x00435164      0x612 src/main.o
 *fill*         0x00435776        0x2 
 .rodata.image_data_calibri_36_0x74
                0x00435778      0x534 src/main.o
 .rodata.image_data_calibri_36_0x75
                0x00435cac      0x83d src/main.o
 *fill*         0x004364e9        0x3 
 .rodata.image_data_calibri_36_0x76
                0x004364ec      0x6f0 src/main.o
 .rodata.image_data_calibri_36_0x77
                0x00436bdc      0xb46 src/main.o
 *fill*         0x00437722        0x2 
 .rodata.image_data_calibri_36_0x78
                0x00437724      0x6f0 src/main.o
 .rodata.image_data_calibri_36_0x79
                0x00437e14      0x6f0 src/main.o
 .rodata.image_data_calibri_36_0x7a
                0x00438504      0x612 src/main.o
 *fill*         0x00438b16        0x2 
 .rodata.image_data_calibri_36_0x7b
                0x00438b18      0x4c5 src/main.o
 *fill*         0x00438fdd        0x3 
 .rodata.image_data_calibri_36_0x7c
                0x00438fe0      0x75f src/main.o
 *fill*         0x0043973f        0x1 
 .rodata.image_data_calibri_36_0x7d
                0x00439740      0x4c5 src/main.o
 *fill*         0x00439c05        0x3 
 .rodata.image_data_calibri_36_0x7e
                0x00439c08      0x7ce src/main.o
 *fill*         0x0043a3d6        0x2 
 .rodata.image_data_cent
                0x0043a3d8     0xc000 src/main.o
 .rodata.image_data_day
                0x004463d8     0xc000 src/main.o
 .rodata.image_data_enx
                0x004523d8     0xc000 src/main.o
 .rodata.image_data_fast
                0x0045e3d8     0xc000 src/main.o
 .rodata.image_data_lock
                0x0046a3d8     0x3000 src/main.o
 .rodata.image_data_next
                0x0046d3d8     0x3000 src/main.o
 .rodata.image_data_pause
                0x004703d8     0x3000 src/main.o
 .rodata.image_data_porta
                0x004733d8     0x3000 src/main.o
 .rodata.image_data_prev
                0x004763d8     0x3000 src/main.o
 .rodata.image_data_strong
                0x004793d8     0xc000 src/main.o
 .rodata.image_data_unlock
                0x004853d8     0x3000 src/main.o
 .rodata.mxt_handler.str1.4
                0x004883d8       0x37 src/main.o
 *fill*         0x0048840f        0x1 
 .rodata.strong
                0x00488410       0x10 src/main.o
                0x00488410                strong
 .rodata._global_impure_ptr
                0x00488420        0x4 d:/7.0/toolchain/arm/arm-gnu-toolchain/bin/../lib/gcc/arm-none-eabi/6.3.1/../../../../arm-none-eabi/lib/thumb/v7e-m\libc.a(lib_a-impure.o)
                0x00488420                _global_impure_ptr
 .rodata._svfprintf_r.str1.4
                0x00488424       0x42 d:/7.0/toolchain/arm/arm-gnu-toolchain/bin/../lib/gcc/arm-none-eabi/6.3.1/../../../../arm-none-eabi/lib/thumb/v7e-m\libc.a(lib_a-svfprintf.o)
 *fill*         0x00488466        0x2 
 .rodata.blanks.7223
                0x00488468       0x10 d:/7.0/toolchain/arm/arm-gnu-toolchain/bin/../lib/gcc/arm-none-eabi/6.3.1/../../../../arm-none-eabi/lib/thumb/v7e-m\libc.a(lib_a-svfprintf.o)
 .rodata.zeroes.7224
                0x00488478       0x10 d:/7.0/toolchain/arm/arm-gnu-toolchain/bin/../lib/gcc/arm-none-eabi/6.3.1/../../../../arm-none-eabi/lib/thumb/v7e-m\libc.a(lib_a-svfprintf.o)
 .rodata._dtoa_r.str1.4
                0x00488488       0x10 d:/7.0/toolchain/arm/arm-gnu-toolchain/bin/../lib/gcc/arm-none-eabi/6.3.1/../../../../arm-none-eabi/lib/thumb/v7e-m\libc.a(lib_a-dtoa.o)
                                 0x12 (size before relaxing)
 .rodata.__mprec_bigtens
                0x00488498       0x28 d:/7.0/toolchain/arm/arm-gnu-toolchain/bin/../lib/gcc/arm-none-eabi/6.3.1/../../../../arm-none-eabi/lib/thumb/v7e-m\libc.a(lib_a-mprec.o)
                0x00488498                __mprec_bigtens
 .rodata.__mprec_tens
                0x004884c0       0xc8 d:/7.0/toolchain/arm/arm-gnu-toolchain/bin/../lib/gcc/arm-none-eabi/6.3.1/../../../../arm-none-eabi/lib/thumb/v7e-m\libc.a(lib_a-mprec.o)
                0x004884c0                __mprec_tens
 .rodata.p05.6055
                0x00488588        0xc d:/7.0/toolchain/arm/arm-gnu-toolchain/bin/../lib/gcc/arm-none-eabi/6.3.1/../../../../arm-none-eabi/lib/thumb/v7e-m\libc.a(lib_a-mprec.o)
 .rodata._setlocale_r.str1.4
                0x00488594        0xa d:/7.0/toolchain/arm/arm-gnu-toolchain/bin/../lib/gcc/arm-none-eabi/6.3.1/../../../../arm-none-eabi/lib/thumb/v7e-m\libc.a(lib_a-locale.o)
                                  0xd (size before relaxing)
 *fill*         0x0048859e        0x2 
 .rodata.str1.4
                0x004885a0        0x4 d:/7.0/toolchain/arm/arm-gnu-toolchain/bin/../lib/gcc/arm-none-eabi/6.3.1/../../../../arm-none-eabi/lib/thumb/v7e-m\libc.a(lib_a-locale.o)
                                  0x2 (size before relaxing)
 .rodata._ctype_
                0x004885a4      0x101 d:/7.0/toolchain/arm/arm-gnu-toolchain/bin/../lib/gcc/arm-none-eabi/6.3.1/../../../../arm-none-eabi/lib/thumb/v7e-m\libc.a(lib_a-ctype_.o)
                0x004885a4                _ctype_
 *(.ARM.extab* .gnu.linkonce.armextab.*)
                0x004886a8                . = ALIGN (0x4)
 *fill*         0x004886a5        0x3 
 *(.init)
 .init          0x004886a8        0x4 d:/7.0/toolchain/arm/arm-gnu-toolchain/bin/../lib/gcc/arm-none-eabi/6.3.1/thumb/v7e-m/crti.o
                0x004886a8                _init
 .init          0x004886ac        0x8 d:/7.0/toolchain/arm/arm-gnu-toolchain/bin/../lib/gcc/arm-none-eabi/6.3.1/thumb/v7e-m/crtn.o
                0x004886b4                . = ALIGN (0x4)
                0x004886b4                __preinit_array_start = .
 *(.preinit_array)
                0x004886b4                __preinit_array_end = .
                0x004886b4                . = ALIGN (0x4)
                0x004886b4                __init_array_start = .
 *(SORT(.init_array.*))
 .init_array.00000
                0x004886b4        0x4 d:/7.0/toolchain/arm/arm-gnu-toolchain/bin/../lib/gcc/arm-none-eabi/6.3.1/../../../../arm-none-eabi/lib/thumb/v7e-m\libc.a(lib_a-__call_atexit.o)
 *(.init_array)
 .init_array    0x004886b8        0x4 d:/7.0/toolchain/arm/arm-gnu-toolchain/bin/../lib/gcc/arm-none-eabi/6.3.1/thumb/v7e-m/crtbegin.o
                0x004886bc                __init_array_end = .
                0x004886bc                . = ALIGN (0x4)
 *crtbegin.o(.ctors)
 *(EXCLUDE_FILE(*crtend.o) .ctors)
 *(SORT(.ctors.*))
 *crtend.o(.ctors)
                0x004886bc                . = ALIGN (0x4)
 *(.fini)
 .fini          0x004886bc        0x4 d:/7.0/toolchain/arm/arm-gnu-toolchain/bin/../lib/gcc/arm-none-eabi/6.3.1/thumb/v7e-m/crti.o
                0x004886bc                _fini
 .fini          0x004886c0        0x8 d:/7.0/toolchain/arm/arm-gnu-toolchain/bin/../lib/gcc/arm-none-eabi/6.3.1/thumb/v7e-m/crtn.o
                0x004886c8                . = ALIGN (0x4)
                0x004886c8                __fini_array_start = .
 *(.fini_array)
 .fini_array    0x004886c8        0x4 d:/7.0/toolchain/arm/arm-gnu-toolchain/bin/../lib/gcc/arm-none-eabi/6.3.1/thumb/v7e-m/crtbegin.o
 *(SORT(.fini_array.*))
                0x004886cc                __fini_array_end = .
 *crtbegin.o(.dtors)
 *(EXCLUDE_FILE(*crtend.o) .dtors)
 *(SORT(.dtors.*))
 *crtend.o(.dtors)
                0x004886cc                . = ALIGN (0x4)
                0x004886cc                _efixed = .
                [!provide]                PROVIDE (__exidx_start, .)

.vfp11_veneer   0x004886cc        0x0
 .vfp11_veneer  0x004886cc        0x0 linker stubs

.v4_bx          0x004886cc        0x0
 .v4_bx         0x004886cc        0x0 linker stubs

.iplt           0x004886cc        0x0
 .iplt          0x004886cc        0x0 d:/7.0/toolchain/arm/arm-gnu-toolchain/bin/../lib/gcc/arm-none-eabi/6.3.1/thumb/v7e-m/crtbegin.o

.ARM.exidx      0x004886cc        0x8
 *(.ARM.exidx* .gnu.linkonce.armexidx.*)
 .ARM.exidx     0x004886cc        0x8 d:/7.0/toolchain/arm/arm-gnu-toolchain/bin/../lib/gcc/arm-none-eabi/6.3.1/thumb/v7e-m\libgcc.a(_udivmoddi4.o)
                [!provide]                PROVIDE (__exidx_end, .)

.eh_frame       0x004886d4        0x0
 .eh_frame      0x004886d4        0x0 d:/7.0/toolchain/arm/arm-gnu-toolchain/bin/../lib/gcc/arm-none-eabi/6.3.1/thumb/v7e-m/crtbegin.o

.rel.dyn        0x004886d4        0x0
 .rel.iplt      0x004886d4        0x0 d:/7.0/toolchain/arm/arm-gnu-toolchain/bin/../lib/gcc/arm-none-eabi/6.3.1/thumb/v7e-m/crtbegin.o

.jcr            0x004886d4        0x0
 .jcr           0x004886d4        0x0 d:/7.0/toolchain/arm/arm-gnu-toolchain/bin/../lib/gcc/arm-none-eabi/6.3.1/thumb/v7e-m/crtbegin.o

.igot.plt       0x004886d4        0x0
 .igot.plt      0x004886d4        0x0 d:/7.0/toolchain/arm/arm-gnu-toolchain/bin/../lib/gcc/arm-none-eabi/6.3.1/thumb/v7e-m/crtbegin.o
                0x004886d4                . = ALIGN (0x4)
                0x004886d4                _etext = .

.relocate       0x20400000      0xba0 load address 0x004886d4
                0x20400000                . = ALIGN (0x4)
                0x20400000                _srelocate = .
 *(.ramfunc .ramfunc.*)
 .ramfunc       0x20400000        0xa src/ASF/common/services/delay/sam/cycle_counter.o
                0x20400000                portable_delay_cycles
 *(.data .data.*)
 .data.g_interrupt_enabled
                0x2040000a        0x1 src/ASF/common/utils/interrupt/interrupt_sam_nvic.o
                0x2040000a                g_interrupt_enabled
 *fill*         0x2040000b        0x1 
 .data.SystemCoreClock
                0x2040000c        0x4 src/ASF/sam/utils/cmsis/same70/source/templates/system_same70.o
                0x2040000c                SystemCoreClock
 .data.c_centrifuga
                0x20400010       0x60 src/main.o
                0x20400010                c_centrifuga
 .data.c_diario
                0x20400070       0x60 src/main.o
                0x20400070                c_diario
 .data.c_enxague
                0x204000d0       0x60 src/main.o
                0x204000d0                c_enxague
 .data.c_pesado
                0x20400130       0x60 src/main.o
                0x20400130                c_pesado
 .data.c_rapido
                0x20400190       0x60 src/main.o
                0x20400190                c_rapido
 .data._impure_ptr
                0x204001f0        0x4 d:/7.0/toolchain/arm/arm-gnu-toolchain/bin/../lib/gcc/arm-none-eabi/6.3.1/../../../../arm-none-eabi/lib/thumb/v7e-m\libc.a(lib_a-impure.o)
                0x204001f0                _impure_ptr
 *fill*         0x204001f4        0x4 
 .data.impure_data
                0x204001f8      0x428 d:/7.0/toolchain/arm/arm-gnu-toolchain/bin/../lib/gcc/arm-none-eabi/6.3.1/../../../../arm-none-eabi/lib/thumb/v7e-m\libc.a(lib_a-impure.o)
 .data.__malloc_av_
                0x20400620      0x408 d:/7.0/toolchain/arm/arm-gnu-toolchain/bin/../lib/gcc/arm-none-eabi/6.3.1/../../../../arm-none-eabi/lib/thumb/v7e-m\libc.a(lib_a-mallocr.o)
                0x20400620                __malloc_av_
 .data.__malloc_sbrk_base
                0x20400a28        0x4 d:/7.0/toolchain/arm/arm-gnu-toolchain/bin/../lib/gcc/arm-none-eabi/6.3.1/../../../../arm-none-eabi/lib/thumb/v7e-m\libc.a(lib_a-mallocr.o)
                0x20400a28                __malloc_sbrk_base
 .data.__malloc_trim_threshold
                0x20400a2c        0x4 d:/7.0/toolchain/arm/arm-gnu-toolchain/bin/../lib/gcc/arm-none-eabi/6.3.1/../../../../arm-none-eabi/lib/thumb/v7e-m\libc.a(lib_a-mallocr.o)
                0x20400a2c                __malloc_trim_threshold
 .data.__atexit_recursive_mutex
                0x20400a30        0x4 d:/7.0/toolchain/arm/arm-gnu-toolchain/bin/../lib/gcc/arm-none-eabi/6.3.1/../../../../arm-none-eabi/lib/thumb/v7e-m\libc.a(lib_a-__call_atexit.o)
                0x20400a30                __atexit_recursive_mutex
 .data.__global_locale
                0x20400a34      0x16c d:/7.0/toolchain/arm/arm-gnu-toolchain/bin/../lib/gcc/arm-none-eabi/6.3.1/../../../../arm-none-eabi/lib/thumb/v7e-m\libc.a(lib_a-locale.o)
                0x20400a34                __global_locale
                0x20400ba0                . = ALIGN (0x4)
                0x20400ba0                _erelocate = .

.bss            0x20400ba0      0x4d8 load address 0x00489274
                0x20400ba0                . = ALIGN (0x4)
                0x20400ba0                _sbss = .
                0x20400ba0                _szero = .
 *(.bss .bss.*)
 .bss           0x20400ba0       0x1c d:/7.0/toolchain/arm/arm-gnu-toolchain/bin/../lib/gcc/arm-none-eabi/6.3.1/thumb/v7e-m/crtbegin.o
 .bss.g_ul_pixel_cache
                0x20400bbc      0x3c0 src/ASF/sam/components/display/ili9488/ili9488.o
 .bss.gs_interrupt_sources
                0x20400f7c       0x70 src/ASF/sam/drivers/pio/pio_handler.o
 .bss.gs_ul_nb_sources
                0x20400fec        0x4 src/ASF/sam/drivers/pio/pio_handler.o
 .bss.ul_reg_val.9451
                0x20400ff0        0x4 src/ASF/sam/drivers/usart/usart.o
 .bss.heap.6420
                0x20400ff4        0x4 src/ASF/sam/utils/syscalls/gcc/syscalls.o
 .bss.is_locked
                0x20400ff8        0x1 src/main.o
                0x20400ff8                is_locked
 .bss.is_on     0x20400ff9        0x1 src/main.o
                0x20400ff9                is_on
 .bss.porta_aberta
                0x20400ffa        0x1 src/main.o
                0x20400ffa                porta_aberta
 .bss.safety    0x20400ffb        0x1 src/main.o
                0x20400ffb                safety
 .bss.__malloc_current_mallinfo
                0x20400ffc       0x28 d:/7.0/toolchain/arm/arm-gnu-toolchain/bin/../lib/gcc/arm-none-eabi/6.3.1/../../../../arm-none-eabi/lib/thumb/v7e-m\libc.a(lib_a-mallocr.o)
                0x20400ffc                __malloc_current_mallinfo
 .bss.__malloc_max_sbrked_mem
                0x20401024        0x4 d:/7.0/toolchain/arm/arm-gnu-toolchain/bin/../lib/gcc/arm-none-eabi/6.3.1/../../../../arm-none-eabi/lib/thumb/v7e-m\libc.a(lib_a-mallocr.o)
                0x20401024                __malloc_max_sbrked_mem
 .bss.__malloc_max_total_mem
                0x20401028        0x4 d:/7.0/toolchain/arm/arm-gnu-toolchain/bin/../lib/gcc/arm-none-eabi/6.3.1/../../../../arm-none-eabi/lib/thumb/v7e-m\libc.a(lib_a-mallocr.o)
                0x20401028                __malloc_max_total_mem
 .bss.__malloc_top_pad
                0x2040102c        0x4 d:/7.0/toolchain/arm/arm-gnu-toolchain/bin/../lib/gcc/arm-none-eabi/6.3.1/../../../../arm-none-eabi/lib/thumb/v7e-m\libc.a(lib_a-mallocr.o)
                0x2040102c                __malloc_top_pad
 *(COMMON)
 COMMON         0x20401030        0x4 src/ASF/common/utils/stdio/read.o
                0x20401030                ptr_get
 COMMON         0x20401034        0x8 src/ASF/common/utils/stdio/write.o
                0x20401034                ptr_put
                0x20401038                stdio_base
 COMMON         0x2040103c       0x14 src/main.o
                0x2040103c                ciclo
                0x20401040                g_ili9488_display_opt
 COMMON         0x20401050       0x21 d:/7.0/toolchain/arm/arm-gnu-toolchain/bin/../lib/gcc/arm-none-eabi/6.3.1/../../../../arm-none-eabi/lib/thumb/v7e-m\libc.a(lib_a-lock.o)
                0x20401050                __lock___atexit_recursive_mutex
                0x20401054                __lock___arc4random_mutex
                0x20401058                __lock___env_recursive_mutex
                0x2040105c                __lock___sinit_recursive_mutex
                0x20401060                __lock___malloc_recursive_mutex
                0x20401064                __lock___at_quick_exit_mutex
                0x20401068                __lock___dd_hash_mutex
                0x2040106c                __lock___tz_mutex
                0x20401070                __lock___sfp_recursive_mutex
 *fill*         0x20401071        0x3 
 COMMON         0x20401074        0x4 d:/7.0/toolchain/arm/arm-gnu-toolchain/bin/../lib/gcc/arm-none-eabi/6.3.1/../../../../arm-none-eabi/lib/thumb/v7e-m\libc.a(lib_a-reent.o)
                0x20401074                errno
                0x20401078                . = ALIGN (0x4)
                0x20401078                _ebss = .
                0x20401078                _ezero = .

.stack          0x20401078     0x2000 load address 0x0048974c
                0x20401078                . = ALIGN (0x8)
                0x20401078                _sstack = .
                0x20403078                . = (. + STACK_SIZE)
 *fill*         0x20401078     0x2000 
                0x20403078                . = ALIGN (0x8)
                0x20403078                _estack = .

.heap           0x20403078      0x200 load address 0x0048b74c
                0x20403078                . = ALIGN (0x8)
                0x20403078                _sheap = .
                0x20403278                . = (. + HEAP_SIZE)
 *fill*         0x20403078      0x200 
                0x20403278                . = ALIGN (0x8)
                0x20403278                _eheap = .
                0x20403278                . = ALIGN (0x4)
                0x20403278                _end = .
                0x2045ffff                _ram_end_ = ((ORIGIN (ram) + LENGTH (ram)) - 0x1)
OUTPUT(MXT_EXAMPLE_USART1.elf elf32-littlearm)

.ARM.attributes
                0x00000000       0x2e
 .ARM.attributes
                0x00000000       0x1e d:/7.0/toolchain/arm/arm-gnu-toolchain/bin/../lib/gcc/arm-none-eabi/6.3.1/thumb/v7e-m/crti.o
 .ARM.attributes
                0x0000001e       0x2e d:/7.0/toolchain/arm/arm-gnu-toolchain/bin/../lib/gcc/arm-none-eabi/6.3.1/thumb/v7e-m/crtbegin.o
 .ARM.attributes
                0x0000004c       0x37 src/ASF/common/components/touch/mxt/mxt_device_1.o
 .ARM.attributes
                0x00000083       0x37 src/ASF/common/services/clock/same70/sysclk.o
 .ARM.attributes
                0x000000ba       0x37 src/ASF/common/services/delay/sam/cycle_counter.o
 .ARM.attributes
                0x000000f1       0x37 src/ASF/common/services/serial/usart_serial.o
 .ARM.attributes
                0x00000128       0x37 src/ASF/common/services/spi/sam_spi/spi_master.o
 .ARM.attributes
                0x0000015f       0x37 src/ASF/common/utils/interrupt/interrupt_sam_nvic.o
 .ARM.attributes
                0x00000196       0x37 src/ASF/common/utils/stdio/read.o
 .ARM.attributes
                0x000001cd       0x37 src/ASF/common/utils/stdio/write.o
 .ARM.attributes
                0x00000204       0x37 src/ASF/sam/boards/same70_xplained/init.o
 .ARM.attributes
                0x0000023b       0x37 src/ASF/sam/components/display/ili9488/ili9488.o
 .ARM.attributes
                0x00000272       0x37 src/ASF/sam/drivers/pio/pio.o
 .ARM.attributes
                0x000002a9       0x37 src/ASF/sam/drivers/pio/pio_handler.o
 .ARM.attributes
                0x000002e0       0x37 src/ASF/sam/drivers/pmc/pmc.o
 .ARM.attributes
                0x00000317       0x37 src/ASF/sam/drivers/spi/spi.o
 .ARM.attributes
                0x0000034e       0x37 src/ASF/sam/drivers/twihs/twihs.o
 .ARM.attributes
                0x00000385       0x37 src/ASF/sam/drivers/uart/uart.o
 .ARM.attributes
                0x000003bc       0x37 src/ASF/sam/drivers/usart/usart.o
 .ARM.attributes
                0x000003f3       0x37 src/ASF/sam/utils/cmsis/same70/source/templates/gcc/startup_same70.o
 .ARM.attributes
                0x0000042a       0x37 src/ASF/sam/utils/cmsis/same70/source/templates/system_same70.o
 .ARM.attributes
                0x00000461       0x37 src/ASF/sam/utils/syscalls/gcc/syscalls.o
 .ARM.attributes
                0x00000498       0x37 src/main.o
 .ARM.attributes
                0x000004cf       0x2e d:/7.0/toolchain/arm/arm-gnu-toolchain/bin/../lib/gcc/arm-none-eabi/6.3.1/../../../../arm-none-eabi/lib/thumb/v7e-m\libc.a(lib_a-impure.o)
 .ARM.attributes
                0x000004fd       0x2e d:/7.0/toolchain/arm/arm-gnu-toolchain/bin/../lib/gcc/arm-none-eabi/6.3.1/../../../../arm-none-eabi/lib/thumb/v7e-m\libc.a(lib_a-init.o)
 .ARM.attributes
                0x0000052b       0x2e d:/7.0/toolchain/arm/arm-gnu-toolchain/bin/../lib/gcc/arm-none-eabi/6.3.1/../../../../arm-none-eabi/lib/thumb/v7e-m\libc.a(lib_a-malloc.o)
 .ARM.attributes
                0x00000559       0x2e d:/7.0/toolchain/arm/arm-gnu-toolchain/bin/../lib/gcc/arm-none-eabi/6.3.1/../../../../arm-none-eabi/lib/thumb/v7e-m\libc.a(lib_a-mallocr.o)
 .ARM.attributes
                0x00000587       0x2e d:/7.0/toolchain/arm/arm-gnu-toolchain/bin/../lib/gcc/arm-none-eabi/6.3.1/../../../../arm-none-eabi/lib/thumb/v7e-m\libc.a(lib_a-memset.o)
 .ARM.attributes
                0x000005b5       0x2e d:/7.0/toolchain/arm/arm-gnu-toolchain/bin/../lib/gcc/arm-none-eabi/6.3.1/../../../../arm-none-eabi/lib/thumb/v7e-m\libc.a(lib_a-mlock.o)
 .ARM.attributes
                0x000005e3       0x2e d:/7.0/toolchain/arm/arm-gnu-toolchain/bin/../lib/gcc/arm-none-eabi/6.3.1/../../../../arm-none-eabi/lib/thumb/v7e-m\libc.a(lib_a-sbrkr.o)
 .ARM.attributes
                0x00000611       0x2e d:/7.0/toolchain/arm/arm-gnu-toolchain/bin/../lib/gcc/arm-none-eabi/6.3.1/../../../../arm-none-eabi/lib/thumb/v7e-m\libc.a(lib_a-setbuf.o)
 .ARM.attributes
                0x0000063f       0x2e d:/7.0/toolchain/arm/arm-gnu-toolchain/bin/../lib/gcc/arm-none-eabi/6.3.1/../../../../arm-none-eabi/lib/thumb/v7e-m\libc.a(lib_a-setvbuf.o)
 .ARM.attributes
                0x0000066d       0x2e d:/7.0/toolchain/arm/arm-gnu-toolchain/bin/../lib/gcc/arm-none-eabi/6.3.1/../../../../arm-none-eabi/lib/thumb/v7e-m\libc.a(lib_a-sprintf.o)
 .ARM.attributes
                0x0000069b       0x2e d:/7.0/toolchain/arm/arm-gnu-toolchain/bin/../lib/gcc/arm-none-eabi/6.3.1/../../../../arm-none-eabi/lib/thumb/v7e-m\libc.a(lib_a-strcat.o)
 .ARM.attributes
                0x000006c9       0x2e d:/7.0/toolchain/arm/arm-gnu-toolchain/bin/../lib/gcc/arm-none-eabi/6.3.1/../../../../arm-none-eabi/lib/thumb/v7e-m\libc.a(lib_a-strcpy.o)
 .ARM.attributes
                0x000006f7       0x1c d:/7.0/toolchain/arm/arm-gnu-toolchain/bin/../lib/gcc/arm-none-eabi/6.3.1/../../../../arm-none-eabi/lib/thumb/v7e-m\libc.a(lib_a-strlen.o)
 .ARM.attributes
                0x00000713       0x2e d:/7.0/toolchain/arm/arm-gnu-toolchain/bin/../lib/gcc/arm-none-eabi/6.3.1/../../../../arm-none-eabi/lib/thumb/v7e-m\libc.a(lib_a-svfprintf.o)
 .ARM.attributes
                0x00000741       0x2e d:/7.0/toolchain/arm/arm-gnu-toolchain/bin/../lib/gcc/arm-none-eabi/6.3.1/../../../../arm-none-eabi/lib/thumb/v7e-m\libc.a(lib_a-__call_atexit.o)
 .ARM.attributes
                0x0000076f       0x2e d:/7.0/toolchain/arm/arm-gnu-toolchain/bin/../lib/gcc/arm-none-eabi/6.3.1/../../../../arm-none-eabi/lib/thumb/v7e-m\libc.a(lib_a-atexit.o)
 .ARM.attributes
                0x0000079d       0x2e d:/7.0/toolchain/arm/arm-gnu-toolchain/bin/../lib/gcc/arm-none-eabi/6.3.1/../../../../arm-none-eabi/lib/thumb/v7e-m\libc.a(lib_a-dtoa.o)
 .ARM.attributes
                0x000007cb       0x2e d:/7.0/toolchain/arm/arm-gnu-toolchain/bin/../lib/gcc/arm-none-eabi/6.3.1/../../../../arm-none-eabi/lib/thumb/v7e-m\libc.a(lib_a-fflush.o)
 .ARM.attributes
                0x000007f9       0x2e d:/7.0/toolchain/arm/arm-gnu-toolchain/bin/../lib/gcc/arm-none-eabi/6.3.1/../../../../arm-none-eabi/lib/thumb/v7e-m\libc.a(lib_a-findfp.o)
 .ARM.attributes
                0x00000827       0x2e d:/7.0/toolchain/arm/arm-gnu-toolchain/bin/../lib/gcc/arm-none-eabi/6.3.1/../../../../arm-none-eabi/lib/thumb/v7e-m\libc.a(lib_a-fini.o)
 .ARM.attributes
                0x00000855       0x2e d:/7.0/toolchain/arm/arm-gnu-toolchain/bin/../lib/gcc/arm-none-eabi/6.3.1/../../../../arm-none-eabi/lib/thumb/v7e-m\libc.a(lib_a-freer.o)
 .ARM.attributes
                0x00000883       0x2e d:/7.0/toolchain/arm/arm-gnu-toolchain/bin/../lib/gcc/arm-none-eabi/6.3.1/../../../../arm-none-eabi/lib/thumb/v7e-m\libc.a(lib_a-fwalk.o)
 .ARM.attributes
                0x000008b1       0x2e d:/7.0/toolchain/arm/arm-gnu-toolchain/bin/../lib/gcc/arm-none-eabi/6.3.1/../../../../arm-none-eabi/lib/thumb/v7e-m\libc.a(lib_a-localeconv.o)
 .ARM.attributes
                0x000008df       0x2e d:/7.0/toolchain/arm/arm-gnu-toolchain/bin/../lib/gcc/arm-none-eabi/6.3.1/../../../../arm-none-eabi/lib/thumb/v7e-m\libc.a(lib_a-lock.o)
 .ARM.attributes
                0x0000090d       0x2e d:/7.0/toolchain/arm/arm-gnu-toolchain/bin/../lib/gcc/arm-none-eabi/6.3.1/../../../../arm-none-eabi/lib/thumb/v7e-m\libc.a(lib_a-makebuf.o)
 .ARM.attributes
                0x0000093b       0x1c d:/7.0/toolchain/arm/arm-gnu-toolchain/bin/../lib/gcc/arm-none-eabi/6.3.1/../../../../arm-none-eabi/lib/thumb/v7e-m\libc.a(lib_a-memchr.o)
 .ARM.attributes
                0x00000957       0x1c d:/7.0/toolchain/arm/arm-gnu-toolchain/bin/../lib/gcc/arm-none-eabi/6.3.1/../../../../arm-none-eabi/lib/thumb/v7e-m\libc.a(lib_a-memcpy.o)
 .ARM.attributes
                0x00000973       0x2e d:/7.0/toolchain/arm/arm-gnu-toolchain/bin/../lib/gcc/arm-none-eabi/6.3.1/../../../../arm-none-eabi/lib/thumb/v7e-m\libc.a(lib_a-mprec.o)
 .ARM.attributes
                0x000009a1       0x2e d:/7.0/toolchain/arm/arm-gnu-toolchain/bin/../lib/gcc/arm-none-eabi/6.3.1/../../../../arm-none-eabi/lib/thumb/v7e-m\libc.a(lib_a-reent.o)
 .ARM.attributes
                0x000009cf       0x2e d:/7.0/toolchain/arm/arm-gnu-toolchain/bin/../lib/gcc/arm-none-eabi/6.3.1/../../../../arm-none-eabi/lib/thumb/v7e-m\libc.a(lib_a-stdio.o)
 .ARM.attributes
                0x000009fd       0x2e d:/7.0/toolchain/arm/arm-gnu-toolchain/bin/../lib/gcc/arm-none-eabi/6.3.1/../../../../arm-none-eabi/lib/thumb/v7e-m\libc.a(lib_a-svfiprintf.o)
 .ARM.attributes
                0x00000a2b       0x2e d:/7.0/toolchain/arm/arm-gnu-toolchain/bin/../lib/gcc/arm-none-eabi/6.3.1/../../../../arm-none-eabi/lib/thumb/v7e-m\libc.a(lib_a-writer.o)
 .ARM.attributes
                0x00000a59       0x2e d:/7.0/toolchain/arm/arm-gnu-toolchain/bin/../lib/gcc/arm-none-eabi/6.3.1/../../../../arm-none-eabi/lib/thumb/v7e-m\libc.a(lib_a-__atexit.o)
 .ARM.attributes
                0x00000a87       0x2e d:/7.0/toolchain/arm/arm-gnu-toolchain/bin/../lib/gcc/arm-none-eabi/6.3.1/../../../../arm-none-eabi/lib/thumb/v7e-m\libc.a(lib_a-callocr.o)
 .ARM.attributes
                0x00000ab5       0x2e d:/7.0/toolchain/arm/arm-gnu-toolchain/bin/../lib/gcc/arm-none-eabi/6.3.1/../../../../arm-none-eabi/lib/thumb/v7e-m\libc.a(lib_a-closer.o)
 .ARM.attributes
                0x00000ae3       0x2e d:/7.0/toolchain/arm/arm-gnu-toolchain/bin/../lib/gcc/arm-none-eabi/6.3.1/../../../../arm-none-eabi/lib/thumb/v7e-m\libc.a(lib_a-fclose.o)
 .ARM.attributes
                0x00000b11       0x2e d:/7.0/toolchain/arm/arm-gnu-toolchain/bin/../lib/gcc/arm-none-eabi/6.3.1/../../../../arm-none-eabi/lib/thumb/v7e-m\libc.a(lib_a-fstatr.o)
 .ARM.attributes
                0x00000b3f       0x2e d:/7.0/toolchain/arm/arm-gnu-toolchain/bin/../lib/gcc/arm-none-eabi/6.3.1/../../../../arm-none-eabi/lib/thumb/v7e-m\libc.a(lib_a-locale.o)
 .ARM.attributes
                0x00000b6d       0x2e d:/7.0/toolchain/arm/arm-gnu-toolchain/bin/../lib/gcc/arm-none-eabi/6.3.1/../../../../arm-none-eabi/lib/thumb/v7e-m\libc.a(lib_a-lseekr.o)
 .ARM.attributes
                0x00000b9b       0x2e d:/7.0/toolchain/arm/arm-gnu-toolchain/bin/../lib/gcc/arm-none-eabi/6.3.1/../../../../arm-none-eabi/lib/thumb/v7e-m\libc.a(lib_a-mbtowc_r.o)
 .ARM.attributes
                0x00000bc9       0x2e d:/7.0/toolchain/arm/arm-gnu-toolchain/bin/../lib/gcc/arm-none-eabi/6.3.1/../../../../arm-none-eabi/lib/thumb/v7e-m\libc.a(lib_a-memmove.o)
 .ARM.attributes
                0x00000bf7       0x2e d:/7.0/toolchain/arm/arm-gnu-toolchain/bin/../lib/gcc/arm-none-eabi/6.3.1/../../../../arm-none-eabi/lib/thumb/v7e-m\libc.a(lib_a-readr.o)
 .ARM.attributes
                0x00000c25       0x2e d:/7.0/toolchain/arm/arm-gnu-toolchain/bin/../lib/gcc/arm-none-eabi/6.3.1/../../../../arm-none-eabi/lib/thumb/v7e-m\libc.a(lib_a-reallocr.o)
 .ARM.attributes
                0x00000c53       0x2e d:/7.0/toolchain/arm/arm-gnu-toolchain/bin/../lib/gcc/arm-none-eabi/6.3.1/../../../../arm-none-eabi/lib/thumb/v7e-m\libc.a(lib_a-wctomb_r.o)
 .ARM.attributes
                0x00000c81       0x2e d:/7.0/toolchain/arm/arm-gnu-toolchain/bin/../lib/gcc/arm-none-eabi/6.3.1/../../../../arm-none-eabi/lib/thumb/v7e-m\libc.a(lib_a-ctype_.o)
 .ARM.attributes
                0x00000caf       0x1e d:/7.0/toolchain/arm/arm-gnu-toolchain/bin/../lib/gcc/arm-none-eabi/6.3.1/thumb/v7e-m\libgcc.a(_arm_addsubdf3.o)
 .ARM.attributes
                0x00000ccd       0x1e d:/7.0/toolchain/arm/arm-gnu-toolchain/bin/../lib/gcc/arm-none-eabi/6.3.1/thumb/v7e-m\libgcc.a(_arm_muldivdf3.o)
 .ARM.attributes
                0x00000ceb       0x1e d:/7.0/toolchain/arm/arm-gnu-toolchain/bin/../lib/gcc/arm-none-eabi/6.3.1/thumb/v7e-m\libgcc.a(_arm_cmpdf2.o)
 .ARM.attributes
                0x00000d09       0x1e d:/7.0/toolchain/arm/arm-gnu-toolchain/bin/../lib/gcc/arm-none-eabi/6.3.1/thumb/v7e-m\libgcc.a(_arm_unorddf2.o)
 .ARM.attributes
                0x00000d27       0x1e d:/7.0/toolchain/arm/arm-gnu-toolchain/bin/../lib/gcc/arm-none-eabi/6.3.1/thumb/v7e-m\libgcc.a(_arm_fixdfsi.o)
 .ARM.attributes
                0x00000d45       0x1e d:/7.0/toolchain/arm/arm-gnu-toolchain/bin/../lib/gcc/arm-none-eabi/6.3.1/thumb/v7e-m\libgcc.a(_aeabi_uldivmod.o)
 .ARM.attributes
                0x00000d63       0x2e d:/7.0/toolchain/arm/arm-gnu-toolchain/bin/../lib/gcc/arm-none-eabi/6.3.1/thumb/v7e-m\libgcc.a(_udivmoddi4.o)
 .ARM.attributes
                0x00000d91       0x1e d:/7.0/toolchain/arm/arm-gnu-toolchain/bin/../lib/gcc/arm-none-eabi/6.3.1/thumb/v7e-m\libgcc.a(_dvmd_tls.o)
 .ARM.attributes
                0x00000daf       0x1e d:/7.0/toolchain/arm/arm-gnu-toolchain/bin/../lib/gcc/arm-none-eabi/6.3.1/thumb/v7e-m/crtn.o

.comment        0x00000000       0x59
 .comment       0x00000000       0x59 src/ASF/common/components/touch/mxt/mxt_device_1.o
                                 0x5a (size before relaxing)
 .comment       0x00000059       0x5a src/ASF/common/services/clock/same70/sysclk.o
 .comment       0x00000059       0x5a src/ASF/common/services/delay/sam/cycle_counter.o
 .comment       0x00000059       0x5a src/ASF/common/services/serial/usart_serial.o
 .comment       0x00000059       0x5a src/ASF/common/services/spi/sam_spi/spi_master.o
 .comment       0x00000059       0x5a src/ASF/common/utils/interrupt/interrupt_sam_nvic.o
 .comment       0x00000059       0x5a src/ASF/common/utils/stdio/read.o
 .comment       0x00000059       0x5a src/ASF/common/utils/stdio/write.o
 .comment       0x00000059       0x5a src/ASF/sam/boards/same70_xplained/init.o
 .comment       0x00000059       0x5a src/ASF/sam/components/display/ili9488/ili9488.o
 .comment       0x00000059       0x5a src/ASF/sam/drivers/pio/pio.o
 .comment       0x00000059       0x5a src/ASF/sam/drivers/pio/pio_handler.o
 .comment       0x00000059       0x5a src/ASF/sam/drivers/pmc/pmc.o
 .comment       0x00000059       0x5a src/ASF/sam/drivers/spi/spi.o
 .comment       0x00000059       0x5a src/ASF/sam/drivers/twihs/twihs.o
 .comment       0x00000059       0x5a src/ASF/sam/drivers/uart/uart.o
 .comment       0x00000059       0x5a src/ASF/sam/drivers/usart/usart.o
 .comment       0x00000059       0x5a src/ASF/sam/utils/cmsis/same70/source/templates/gcc/startup_same70.o
 .comment       0x00000059       0x5a src/ASF/sam/utils/cmsis/same70/source/templates/system_same70.o
 .comment       0x00000059       0x5a src/ASF/sam/utils/syscalls/gcc/syscalls.o
 .comment       0x00000059       0x5a src/main.o

.debug_info     0x00000000    0x20a9e
 .debug_info    0x00000000     0x240d src/ASF/common/components/touch/mxt/mxt_device_1.o
 .debug_info    0x0000240d     0x12a4 src/ASF/common/services/clock/same70/sysclk.o
 .debug_info    0x000036b1      0xa45 src/ASF/common/services/delay/sam/cycle_counter.o
 .debug_info    0x000040f6     0x1174 src/ASF/common/services/serial/usart_serial.o
 .debug_info    0x0000526a     0x15fe src/ASF/common/services/spi/sam_spi/spi_master.o
 .debug_info    0x00006868      0xb01 src/ASF/common/utils/interrupt/interrupt_sam_nvic.o
 .debug_info    0x00007369      0xac9 src/ASF/common/utils/stdio/read.o
 .debug_info    0x00007e32      0xac6 src/ASF/common/utils/stdio/write.o
 .debug_info    0x000088f8     0x24e7 src/ASF/sam/boards/same70_xplained/init.o
 .debug_info    0x0000addf     0x28a4 src/ASF/sam/components/display/ili9488/ili9488.o
 .debug_info    0x0000d683     0x2174 src/ASF/sam/drivers/pio/pio.o
 .debug_info    0x0000f7f7     0x1b7e src/ASF/sam/drivers/pio/pio_handler.o
 .debug_info    0x00011375     0x1f12 src/ASF/sam/drivers/pmc/pmc.o
 .debug_info    0x00013287     0x1181 src/ASF/sam/drivers/spi/spi.o
 .debug_info    0x00014408     0x1599 src/ASF/sam/drivers/twihs/twihs.o
 .debug_info    0x000159a1     0x1072 src/ASF/sam/drivers/uart/uart.o
 .debug_info    0x00016a13     0x23ac src/ASF/sam/drivers/usart/usart.o
 .debug_info    0x00018dbf     0x1600 src/ASF/sam/utils/cmsis/same70/source/templates/gcc/startup_same70.o
 .debug_info    0x0001a3bf      0x5d0 src/ASF/sam/utils/cmsis/same70/source/templates/system_same70.o
 .debug_info    0x0001a98f      0xdb0 src/ASF/sam/utils/syscalls/gcc/syscalls.o
 .debug_info    0x0001b73f     0x535f src/main.o

.debug_abbrev   0x00000000     0x4113
 .debug_abbrev  0x00000000      0x44d src/ASF/common/components/touch/mxt/mxt_device_1.o
 .debug_abbrev  0x0000044d      0x31f src/ASF/common/services/clock/same70/sysclk.o
 .debug_abbrev  0x0000076c      0x1b3 src/ASF/common/services/delay/sam/cycle_counter.o
 .debug_abbrev  0x0000091f      0x2b1 src/ASF/common/services/serial/usart_serial.o
 .debug_abbrev  0x00000bd0      0x3c1 src/ASF/common/services/spi/sam_spi/spi_master.o
 .debug_abbrev  0x00000f91      0x212 src/ASF/common/utils/interrupt/interrupt_sam_nvic.o