Archive member included to satisfy reference by file (symbol)

d:/7.0/toolchain/arm/arm-gnu-toolchain/bin/../lib/gcc/arm-none-eabi/6.3.1/../../../../arm-none-eabi/lib/thumb/v7e-m\libc.a(lib_a-exit.o)
                              d:/7.0/toolchain/arm/arm-gnu-toolchain/bin/../lib/gcc/arm-none-eabi/6.3.1/../../../../arm-none-eabi/lib/thumb/v7e-m/crt0.o (exit)
d:/7.0/toolchain/arm/arm-gnu-toolchain/bin/../lib/gcc/arm-none-eabi/6.3.1/../../../../arm-none-eabi/lib/thumb/v7e-m\libc.a(lib_a-impure.o)
                              d:/7.0/toolchain/arm/arm-gnu-toolchain/bin/../lib/gcc/arm-none-eabi/6.3.1/../../../../arm-none-eabi/lib/thumb/v7e-m\libc.a(lib_a-exit.o) (_global_impure_ptr)
d:/7.0/toolchain/arm/arm-gnu-toolchain/bin/../lib/gcc/arm-none-eabi/6.3.1/../../../../arm-none-eabi/lib/thumb/v7e-m\libc.a(lib_a-init.o)
                              d:/7.0/toolchain/arm/arm-gnu-toolchain/bin/../lib/gcc/arm-none-eabi/6.3.1/../../../../arm-none-eabi/lib/thumb/v7e-m/crt0.o (__libc_init_array)
d:/7.0/toolchain/arm/arm-gnu-toolchain/bin/../lib/gcc/arm-none-eabi/6.3.1/../../../../arm-none-eabi/lib/thumb/v7e-m\libc.a(lib_a-malloc.o)
                              src/ASF/common/components/touch/mxt/mxt_device_1.o (malloc)
d:/7.0/toolchain/arm/arm-gnu-toolchain/bin/../lib/gcc/arm-none-eabi/6.3.1/../../../../arm-none-eabi/lib/thumb/v7e-m\libc.a(lib_a-mallocr.o)
                              d:/7.0/toolchain/arm/arm-gnu-toolchain/bin/../lib/gcc/arm-none-eabi/6.3.1/../../../../arm-none-eabi/lib/thumb/v7e-m\libc.a(lib_a-malloc.o) (_malloc_r)
d:/7.0/toolchain/arm/arm-gnu-toolchain/bin/../lib/gcc/arm-none-eabi/6.3.1/../../../../arm-none-eabi/lib/thumb/v7e-m\libc.a(lib_a-memset.o)
                              d:/7.0/toolchain/arm/arm-gnu-toolchain/bin/../lib/gcc/arm-none-eabi/6.3.1/../../../../arm-none-eabi/lib/thumb/v7e-m/crt0.o (memset)
d:/7.0/toolchain/arm/arm-gnu-toolchain/bin/../lib/gcc/arm-none-eabi/6.3.1/../../../../arm-none-eabi/lib/thumb/v7e-m\libc.a(lib_a-mlock.o)
                              d:/7.0/toolchain/arm/arm-gnu-toolchain/bin/../lib/gcc/arm-none-eabi/6.3.1/../../../../arm-none-eabi/lib/thumb/v7e-m\libc.a(lib_a-mallocr.o) (__malloc_lock)
d:/7.0/toolchain/arm/arm-gnu-toolchain/bin/../lib/gcc/arm-none-eabi/6.3.1/../../../../arm-none-eabi/lib/thumb/v7e-m\libc.a(lib_a-sbrkr.o)
                              d:/7.0/toolchain/arm/arm-gnu-toolchain/bin/../lib/gcc/arm-none-eabi/6.3.1/../../../../arm-none-eabi/lib/thumb/v7e-m\libc.a(lib_a-mallocr.o) (_sbrk_r)
d:/7.0/toolchain/arm/arm-gnu-toolchain/bin/../lib/gcc/arm-none-eabi/6.3.1/../../../../arm-none-eabi/lib/thumb/v7e-m\libc.a(lib_a-setbuf.o)
                              src/main.o (setbuf)
d:/7.0/toolchain/arm/arm-gnu-toolchain/bin/../lib/gcc/arm-none-eabi/6.3.1/../../../../arm-none-eabi/lib/thumb/v7e-m\libc.a(lib_a-setvbuf.o)
                              d:/7.0/toolchain/arm/arm-gnu-toolchain/bin/../lib/gcc/arm-none-eabi/6.3.1/../../../../arm-none-eabi/lib/thumb/v7e-m\libc.a(lib_a-setbuf.o) (setvbuf)
d:/7.0/toolchain/arm/arm-gnu-toolchain/bin/../lib/gcc/arm-none-eabi/6.3.1/../../../../arm-none-eabi/lib/thumb/v7e-m\libc.a(lib_a-sprintf.o)
                              src/main.o (sprintf)
d:/7.0/toolchain/arm/arm-gnu-toolchain/bin/../lib/gcc/arm-none-eabi/6.3.1/../../../../arm-none-eabi/lib/thumb/v7e-m\libc.a(lib_a-strcat.o)
                              src/main.o (strcat)
d:/7.0/toolchain/arm/arm-gnu-toolchain/bin/../lib/gcc/arm-none-eabi/6.3.1/../../../../arm-none-eabi/lib/thumb/v7e-m\libc.a(lib_a-strcpy.o)
                              d:/7.0/toolchain/arm/arm-gnu-toolchain/bin/../lib/gcc/arm-none-eabi/6.3.1/../../../../arm-none-eabi/lib/thumb/v7e-m\libc.a(lib_a-strcat.o) (strcpy)
d:/7.0/toolchain/arm/arm-gnu-toolchain/bin/../lib/gcc/arm-none-eabi/6.3.1/../../../../arm-none-eabi/lib/thumb/v7e-m\libc.a(lib_a-strlen.o)
                              src/main.o (strlen)
d:/7.0/toolchain/arm/arm-gnu-toolchain/bin/../lib/gcc/arm-none-eabi/6.3.1/../../../../arm-none-eabi/lib/thumb/v7e-m\libc.a(lib_a-svfprintf.o)
                              d:/7.0/toolchain/arm/arm-gnu-toolchain/bin/../lib/gcc/arm-none-eabi/6.3.1/../../../../arm-none-eabi/lib/thumb/v7e-m\libc.a(lib_a-sprintf.o) (_svfprintf_r)
d:/7.0/toolchain/arm/arm-gnu-toolchain/bin/../lib/gcc/arm-none-eabi/6.3.1/../../../../arm-none-eabi/lib/thumb/v7e-m\libc.a(lib_a-__call_atexit.o)
                              d:/7.0/toolchain/arm/arm-gnu-toolchain/bin/../lib/gcc/arm-none-eabi/6.3.1/../../../../arm-none-eabi/lib/thumb/v7e-m\libc.a(lib_a-exit.o) (__call_exitprocs)
d:/7.0/toolchain/arm/arm-gnu-toolchain/bin/../lib/gcc/arm-none-eabi/6.3.1/../../../../arm-none-eabi/lib/thumb/v7e-m\libc.a(lib_a-atexit.o)
                              d:/7.0/toolchain/arm/arm-gnu-toolchain/bin/../lib/gcc/arm-none-eabi/6.3.1/../../../../arm-none-eabi/lib/thumb/v7e-m\libc.a(lib_a-__call_atexit.o) (atexit)
[...]
Memory Configuration

Name             Origin             Length             Attributes
rom              0x00400000         0x00200000         xr
ram              0x20400000         0x00060000         xrw
*default*        0x00000000         0xffffffff

Linker script and memory map

LOAD d:/7.0/toolchain/arm/arm-gnu-toolchain/bin/../lib/gcc/arm-none-eabi/6.3.1/thumb/v7e-m/crti.o
LOAD d:/7.0/toolchain/arm/arm-gnu-toolchain/bin/../lib/gcc/arm-none-eabi/6.3.1/thumb/v7e-m/crtbegin.o
LOAD d:/7.0/toolchain/arm/arm-gnu-toolchain/bin/../lib/gcc/arm-none-eabi/6.3.1/../../../../arm-none-eabi/lib/thumb/v7e-m/crt0.o
LOAD src/ASF/sam/drivers/rtc/rtc.o
LOAD src/ASF/sam/drivers/rtt/rtt.o
LOAD src/ASF/sam/drivers/tc/tc.o
LOAD src/ASF/common/components/touch/mxt/mxt_device_1.o
LOAD src/ASF/common/services/clock/same70/sysclk.o
LOAD src/ASF/common/services/delay/sam/cycle_counter.o
LOAD src/ASF/common/services/serial/usart_serial.o
LOAD src/ASF/common/services/spi/sam_spi/spi_master.o
LOAD src/ASF/common/utils/interrupt/interrupt_sam_nvic.o
LOAD src/ASF/common/utils/stdio/read.o
LOAD src/ASF/common/utils/stdio/write.o
LOAD src/ASF/sam/boards/same70_xplained/init.o
LOAD src/ASF/sam/components/display/ili9488/ili9488.o
LOAD src/ASF/sam/drivers/mpu/mpu.o
LOAD src/ASF/sam/drivers/pio/pio.o
LOAD src/ASF/sam/drivers/pio/pio_handler.o
LOAD src/ASF/sam/drivers/pmc/pmc.o
LOAD src/ASF/sam/drivers/pmc/sleep.o
LOAD src/ASF/sam/drivers/spi/spi.o
LOAD src/ASF/sam/drivers/twihs/twihs.o
LOAD src/ASF/sam/drivers/uart/uart.o
LOAD src/ASF/sam/drivers/usart/usart.o
LOAD src/ASF/sam/utils/cmsis/same70/source/templates/gcc/startup_same70.o
LOAD src/ASF/sam/utils/cmsis/same70/source/templates/system_same70.o
LOAD src/ASF/sam/utils/syscalls/gcc/syscalls.o
LOAD src/main.o
START GROUP
LOAD ../src/ASF/thirdparty/CMSIS/Lib/GCC\libarm_cortexM7lfsp_math_softfp.a
LOAD d:/7.0/toolchain/arm/arm-gnu-toolchain/bin/../lib/gcc/arm-none-eabi/6.3.1/../../../../arm-none-eabi/lib/thumb/v7e-m\libm.a
END GROUP
START GROUP
LOAD d:/7.0/toolchain/arm/arm-gnu-toolchain/bin/../lib/gcc/arm-none-eabi/6.3.1/thumb/v7e-m\libgcc.a
LOAD d:/7.0/toolchain/arm/arm-gnu-toolchain/bin/../lib/gcc/arm-none-eabi/6.3.1/../../../../arm-none-eabi/lib/thumb/v7e-m\libc.a
END GROUP
LOAD d:/7.0/toolchain/arm/arm-gnu-toolchain/bin/../lib/gcc/arm-none-eabi/6.3.1/thumb/v7e-m/crtend.o
LOAD d:/7.0/toolchain/arm/arm-gnu-toolchain/bin/../lib/gcc/arm-none-eabi/6.3.1/thumb/v7e-m/crtn.o
                0x00002000                STACK_SIZE = DEFINED (STACK_SIZE)?STACK_SIZE:0x2000
                0x2045fffc                __ram_end__ = ((ORIGIN (ram) + LENGTH (ram)) - 0x4)
                0x00000200                HEAP_SIZE = DEFINED (HEAP_SIZE)?HEAP_SIZE:0x200

.text           0x00400000    0x88c3c
                0x00400000                . = ALIGN (0x4)
                0x00400000                _sfixed = .
 *(.vectors .vectors.*)
 .vectors       0x00400000      0x168 src/ASF/sam/utils/cmsis/same70/source/templates/gcc/startup_same70.o
                0x00400000                exception_table
 *(.text .text.* .gnu.linkonce.t.*)
 .text          0x00400168       0x6c d:/7.0/toolchain/arm/arm-gnu-toolchain/bin/../lib/gcc/arm-none-eabi/6.3.1/thumb/v7e-m/crtbegin.o
 .text.rtc_set_time_alarm
                0x004001d4       0x94 src/ASF/sam/drivers/rtc/rtc.o
                0x004001d4                rtc_set_time_alarm
 .text.rtc_set_date_alarm
                0x00400268       0x60 src/ASF/sam/drivers/rtc/rtc.o
                0x00400268                rtc_set_date_alarm
 .text.rtc_get_status
                0x004002c8        0x4 src/ASF/sam/drivers/rtc/rtc.o
                0x004002c8                rtc_get_status
 .text.rtc_clear_status
                0x004002cc        0x4 src/ASF/sam/drivers/rtc/rtc.o
                0x004002cc                rtc_clear_status
 .text.rtt_get_status
                0x004002d0        0x4 src/ASF/sam/drivers/rtt/rtt.o
                0x004002d0                rtt_get_status
 .text.tc_init  0x004002d4       0x1a src/ASF/sam/drivers/tc/tc.o
                0x004002d4                tc_init
 .text.tc_start
                0x004002ee        0x8 src/ASF/sam/drivers/tc/tc.o
                0x004002ee                tc_start
 .text.tc_write_rc
                0x004002f6        0x8 src/ASF/sam/drivers/tc/tc.o
                0x004002f6                tc_write_rc
 .text.tc_enable_interrupt
                0x004002fe        0x8 src/ASF/sam/drivers/tc/tc.o
                0x004002fe                tc_enable_interrupt
 .text.tc_get_status
                0x00400306        0x8 src/ASF/sam/drivers/tc/tc.o
                0x00400306                tc_get_status
 .text.tc_find_mck_divisor
                0x0040030e       0x70 src/ASF/sam/drivers/tc/tc.o
                0x0040030e                tc_find_mck_divisor
 *fill*         0x0040037e        0x2 
 .text.mxt_init_device
                0x00400380      0x298 src/ASF/common/components/touch/mxt/mxt_device_1.o
                0x00400380                mxt_init_device
 .text.mxt_get_object_address
                0x00400618       0x40 src/ASF/common/components/touch/mxt/mxt_device_1.o
                0x00400618                mxt_get_object_address
 .text.mxt_write_config_object
                0x00400658       0x78 src/ASF/common/components/touch/mxt/mxt_device_1.o
                0x00400658                mxt_write_config_object
 .text.mxt_write_config_reg
                0x004006d0       0x48 src/ASF/common/components/touch/mxt/mxt_device_1.o
                0x004006d0                mxt_write_config_reg
 .text.mxt_is_message_pending
                0x00400718       0x24 src/ASF/common/components/touch/mxt/mxt_device_1.o
                0x00400718                mxt_is_message_pending
 .text.mxt_read_message
                0x0040073c       0x4c src/ASF/common/components/touch/mxt/mxt_device_1.o
                0x0040073c                mxt_read_message
 .text.mxt_read_touch_event
                0x00400788       0x70 src/ASF/common/components/touch/mxt/mxt_device_1.o
                0x00400788                mxt_read_touch_event
 .text.sysclk_init
                0x004007f8       0x74 src/ASF/common/services/clock/same70/sysclk.o
                0x004007f8                sysclk_init
 .text.usart_serial_write_packet
                0x0040086c       0xd8 src/ASF/common/services/serial/usart_serial.o
                0x0040086c                usart_serial_write_packet
 .text.spi_master_init
                0x00400944       0x54 src/ASF/common/services/spi/sam_spi/spi_master.o
                0x00400944                spi_master_init
 .text.spi_master_setup_device
                0x00400998       0x80 src/ASF/common/services/spi/sam_spi/spi_master.o
                0x00400998                spi_master_setup_device
 .text.spi_select_device
                0x00400a18       0x30 src/ASF/common/services/spi/sam_spi/spi_master.o
                0x00400a18                spi_select_device
 .text.spi_write_packet
                0x00400a48       0x36 src/ASF/common/services/spi/sam_spi/spi_master.o
                0x00400a48                spi_write_packet
 .text.spi_read_packet
                0x00400a7e       0x54 src/ASF/common/services/spi/sam_spi/spi_master.o
                0x00400a7e                spi_read_packet
 *fill*         0x00400ad2        0x2 
 .text._read    0x00400ad4       0x3c src/ASF/common/utils/stdio/read.o
                0x00400ad4                _read
 .text._write   0x00400b10       0x50 src/ASF/common/utils/stdio/write.o
                0x00400b10                _write
 .text.board_init
                0x00400b60      0x2bc src/ASF/sam/boards/same70_xplained/init.o
                0x00400b60                board_init
 .text.ili9488_check_box_coordinates
                0x00400e1c       0x56 src/ASF/sam/components/display/ili9488/ili9488.o
 *fill*         0x00400e72        0x2 
 .text.ili9488_write_ram_prepare
                0x00400e74       0x3c src/ASF/sam/components/display/ili9488/ili9488.o
 .text.ili9488_write_register
                0x00400eb0       0x74 src/ASF/sam/components/display/ili9488/ili9488.o
 .text.ili9488_write_ram_buffer
                0x00400f24       0x40 src/ASF/sam/components/display/ili9488/ili9488.o
 .text.ili9488_delay
                0x00400f64       0x1c src/ASF/sam/components/display/ili9488/ili9488.o
                0x00400f64                ili9488_delay
 .text.ili9488_set_display_direction
                0x00400f80       0x2c src/ASF/sam/components/display/ili9488/ili9488.o
                0x00400f80                ili9488_set_display_direction
 .text.ili9488_set_window
                0x00400fac       0x80 src/ASF/sam/components/display/ili9488/ili9488.o
                0x00400fac                ili9488_set_window
 .text.ili9488_display_on
                0x0040102c       0x14 src/ASF/sam/components/display/ili9488/ili9488.o
                0x0040102c                ili9488_display_on
 .text.ili9488_set_foreground_color
                0x00401040       0x28 src/ASF/sam/components/display/ili9488/ili9488.o
                0x00401040                ili9488_set_foreground_color
 .text.ili9488_set_cursor_position
                0x00401068       0x64 src/ASF/sam/components/display/ili9488/ili9488.o
                0x00401068                ili9488_set_cursor_position
 .text.ili9488_init
                0x004010cc      0x1c4 src/ASF/sam/components/display/ili9488/ili9488.o
                0x004010cc                ili9488_init
 .text.ili9488_draw_filled_rectangle
                0x00401290       0xbc src/ASF/sam/components/display/ili9488/ili9488.o
                0x00401290                ili9488_draw_filled_rectangle
 .text.ili9488_draw_pixmap
                0x0040134c       0x78 src/ASF/sam/components/display/ili9488/ili9488.o
                0x0040134c                ili9488_draw_pixmap
 .text.pio_set_debounce_filter
                0x004013c4       0x1a src/ASF/sam/drivers/pio/pio.o
                0x004013c4                pio_set_debounce_filter
 .text.pio_set  0x004013de        0x4 src/ASF/sam/drivers/pio/pio.o
                0x004013de                pio_set
 .text.pio_clear
                0x004013e2        0x4 src/ASF/sam/drivers/pio/pio.o
                0x004013e2                pio_clear
 .text.pio_set_peripheral
                0x004013e6       0x92 src/ASF/sam/drivers/pio/pio.o
                0x004013e6                pio_set_peripheral
 .text.pio_set_input
                0x00401478       0x36 src/ASF/sam/drivers/pio/pio.o
                0x00401478                pio_set_input
 .text.pio_set_output
                0x004014ae       0x28 src/ASF/sam/drivers/pio/pio.o
                0x004014ae                pio_set_output
 *fill*         0x004014d6        0x2 
 .text.pio_configure
                0x004014d8       0x90 src/ASF/sam/drivers/pio/pio.o
                0x004014d8                pio_configure
 .text.pio_configure_interrupt
                0x00401568       0x32 src/ASF/sam/drivers/pio/pio.o
                0x00401568                pio_configure_interrupt
 .text.pio_enable_interrupt
                0x0040159a        0x4 src/ASF/sam/drivers/pio/pio.o
                0x0040159a                pio_enable_interrupt
 .text.pio_get_interrupt_status
                0x0040159e        0x4 src/ASF/sam/drivers/pio/pio.o
                0x0040159e                pio_get_interrupt_status
 .text.pio_get_interrupt_mask
                0x004015a2        0x4 src/ASF/sam/drivers/pio/pio.o
                0x004015a2                pio_get_interrupt_mask
 *fill*         0x004015a6        0x2 
 .text.pio_set_pin_high
                0x004015a8       0x1c src/ASF/sam/drivers/pio/pio.o
                0x004015a8                pio_set_pin_high
 .text.pio_set_pin_low
                0x004015c4       0x1c src/ASF/sam/drivers/pio/pio.o
                0x004015c4                pio_set_pin_low
 .text.pio_configure_pin
                0x004015e0      0x130 src/ASF/sam/drivers/pio/pio.o
                0x004015e0                pio_configure_pin
 .text.pio_handler_process
                0x00401710       0x50 src/ASF/sam/drivers/pio/pio_handler.o
                0x00401710                pio_handler_process
 .text.pio_handler_set
                0x00401760       0x70 src/ASF/sam/drivers/pio/pio_handler.o
                0x00401760                pio_handler_set
 .text.PIOA_Handler
                0x004017d0       0x14 src/ASF/sam/drivers/pio/pio_handler.o
                0x004017d0                PIOA_Handler
 .text.PIOB_Handler
                0x004017e4       0x14 src/ASF/sam/drivers/pio/pio_handler.o
                0x004017e4                PIOB_Handler
 .text.PIOC_Handler
                0x004017f8       0x14 src/ASF/sam/drivers/pio/pio_handler.o
                0x004017f8                PIOC_Handler
 .text.PIOD_Handler
                0x0040180c       0x14 src/ASF/sam/drivers/pio/pio_handler.o
                0x0040180c                PIOD_Handler
 .text.PIOE_Handler
                0x00401820       0x14 src/ASF/sam/drivers/pio/pio_handler.o
                0x00401820                PIOE_Handler
 .text.pmc_mck_set_division
                0x00401834       0x38 src/ASF/sam/drivers/pmc/pmc.o
                0x00401834                pmc_mck_set_division
 .text.pmc_switch_mck_to_pllack
                0x0040186c       0x64 src/ASF/sam/drivers/pmc/pmc.o
                0x0040186c                pmc_switch_mck_to_pllack
 .text.pmc_switch_mainck_to_xtal
                0x004018d0       0x54 src/ASF/sam/drivers/pmc/pmc.o
                0x004018d0                pmc_switch_mainck_to_xtal
 .text.pmc_osc_is_ready_mainck
                0x00401924       0x10 src/ASF/sam/drivers/pmc/pmc.o
                0x00401924                pmc_osc_is_ready_mainck
 .text.pmc_disable_pllack
                0x00401934       0x10 src/ASF/sam/drivers/pmc/pmc.o
                0x00401934                pmc_disable_pllack
 .text.pmc_is_locked_pllack
                0x00401944       0x10 src/ASF/sam/drivers/pmc/pmc.o
                0x00401944                pmc_is_locked_pllack
 .text.pmc_enable_periph_clk
                0x00401954       0x20 src/ASF/sam/drivers/pmc/pmc.o
                0x00401954                pmc_enable_periph_clk
 .text.spi_enable_clock
                0x00401974       0x2c src/ASF/sam/drivers/spi/spi.o
                0x00401974                spi_enable_clock
 .text.spi_set_peripheral_chip_select_value
                0x004019a0       0x16 src/ASF/sam/drivers/spi/spi.o
                0x004019a0                spi_set_peripheral_chip_select_value
 .text.spi_set_delay_between_chip_select
                0x004019b6       0x12 src/ASF/sam/drivers/spi/spi.o
                0x004019b6                spi_set_delay_between_chip_select
 .text.spi_write
                0x004019c8       0x34 src/ASF/sam/drivers/spi/spi.o
                0x004019c8                spi_write
 .text.spi_set_clock_polarity
                0x004019fc       0x1e src/ASF/sam/drivers/spi/spi.o
                0x004019fc                spi_set_clock_polarity
 .text.spi_set_clock_phase
                0x00401a1a       0x1e src/ASF/sam/drivers/spi/spi.o
                0x00401a1a                spi_set_clock_phase
 .text.spi_configure_cs_behavior
                0x00401a38       0x46 src/ASF/sam/drivers/spi/spi.o
                0x00401a38                spi_configure_cs_behavior
 .text.spi_set_bits_per_transfer
                0x00401a7e       0x14 src/ASF/sam/drivers/spi/spi.o
                0x00401a7e                spi_set_bits_per_transfer
 .text.spi_calc_baudrate_div
                0x00401a92       0x16 src/ASF/sam/drivers/spi/spi.o
                0x00401a92                spi_calc_baudrate_div
 .text.spi_set_baudrate_div
                0x00401aa8       0x28 src/ASF/sam/drivers/spi/spi.o
                0x00401aa8                spi_set_baudrate_div
 .text.spi_set_transfer_delay
                0x00401ad0       0x1e src/ASF/sam/drivers/spi/spi.o
                0x00401ad0                spi_set_transfer_delay
 *fill*         0x00401aee        0x2 
 .text.twihs_set_speed
                0x00401af0       0xb0 src/ASF/sam/drivers/twihs/twihs.o
                0x00401af0                twihs_set_speed
 .text.twihs_master_init
                0x00401ba0       0x34 src/ASF/sam/drivers/twihs/twihs.o
                0x00401ba0                twihs_master_init
 .text.twihs_master_read
                0x00401bd4       0xac src/ASF/sam/drivers/twihs/twihs.o
                0x00401bd4                twihs_master_read
 .text.twihs_master_write
                0x00401c80       0xa0 src/ASF/sam/drivers/twihs/twihs.o
                0x00401c80                twihs_master_write
 .text.uart_write
                0x00401d20       0x12 src/ASF/sam/drivers/uart/uart.o
                0x00401d20                uart_write
 .text.uart_read
                0x00401d32       0x14 src/ASF/sam/drivers/uart/uart.o
                0x00401d32                uart_read
 .text.usart_set_async_baudrate
                0x00401d46       0x5a src/ASF/sam/drivers/usart/usart.o
                0x00401d46                usart_set_async_baudrate
 .text.usart_reset
                0x00401da0       0x28 src/ASF/sam/drivers/usart/usart.o
                0x00401da0                usart_reset
 .text.usart_init_rs232
                0x00401dc8       0x54 src/ASF/sam/drivers/usart/usart.o
                0x00401dc8                usart_init_rs232
 .text.usart_enable_tx
                0x00401e1c        0x6 src/ASF/sam/drivers/usart/usart.o
                0x00401e1c                usart_enable_tx
 .text.usart_enable_rx
                0x00401e22        0x6 src/ASF/sam/drivers/usart/usart.o
                0x00401e22                usart_enable_rx
 .text.usart_write
                0x00401e28       0x16 src/ASF/sam/drivers/usart/usart.o
                0x00401e28                usart_write
 .text.usart_read
                0x00401e3e       0x18 src/ASF/sam/drivers/usart/usart.o
                0x00401e3e                usart_read
 .text.Dummy_Handler
                0x00401e56        0x2 src/ASF/sam/utils/cmsis/same70/source/templates/gcc/startup_same70.o
                0x00401e56                DACC_Handler
                0x00401e56                DebugMon_Handler
                0x00401e56                UART3_Handler
                0x00401e56                UART2_Handler
                0x00401e56                TRNG_Handler
                0x00401e56                HardFault_Handler
                0x00401e56                TC2_Handler
                0x00401e56                SysTick_Handler
                0x00401e56                AFEC1_Handler
                0x00401e56                PendSV_Handler
                0x00401e56                NMI_Handler
                0x00401e56                TC7_Handler
                0x00401e56                QSPI_Handler
                0x00401e56                ISI_Handler
                0x00401e56                MCAN0_INT0_Handler
                0x00401e56                TC9_Handler
                0x00401e56                RSWDT_Handler
                0x00401e56                USART0_Handler
                0x00401e56                USBHS_Handler
                0x00401e56                IXC_Handler
                0x00401e56                CCF_Handler
                0x00401e56                UsageFault_Handler
                0x00401e56                TC6_Handler
                0x00401e56                WDT_Handler
                0x00401e56                MCAN1_INT1_Handler
                0x00401e56                TC4_Handler
                0x00401e56                HSMCI_Handler
                0x00401e56                UART1_Handler
                0x00401e56                TC3_Handler
                0x00401e56                Dummy_Handler
                0x00401e56                TWIHS1_Handler
                0x00401e56                XDMAC_Handler
                0x00401e56                UART4_Handler
                0x00401e56                PWM1_Handler
                0x00401e56                USART1_Handler
                0x00401e56                PWM0_Handler
                0x00401e56                AFEC0_Handler
                0x00401e56                CCW_Handler
                0x00401e56                SSC_Handler
                0x00401e56                TC11_Handler
                0x00401e56                ACC_Handler
                0x00401e56                PMC_Handler
                0x00401e56                GMAC_Handler
                0x00401e56                MCAN0_INT1_Handler
                0x00401e56                GMAC_Q5_Handler
                0x00401e56                MemManage_Handler
                0x00401e56                SUPC_Handler
                0x00401e56                SVC_Handler
                0x00401e56                TC8_Handler
                0x00401e56                MCAN1_INT0_Handler
                0x00401e56                EFC_Handler
                0x00401e56                GMAC_Q1_Handler
                0x00401e56                USART2_Handler
                0x00401e56                SDRAMC_Handler
                0x00401e56                GMAC_Q2_Handler
                0x00401e56                SPI1_Handler
                0x00401e56                TC10_Handler
                0x00401e56                GMAC_Q3_Handler
                0x00401e56                TWIHS2_Handler
                0x00401e56                I2SC0_Handler
                0x00401e56                UART0_Handler
                0x00401e56                I2SC1_Handler
                0x00401e56                GMAC_Q4_Handler
                0x00401e56                FPU_Handler
                0x00401e56                BusFault_Handler
                0x00401e56                RSTC_Handler
                0x00401e56                TC0_Handler
                0x00401e56                TC5_Handler
                0x00401e56                ICM_Handler
                0x00401e56                AES_Handler
                0x00401e56                TWIHS0_Handler
                0x00401e56                SPI0_Handler
 .text.Reset_Handler
                0x00401e58       0xc8 src/ASF/sam/utils/cmsis/same70/source/templates/gcc/startup_same70.o
                0x00401e58                Reset_Handler
 .text.SystemCoreClockUpdate
                0x00401f20      0x10c src/ASF/sam/utils/cmsis/same70/source/templates/system_same70.o
                0x00401f20                SystemCoreClockUpdate
 .text.system_init_flash
                0x0040202c       0x8c src/ASF/sam/utils/cmsis/same70/source/templates/system_same70.o
                0x0040202c                system_init_flash
 .text._sbrk    0x004020b8       0x38 src/ASF/sam/utils/syscalls/gcc/syscalls.o
                0x004020b8                _sbrk
 .text._close   0x004020f0        0x6 src/ASF/sam/utils/syscalls/gcc/syscalls.o
                0x004020f0                _close
 .text._fstat   0x004020f6        0xa src/ASF/sam/utils/syscalls/gcc/syscalls.o
                0x004020f6                _fstat
 .text._lseek   0x00402100        0x4 src/ASF/sam/utils/syscalls/gcc/syscalls.o
                0x00402100                _lseek
 .text.safe_callback
                0x00402104       0x14 src/main.o
                0x00402104                safe_callback
 .text.PORTA_callback
                0x00402118       0x48 src/main.o
                0x00402118                PORTA_callback
 .text.usart_serial_getchar
                0x00402160       0xdc src/main.o
 .text.usart_serial_putchar
                0x0040223c       0xd4 src/main.o
 .text.RTC_Handler
                0x00402310       0x54 src/main.o
                0x00402310                RTC_Handler
 .text.RTT_Handler
                0x00402364       0x14 src/main.o
                0x00402364                RTT_Handler
 .text.initMenuOrder
                0x00402378       0x34 src/main.o
                0x00402378                initMenuOrder
 .text.TC_init  0x004023ac       0x94 src/main.o
                0x004023ac                TC_init
 .text.io_init  0x00402440       0xbc src/main.o
                0x00402440                io_init
 .text.font_draw_text
                0x004024fc       0x60 src/main.o
                0x004024fc                font_draw_text
 .text.draw_screen
                0x0040255c       0x28 src/main.o
                0x0040255c                draw_screen
 .text.draw_lock
                0x00402584       0x70 src/main.o
                0x00402584                draw_lock
 .text.draw_next
                0x004025f4       0x54 src/main.o
                0x004025f4                draw_next
 .text.draw_prev
                0x00402648       0x50 src/main.o
                0x00402648                draw_prev
 .text.draw_mode
                0x00402698       0x68 src/main.o
                0x00402698                draw_mode
 .text.draw_play_pause
                0x00402700       0xd8 src/main.o
                0x00402700                draw_play_pause
 .text.update_timer
                0x004027d8       0x88 src/main.o
                0x004027d8                update_timer
 .text.update_screen
                0x00402860      0x1c4 src/main.o
                0x00402860                update_screen
 .text.mxt_handler
                0x00402a24       0xc8 src/main.o
                0x00402a24                mxt_handler
 .text.led_update
                0x00402aec       0x30 src/main.o
                0x00402aec                led_update
 .text.TC1_Handler
                0x00402b1c       0xac src/main.o
                0x00402b1c                TC1_Handler
 .text.main     0x00402bc8      0x360 src/main.o
                0x00402bc8                main
 .text.__libc_init_array
                0x00402f28       0x50 d:/7.0/toolchain/arm/arm-gnu-toolchain/bin/../lib/gcc/arm-none-eabi/6.3.1/../../../../arm-none-eabi/lib/thumb/v7e-m\libc.a(lib_a-init.o)
                0x00402f28                __libc_init_array
 .text.malloc   0x00402f78       0x10 d:/7.0/toolchain/arm/arm-gnu-toolchain/bin/../lib/gcc/arm-none-eabi/6.3.1/../../../../arm-none-eabi/lib/thumb/v7e-m\libc.a(lib_a-malloc.o)
                0x00402f78                malloc
 .text._malloc_r
                0x00402f88      0x560 d:/7.0/toolchain/arm/arm-gnu-toolchain/bin/../lib/gcc/arm-none-eabi/6.3.1/../../../../arm-none-eabi/lib/thumb/v7e-m\libc.a(lib_a-mallocr.o)
                0x00402f88                _malloc_r
 .text.memset   0x004034e8       0x9c d:/7.0/toolchain/arm/arm-gnu-toolchain/bin/../lib/gcc/arm-none-eabi/6.3.1/../../../../arm-none-eabi/lib/thumb/v7e-m\libc.a(lib_a-memset.o)
                0x004034e8                memset
 .text.__malloc_lock
                0x00403584        0xc d:/7.0/toolchain/arm/arm-gnu-toolchain/bin/../lib/gcc/arm-none-eabi/6.3.1/../../../../arm-none-eabi/lib/thumb/v7e-m\libc.a(lib_a-mlock.o)
                0x00403584                __malloc_lock
 .text.__malloc_unlock
                0x00403590        0xc d:/7.0/toolchain/arm/arm-gnu-toolchain/bin/../lib/gcc/arm-none-eabi/6.3.1/../../../../arm-none-eabi/lib/thumb/v7e-m\libc.a(lib_a-mlock.o)
                0x00403590                __malloc_unlock
 .text._sbrk_r  0x0040359c       0x24 d:/7.0/toolchain/arm/arm-gnu-toolchain/bin/../lib/gcc/arm-none-eabi/6.3.1/../../../../arm-none-eabi/lib/thumb/v7e-m\libc.a(lib_a-sbrkr.o)
                0x0040359c                _sbrk_r
 .text.setbuf   0x004035c0       0x10 d:/7.0/toolchain/arm/arm-gnu-toolchain/bin/../lib/gcc/arm-none-eabi/6.3.1/../../../../arm-none-eabi/lib/thumb/v7e-m\libc.a(lib_a-setbuf.o)
                0x004035c0                setbuf
 .text.setvbuf  0x004035d0      0x190 d:/7.0/toolchain/arm/arm-gnu-toolchain/bin/../lib/gcc/arm-none-eabi/6.3.1/../../../../arm-none-eabi/lib/thumb/v7e-m\libc.a(lib_a-setvbuf.o)
                0x004035d0                setvbuf
 .text.sprintf  0x00403760       0x4c d:/7.0/toolchain/arm/arm-gnu-toolchain/bin/../lib/gcc/arm-none-eabi/6.3.1/../../../../arm-none-eabi/lib/thumb/v7e-m\libc.a(lib_a-sprintf.o)
                0x00403760                sprintf
 .text.strcat   0x004037ac       0x40 d:/7.0/toolchain/arm/arm-gnu-toolchain/bin/../lib/gcc/arm-none-eabi/6.3.1/../../../../arm-none-eabi/lib/thumb/v7e-m\libc.a(lib_a-strcat.o)
                0x004037ac                strcat
 .text.strcpy   0x004037ec       0xbc d:/7.0/toolchain/arm/arm-gnu-toolchain/bin/../lib/gcc/arm-none-eabi/6.3.1/../../../../arm-none-eabi/lib/thumb/v7e-m\libc.a(lib_a-strcpy.o)
                0x004037ec                strcpy
 *fill*         0x004038a8       0x18 
 .text          0x004038c0       0xdc d:/7.0/toolchain/arm/arm-gnu-toolchain/bin/../lib/gcc/arm-none-eabi/6.3.1/../../../../arm-none-eabi/lib/thumb/v7e-m\libc.a(lib_a-strlen.o)
                0x004038c0                strlen
 .text._svfprintf_r
                0x0040399c     0x145c d:/7.0/toolchain/arm/arm-gnu-toolchain/bin/../lib/gcc/arm-none-eabi/6.3.1/../../../../arm-none-eabi/lib/thumb/v7e-m\libc.a(lib_a-svfprintf.o)
                0x0040399c                _svfprintf_r
 .text.startup.register_fini
                0x00404df8       0x14 d:/7.0/toolchain/arm/arm-gnu-toolchain/bin/../lib/gcc/arm-none-eabi/6.3.1/../../../../arm-none-eabi/lib/thumb/v7e-m\libc.a(lib_a-__call_atexit.o)
 .text.atexit   0x00404e0c        0xc d:/7.0/toolchain/arm/arm-gnu-toolchain/bin/../lib/gcc/arm-none-eabi/6.3.1/../../../../arm-none-eabi/lib/thumb/v7e-m\libc.a(lib_a-atexit.o)
                0x00404e0c                atexit
 .text.quorem   0x00404e18      0x128 d:/7.0/toolchain/arm/arm-gnu-toolchain/bin/../lib/gcc/arm-none-eabi/6.3.1/../../../../arm-none-eabi/lib/thumb/v7e-m\libc.a(lib_a-dtoa.o)
 .text._dtoa_r  0x00404f40      0xe54 d:/7.0/toolchain/arm/arm-gnu-toolchain/bin/../lib/gcc/arm-none-eabi/6.3.1/../../../../arm-none-eabi/lib/thumb/v7e-m\libc.a(lib_a-dtoa.o)
                0x00404f40                _dtoa_r
 .text.__sflush_r
                0x00405d94      0x140 d:/7.0/toolchain/arm/arm-gnu-toolchain/bin/../lib/gcc/arm-none-eabi/6.3.1/../../../../arm-none-eabi/lib/thumb/v7e-m\libc.a(lib_a-fflush.o)
                0x00405d94                __sflush_r
 .text._fflush_r
                0x00405ed4       0x54 d:/7.0/toolchain/arm/arm-gnu-toolchain/bin/../lib/gcc/arm-none-eabi/6.3.1/../../../../arm-none-eabi/lib/thumb/v7e-m\libc.a(lib_a-fflush.o)
                0x00405ed4                _fflush_r
 .text._cleanup_r
                0x00405f28        0xc d:/7.0/toolchain/arm/arm-gnu-toolchain/bin/../lib/gcc/arm-none-eabi/6.3.1/../../../../arm-none-eabi/lib/thumb/v7e-m\libc.a(lib_a-findfp.o)
                0x00405f28                _cleanup_r
 .text.std.isra.0
                0x00405f34       0x50 d:/7.0/toolchain/arm/arm-gnu-toolchain/bin/../lib/gcc/arm-none-eabi/6.3.1/../../../../arm-none-eabi/lib/thumb/v7e-m\libc.a(lib_a-findfp.o)
 .text.__sinit  0x00405f84       0x58 d:/7.0/toolchain/arm/arm-gnu-toolchain/bin/../lib/gcc/arm-none-eabi/6.3.1/../../../../arm-none-eabi/lib/thumb/v7e-m\libc.a(lib_a-findfp.o)
                0x00405f84                __sinit
 .text.__sfp_lock_acquire
                0x00405fdc        0xc d:/7.0/toolchain/arm/arm-gnu-toolchain/bin/../lib/gcc/arm-none-eabi/6.3.1/../../../../arm-none-eabi/lib/thumb/v7e-m\libc.a(lib_a-findfp.o)
                0x00405fdc                __sfp_lock_acquire
 .text.__sfp_lock_release
                0x00405fe8        0xc d:/7.0/toolchain/arm/arm-gnu-toolchain/bin/../lib/gcc/arm-none-eabi/6.3.1/../../../../arm-none-eabi/lib/thumb/v7e-m\libc.a(lib_a-findfp.o)
                0x00405fe8                __sfp_lock_release
 .text.__libc_fini_array
                0x00405ff4       0x34 d:/7.0/toolchain/arm/arm-gnu-toolchain/bin/../lib/gcc/arm-none-eabi/6.3.1/../../../../arm-none-eabi/lib/thumb/v7e-m\libc.a(lib_a-fini.o)
                0x00405ff4                __libc_fini_array
 .text._malloc_trim_r
                0x00406028       0xa0 d:/7.0/toolchain/arm/arm-gnu-toolchain/bin/../lib/gcc/arm-none-eabi/6.3.1/../../../../arm-none-eabi/lib/thumb/v7e-m\libc.a(lib_a-freer.o)
                0x00406028                _malloc_trim_r
 .text._free_r  0x004060c8      0x1cc d:/7.0/toolchain/arm/arm-gnu-toolchain/bin/../lib/gcc/arm-none-eabi/6.3.1/../../../../arm-none-eabi/lib/thumb/v7e-m\libc.a(lib_a-freer.o)
                0x004060c8                _free_r
 .text._fwalk_reent
                0x00406294       0x54 d:/7.0/toolchain/arm/arm-gnu-toolchain/bin/../lib/gcc/arm-none-eabi/6.3.1/../../../../arm-none-eabi/lib/thumb/v7e-m\libc.a(lib_a-fwalk.o)
                0x00406294                _fwalk_reent
 .text._localeconv_r
                0x004062e8       0x1c d:/7.0/toolchain/arm/arm-gnu-toolchain/bin/../lib/gcc/arm-none-eabi/6.3.1/../../../../arm-none-eabi/lib/thumb/v7e-m\libc.a(lib_a-localeconv.o)
                0x004062e8                _localeconv_r
 .text.__retarget_lock_init_recursive
                0x00406304        0x4 d:/7.0/toolchain/arm/arm-gnu-toolchain/bin/../lib/gcc/arm-none-eabi/6.3.1/../../../../arm-none-eabi/lib/thumb/v7e-m\libc.a(lib_a-lock.o)
                0x00406304                __retarget_lock_init_recursive
 .text.__retarget_lock_close_recursive
                0x00406308        0x4 d:/7.0/toolchain/arm/arm-gnu-toolchain/bin/../lib/gcc/arm-none-eabi/6.3.1/../../../../arm-none-eabi/lib/thumb/v7e-m\libc.a(lib_a-lock.o)
                0x00406308                __retarget_lock_close_recursive
 .text.__retarget_lock_acquire_recursive
                0x0040630c        0x4 d:/7.0/toolchain/arm/arm-gnu-toolchain/bin/../lib/gcc/arm-none-eabi/6.3.1/../../../../arm-none-eabi/lib/thumb/v7e-m\libc.a(lib_a-lock.o)
                0x0040630c                __retarget_lock_acquire_recursive
 .text.__retarget_lock_release_recursive
                0x00406310        0x4 d:/7.0/toolchain/arm/arm-gnu-toolchain/bin/../lib/gcc/arm-none-eabi/6.3.1/../../../../arm-none-eabi/lib/thumb/v7e-m\libc.a(lib_a-lock.o)
                0x00406310                __retarget_lock_release_recursive
 .text.__swhatbuf_r
                0x00406314       0x5c d:/7.0/toolchain/arm/arm-gnu-toolchain/bin/../lib/gcc/arm-none-eabi/6.3.1/../../../../arm-none-eabi/lib/thumb/v7e-m\libc.a(lib_a-makebuf.o)
                0x00406314                __swhatbuf_r
 .text          0x00406370       0xa0 d:/7.0/toolchain/arm/arm-gnu-toolchain/bin/../lib/gcc/arm-none-eabi/6.3.1/../../../../arm-none-eabi/lib/thumb/v7e-m\libc.a(lib_a-memchr.o)
                0x00406370                memchr
 .text          0x00406410      0x134 d:/7.0/toolchain/arm/arm-gnu-toolchain/bin/../lib/gcc/arm-none-eabi/6.3.1/../../../../arm-none-eabi/lib/thumb/v7e-m\libc.a(lib_a-memcpy.o)
                0x00406410                memcpy
 .text._Balloc  0x00406544       0x4c d:/7.0/toolchain/arm/arm-gnu-toolchain/bin/../lib/gcc/arm-none-eabi/6.3.1/../../../../arm-none-eabi/lib/thumb/v7e-m\libc.a(lib_a-mprec.o)
                0x00406544                _Balloc
 .text._Bfree   0x00406590       0x14 d:/7.0/toolchain/arm/arm-gnu-toolchain/bin/../lib/gcc/arm-none-eabi/6.3.1/../../../../arm-none-eabi/lib/thumb/v7e-m\libc.a(lib_a-mprec.o)
                0x00406590                _Bfree
 .text.__multadd
                0x004065a4       0x80 d:/7.0/toolchain/arm/arm-gnu-toolchain/bin/../lib/gcc/arm-none-eabi/6.3.1/../../../../arm-none-eabi/lib/thumb/v7e-m\libc.a(lib_a-mprec.o)
                0x004065a4                __multadd
 .text.__hi0bits
                0x00406624       0x40 d:/7.0/toolchain/arm/arm-gnu-toolchain/bin/../lib/gcc/arm-none-eabi/6.3.1/../../../../arm-none-eabi/lib/thumb/v7e-m\libc.a(lib_a-mprec.o)
                0x00406624                __hi0bits
 .text.__lo0bits
                0x00406664       0x60 d:/7.0/toolchain/arm/arm-gnu-toolchain/bin/../lib/gcc/arm-none-eabi/6.3.1/../../../../arm-none-eabi/lib/thumb/v7e-m\libc.a(lib_a-mprec.o)
                0x00406664                __lo0bits
 .text.__i2b    0x004066c4       0x14 d:/7.0/toolchain/arm/arm-gnu-toolchain/bin/../lib/gcc/arm-none-eabi/6.3.1/../../../../arm-none-eabi/lib/thumb/v7e-m\libc.a(lib_a-mprec.o)
                0x004066c4                __i2b
 .text.__multiply
                0x004066d8      0x124 d:/7.0/toolchain/arm/arm-gnu-toolchain/bin/../lib/gcc/arm-none-eabi/6.3.1/../../../../arm-none-eabi/lib/thumb/v7e-m\libc.a(lib_a-mprec.o)
                0x004066d8                __multiply
 .text.__pow5mult
                0x004067fc       0xa0 d:/7.0/toolchain/arm/arm-gnu-toolchain/bin/../lib/gcc/arm-none-eabi/6.3.1/../../../../arm-none-eabi/lib/thumb/v7e-m\libc.a(lib_a-mprec.o)
                0x004067fc                __pow5mult
 .text.__lshift
                0x0040689c       0xa4 d:/7.0/toolchain/arm/arm-gnu-toolchain/bin/../lib/gcc/arm-none-eabi/6.3.1/../../../../arm-none-eabi/lib/thumb/v7e-m\libc.a(lib_a-mprec.o)
                0x0040689c                __lshift
 .text.__mcmp   0x00406940       0x38 d:/7.0/toolchain/arm/arm-gnu-toolchain/bin/../lib/gcc/arm-none-eabi/6.3.1/../../../../arm-none-eabi/lib/thumb/v7e-m\libc.a(lib_a-mprec.o)
                0x00406940                __mcmp
 .text.__mdiff  0x00406978      0x108 d:/7.0/toolchain/arm/arm-gnu-toolchain/bin/../lib/gcc/arm-none-eabi/6.3.1/../../../../arm-none-eabi/lib/thumb/v7e-m\libc.a(lib_a-mprec.o)
                0x00406978                __mdiff
 .text.__d2b    0x00406a80       0xb8 d:/7.0/toolchain/arm/arm-gnu-toolchain/bin/../lib/gcc/arm-none-eabi/6.3.1/../../../../arm-none-eabi/lib/thumb/v7e-m\libc.a(lib_a-mprec.o)
                0x00406a80                __d2b
 .text.__sread  0x00406b38       0x24 d:/7.0/toolchain/arm/arm-gnu-toolchain/bin/../lib/gcc/arm-none-eabi/6.3.1/../../../../arm-none-eabi/lib/thumb/v7e-m\libc.a(lib_a-stdio.o)
                0x00406b38                __sread
 .text.__swrite
                0x00406b5c       0x3c d:/7.0/toolchain/arm/arm-gnu-toolchain/bin/../lib/gcc/arm-none-eabi/6.3.1/../../../../arm-none-eabi/lib/thumb/v7e-m\libc.a(lib_a-stdio.o)
                0x00406b5c                __swrite
 .text.__sseek  0x00406b98       0x20 d:/7.0/toolchain/arm/arm-gnu-toolchain/bin/../lib/gcc/arm-none-eabi/6.3.1/../../../../arm-none-eabi/lib/thumb/v7e-m\libc.a(lib_a-stdio.o)
                0x00406b98                __sseek
 .text.__sclose
                0x00406bb8        0x8 d:/7.0/toolchain/arm/arm-gnu-toolchain/bin/../lib/gcc/arm-none-eabi/6.3.1/../../../../arm-none-eabi/lib/thumb/v7e-m\libc.a(lib_a-stdio.o)
                0x00406bb8                __sclose
 .text.__ssprint_r
                0x00406bc0       0xfc d:/7.0/toolchain/arm/arm-gnu-toolchain/bin/../lib/gcc/arm-none-eabi/6.3.1/../../../../arm-none-eabi/lib/thumb/v7e-m\libc.a(lib_a-svfiprintf.o)
                0x00406bc0                __ssprint_r
 .text._write_r
                0x00406cbc       0x2c d:/7.0/toolchain/arm/arm-gnu-toolchain/bin/../lib/gcc/arm-none-eabi/6.3.1/../../../../arm-none-eabi/lib/thumb/v7e-m\libc.a(lib_a-writer.o)
                0x00406cbc                _write_r
 .text.__register_exitproc
                0x00406ce8       0xc4 d:/7.0/toolchain/arm/arm-gnu-toolchain/bin/../lib/gcc/arm-none-eabi/6.3.1/../../../../arm-none-eabi/lib/thumb/v7e-m\libc.a(lib_a-__atexit.o)
                0x00406ce8                __register_exitproc
 .text._calloc_r
                0x00406dac       0x60 d:/7.0/toolchain/arm/arm-gnu-toolchain/bin/../lib/gcc/arm-none-eabi/6.3.1/../../../../arm-none-eabi/lib/thumb/v7e-m\libc.a(lib_a-callocr.o)
                0x00406dac                _calloc_r
 .text._close_r
                0x00406e0c       0x24 d:/7.0/toolchain/arm/arm-gnu-toolchain/bin/../lib/gcc/arm-none-eabi/6.3.1/../../../../arm-none-eabi/lib/thumb/v7e-m\libc.a(lib_a-closer.o)
                0x00406e0c                _close_r
 .text._fclose_r
                0x00406e30       0xc4 d:/7.0/toolchain/arm/arm-gnu-toolchain/bin/../lib/gcc/arm-none-eabi/6.3.1/../../../../arm-none-eabi/lib/thumb/v7e-m\libc.a(lib_a-fclose.o)
                0x00406e30                _fclose_r
 .text._fstat_r
                0x00406ef4       0x28 d:/7.0/toolchain/arm/arm-gnu-toolchain/bin/../lib/gcc/arm-none-eabi/6.3.1/../../../../arm-none-eabi/lib/thumb/v7e-m\libc.a(lib_a-fstatr.o)
                0x00406ef4                _fstat_r
 .text._lseek_r
                0x00406f1c       0x2c d:/7.0/toolchain/arm/arm-gnu-toolchain/bin/../lib/gcc/arm-none-eabi/6.3.1/../../../../arm-none-eabi/lib/thumb/v7e-m\libc.a(lib_a-lseekr.o)
                0x00406f1c                _lseek_r
 .text.__ascii_mbtowc
                0x00406f48       0x2c d:/7.0/toolchain/arm/arm-gnu-toolchain/bin/../lib/gcc/arm-none-eabi/6.3.1/../../../../arm-none-eabi/lib/thumb/v7e-m\libc.a(lib_a-mbtowc_r.o)
                0x00406f48                __ascii_mbtowc
 .text.memmove  0x00406f74       0xc8 d:/7.0/toolchain/arm/arm-gnu-toolchain/bin/../lib/gcc/arm-none-eabi/6.3.1/../../../../arm-none-eabi/lib/thumb/v7e-m\libc.a(lib_a-memmove.o)
                0x00406f74                memmove
 .text._read_r  0x0040703c       0x2c d:/7.0/toolchain/arm/arm-gnu-toolchain/bin/../lib/gcc/arm-none-eabi/6.3.1/../../../../arm-none-eabi/lib/thumb/v7e-m\libc.a(lib_a-readr.o)
                0x0040703c                _read_r
 .text._realloc_r
                0x00407068      0x34c d:/7.0/toolchain/arm/arm-gnu-toolchain/bin/../lib/gcc/arm-none-eabi/6.3.1/../../../../arm-none-eabi/lib/thumb/v7e-m\libc.a(lib_a-reallocr.o)
                0x00407068                _realloc_r
 .text.__ascii_wctomb
                0x004073b4       0x1c d:/7.0/toolchain/arm/arm-gnu-toolchain/bin/../lib/gcc/arm-none-eabi/6.3.1/../../../../arm-none-eabi/lib/thumb/v7e-m\libc.a(lib_a-wctomb_r.o)
                0x004073b4                __ascii_wctomb
 .text          0x004073d0      0x370 d:/7.0/toolchain/arm/arm-gnu-toolchain/bin/../lib/gcc/arm-none-eabi/6.3.1/thumb/v7e-m\libgcc.a(_arm_addsubdf3.o)
                0x004073d0                __aeabi_drsub
                0x004073d8                __aeabi_dsub
                0x004073d8                __subdf3
                0x004073dc                __aeabi_dadd
                0x004073dc                __adddf3
                0x00407654                __floatunsidf
                0x00407654                __aeabi_ui2d
                0x00407674                __floatsidf
                0x00407674                __aeabi_i2d
                0x00407698                __aeabi_f2d
                0x00407698                __extendsfdf2
                0x004076d4                __floatundidf
                0x004076d4                __aeabi_ul2d
                0x004076e4                __floatdidf
                0x004076e4                __aeabi_l2d
 .text          0x00407740      0x424 d:/7.0/toolchain/arm/arm-gnu-toolchain/bin/../lib/gcc/arm-none-eabi/6.3.1/thumb/v7e-m\libgcc.a(_arm_muldivdf3.o)
                0x00407740                __aeabi_dmul
                0x00407740                __muldf3
                0x00407994                __divdf3
                0x00407994                __aeabi_ddiv
 .text          0x00407b64      0x110 d:/7.0/toolchain/arm/arm-gnu-toolchain/bin/../lib/gcc/arm-none-eabi/6.3.1/thumb/v7e-m\libgcc.a(_arm_cmpdf2.o)
                0x00407b64                __gtdf2
                0x00407b64                __gedf2
                0x00407b6c                __ltdf2
                0x00407b6c                __ledf2
                0x00407b74                __nedf2
                0x00407b74                __eqdf2
                0x00407b74                __cmpdf2
                0x00407bf0                __aeabi_cdrcmple
                0x00407c00                __aeabi_cdcmpeq
                0x00407c00                __aeabi_cdcmple
                0x00407c10                __aeabi_dcmpeq
                0x00407c24                __aeabi_dcmplt
                0x00407c38                __aeabi_dcmple
                0x00407c4c                __aeabi_dcmpge
                0x00407c60                __aeabi_dcmpgt
 .text          0x00407c74       0x2c d:/7.0/toolchain/arm/arm-gnu-toolchain/bin/../lib/gcc/arm-none-eabi/6.3.1/thumb/v7e-m\libgcc.a(_arm_unorddf2.o)
                0x00407c74                __unorddf2
                0x00407c74                __aeabi_dcmpun
 .text          0x00407ca0       0x50 d:/7.0/toolchain/arm/arm-gnu-toolchain/bin/../lib/gcc/arm-none-eabi/6.3.1/thumb/v7e-m\libgcc.a(_arm_fixdfsi.o)
                0x00407ca0                __aeabi_d2iz
                0x00407ca0                __fixdfsi
 .text          0x00407cf0       0x30 d:/7.0/toolchain/arm/arm-gnu-toolchain/bin/../lib/gcc/arm-none-eabi/6.3.1/thumb/v7e-m\libgcc.a(_aeabi_uldivmod.o)
                0x00407cf0                __aeabi_uldivmod
 .text          0x00407d20      0x2dc d:/7.0/toolchain/arm/arm-gnu-toolchain/bin/../lib/gcc/arm-none-eabi/6.3.1/thumb/v7e-m\libgcc.a(_udivmoddi4.o)
                0x00407d20                __udivmoddi4
 .text          0x00407ffc        0x4 d:/7.0/toolchain/arm/arm-gnu-toolchain/bin/../lib/gcc/arm-none-eabi/6.3.1/thumb/v7e-m\libgcc.a(_dvmd_tls.o)
                0x00407ffc                __aeabi_idiv0
                0x00407ffc                __aeabi_ldiv0
 *(.glue_7t)
 .glue_7t       0x00408000        0x0 linker stubs
 *(.glue_7)
 .glue_7        0x00408000        0x0 linker stubs
 *(.rodata .rodata* .gnu.linkonce.r.*)
 .rodata        0x00408000       0x5d src/main.o
 *fill*         0x0040805d        0x3 
 .rodata.TC1_Handler.str1.4
                0x00408060       0x17 src/main.o
 *fill*         0x00408077        0x1 
 .rodata.calibri_36
                0x00408078        0xc src/main.o
                0x00408078                calibri_36
 .rodata.calibri_36_0x20
                0x00408084       0x10 src/main.o
 .rodata.calibri_36_0x21
                0x00408094       0x10 src/main.o
 .rodata.calibri_36_0x22
                0x004080a4       0x10 src/main.o
 .rodata.calibri_36_0x23
                0x004080b4       0x10 src/main.o
 .rodata.calibri_36_0x24
                0x004080c4       0x10 src/main.o
 .rodata.calibri_36_0x25
                0x004080d4       0x10 src/main.o
 .rodata.calibri_36_0x26
                0x004080e4       0x10 src/main.o
 .rodata.calibri_36_0x27
                0x004080f4       0x10 src/main.o
 .rodata.calibri_36_0x28
                0x00408104       0x10 src/main.o
 .rodata.calibri_36_0x29
                0x00408114       0x10 src/main.o
 .rodata.calibri_36_0x2a
                0x00408124       0x10 src/main.o
 .rodata.calibri_36_0x2b
                0x00408134       0x10 src/main.o
 .rodata.calibri_36_0x2c
                0x00408144       0x10 src/main.o
 .rodata.calibri_36_0x2d
                0x00408154       0x10 src/main.o
 .rodata.calibri_36_0x2e
                0x00408164       0x10 src/main.o
 .rodata.calibri_36_0x2f
                0x00408174       0x10 src/main.o
 .rodata.calibri_36_0x30
                0x00408184       0x10 src/main.o
 .rodata.calibri_36_0x31
                0x00408194       0x10 src/main.o
 .rodata.calibri_36_0x32
                0x004081a4       0x10 src/main.o
 .rodata.calibri_36_0x33
                0x004081b4       0x10 src/main.o
 .rodata.calibri_36_0x34
                0x004081c4       0x10 src/main.o
 .rodata.calibri_36_0x35
                0x004081d4       0x10 src/main.o
 .rodata.calibri_36_0x36
                0x004081e4       0x10 src/main.o
 .rodata.calibri_36_0x37
                0x004081f4       0x10 src/main.o
 .rodata.calibri_36_0x38
                0x00408204       0x10 src/main.o
 .rodata.calibri_36_0x39
                0x00408214       0x10 src/main.o
 .rodata.calibri_36_0x3a
                0x00408224       0x10 src/main.o
 .rodata.calibri_36_0x3b
                0x00408234       0x10 src/main.o
 .rodata.calibri_36_0x3c
                0x00408244       0x10 src/main.o
 .rodata.calibri_36_0x3d
                0x00408254       0x10 src/main.o
 .rodata.calibri_36_0x3e
                0x00408264       0x10 src/main.o
 .rodata.calibri_36_0x3f
                0x00408274       0x10 src/main.o
 .rodata.calibri_36_0x40
                0x00408284       0x10 src/main.o
 .rodata.calibri_36_0x41
                0x00408294       0x10 src/main.o
 .rodata.calibri_36_0x42
                0x004082a4       0x10 src/main.o
 .rodata.calibri_36_0x43
                0x004082b4       0x10 src/main.o
 .rodata.calibri_36_0x44
                0x004082c4       0x10 src/main.o
 .rodata.calibri_36_0x45
                0x004082d4       0x10 src/main.o
 .rodata.calibri_36_0x46
                0x004082e4       0x10 src/main.o
 .rodata.calibri_36_0x47
                0x004082f4       0x10 src/main.o
 .rodata.calibri_36_0x48
                0x00408304       0x10 src/main.o
 .rodata.calibri_36_0x49
                0x00408314       0x10 src/main.o
 .rodata.calibri_36_0x4a
                0x00408324       0x10 src/main.o
 .rodata.calibri_36_0x4b
                0x00408334       0x10 src/main.o
 .rodata.calibri_36_0x4c
                0x00408344       0x10 src/main.o
 .rodata.calibri_36_0x4d
                0x00408354       0x10 src/main.o
 .rodata.calibri_36_0x4e
                0x00408364       0x10 src/main.o
 .rodata.calibri_36_0x4f
                0x00408374       0x10 src/main.o
 .rodata.calibri_36_0x50
                0x00408384       0x10 src/main.o
 .rodata.calibri_36_0x51
                0x00408394       0x10 src/main.o
 .rodata.calibri_36_0x52
                0x004083a4       0x10 src/main.o
 .rodata.calibri_36_0x53
                0x004083b4       0x10 src/main.o
 .rodata.calibri_36_0x54
                0x004083c4       0x10 src/main.o
 .rodata.calibri_36_0x55
                0x004083d4       0x10 src/main.o
 .rodata.calibri_36_0x56
                0x004083e4       0x10 src/main.o
 .rodata.calibri_36_0x57
                0x004083f4       0x10 src/main.o
 .rodata.calibri_36_0x58
                0x00408404       0x10 src/main.o
 .rodata.calibri_36_0x59
                0x00408414       0x10 src/main.o
 .rodata.calibri_36_0x5a
                0x00408424       0x10 src/main.o
 .rodata.calibri_36_0x5b
                0x00408434       0x10 src/main.o
 .rodata.calibri_36_0x5c
                0x00408444       0x10 src/main.o
 .rodata.calibri_36_0x5d
                0x00408454       0x10 src/main.o
 .rodata.calibri_36_0x5e
                0x00408464       0x10 src/main.o
 .rodata.calibri_36_0x5f
                0x00408474       0x10 src/main.o
 .rodata.calibri_36_0x60
                0x00408484       0x10 src/main.o
 .rodata.calibri_36_0x61
                0x00408494       0x10 src/main.o
 .rodata.calibri_36_0x62
                0x004084a4       0x10 src/main.o
 .rodata.calibri_36_0x63
                0x004084b4       0x10 src/main.o
 .rodata.calibri_36_0x64
                0x004084c4       0x10 src/main.o
 .rodata.calibri_36_0x65
                0x004084d4       0x10 src/main.o
 .rodata.calibri_36_0x66
                0x004084e4       0x10 src/main.o
 .rodata.calibri_36_0x67
                0x004084f4       0x10 src/main.o
 .rodata.calibri_36_0x68
                0x00408504       0x10 src/main.o
 .rodata.calibri_36_0x69
                0x00408514       0x10 src/main.o
 .rodata.calibri_36_0x6a
                0x00408524       0x10 src/main.o
 .rodata.calibri_36_0x6b
                0x00408534       0x10 src/main.o
 .rodata.calibri_36_0x6c
                0x00408544       0x10 src/main.o
 .rodata.calibri_36_0x6d
                0x00408554       0x10 src/main.o
 .rodata.calibri_36_0x6e
                0x00408564       0x10 src/main.o
 .rodata.calibri_36_0x6f
                0x00408574       0x10 src/main.o
 .rodata.calibri_36_0x70
                0x00408584       0x10 src/main.o
 .rodata.calibri_36_0x71
                0x00408594       0x10 src/main.o
 .rodata.calibri_36_0x72
                0x004085a4       0x10 src/main.o
 .rodata.calibri_36_0x73
                0x004085b4       0x10 src/main.o
 .rodata.calibri_36_0x74
                0x004085c4       0x10 src/main.o
 .rodata.calibri_36_0x75
                0x004085d4       0x10 src/main.o
 .rodata.calibri_36_0x76
                0x004085e4       0x10 src/main.o
 .rodata.calibri_36_0x77
                0x004085f4       0x10 src/main.o
 .rodata.calibri_36_0x78
                0x00408604       0x10 src/main.o
 .rodata.calibri_36_0x79
                0x00408614       0x10 src/main.o
 .rodata.calibri_36_0x7a
                0x00408624       0x10 src/main.o
 .rodata.calibri_36_0x7b
                0x00408634       0x10 src/main.o
 .rodata.calibri_36_0x7c
                0x00408644       0x10 src/main.o
 .rodata.calibri_36_0x7d
                0x00408654       0x10 src/main.o
 .rodata.calibri_36_0x7e
                0x00408664       0x10 src/main.o
 .rodata.calibri_36_array
                0x00408674      0x2f8 src/main.o
 .rodata.cent   0x0040896c       0x10 src/main.o
                0x0040896c                cent
 .rodata.day    0x0040897c       0x10 src/main.o
                0x0040897c                day
 .rodata.draw_play_pause.str1.4
                0x0040898c       0x10 src/main.o
 .rodata.enx    0x0040899c       0x10 src/main.o
                0x0040899c                enx
 .rodata.fast   0x004089ac       0x10 src/main.o
                0x004089ac                fast
 .rodata.image_data_ON
                0x004089bc     0x3000 src/main.o
 .rodata.image_data_Play
                0x0040b9bc     0x3000 src/main.o
 .rodata.image_data_calibri_36_0x20
                0x0040e9bc      0x378 src/main.o
 .rodata.image_data_calibri_36_0x21
                0x0040ed34      0x534 src/main.o
 .rodata.image_data_calibri_36_0x22
                0x0040f268      0x612 src/main.o
 *fill*         0x0040f87a        0x2 
 .rodata.image_data_calibri_36_0x23
                0x0040f87c      0x7ce src/main.o
 *fill*         0x0041004a        0x2 
 .rodata.image_data_calibri_36_0x24
                0x0041004c      0x7ce src/main.o
 *fill*         0x0041081a        0x2 
 .rodata.image_data_calibri_36_0x25
                0x0041081c      0xb46 src/main.o
 *fill*         0x00411362        0x2 
 .rodata.image_data_calibri_36_0x26
                0x00411364      0xad7 src/main.o
 *fill*         0x00411e3b        0x1 
 .rodata.image_data_calibri_36_0x27
                0x00411e3c      0x378 src/main.o
 .rodata.image_data_calibri_36_0x28
                0x004121b4      0x4c5 src/main.o
 *fill*         0x00412679        0x3 
 .rodata.image_data_calibri_36_0x29
                0x0041267c      0x4c5 src/main.o
 *fill*         0x00412b41        0x3 
 .rodata.image_data_calibri_36_0x2a
                0x00412b44      0x7ce src/main.o
 *fill*         0x00413312        0x2 
 .rodata.image_data_calibri_36_0x2b
                0x00413314      0x7ce src/main.o
 *fill*         0x00413ae2        0x2 
 .rodata.image_data_calibri_36_0x2c
                0x00413ae4      0x3e7 src/main.o
 *fill*         0x00413ecb        0x1 
 .rodata.image_data_calibri_36_0x2d
                0x00413ecc      0x4c5 src/main.o
 *fill*         0x00414391        0x3 
 .rodata.image_data_calibri_36_0x2e
                0x00414394      0x3e7 src/main.o
 *fill*         0x0041477b        0x1 
 .rodata.image_data_calibri_36_0x2f
                0x0041477c      0x612 src/main.o
 *fill*         0x00414d8e        0x2 
 .rodata.image_data_calibri_36_0x30
                0x00414d90      0x7ce src/main.o
 *fill*         0x0041555e        0x2 
 .rodata.image_data_calibri_36_0x31
                0x00415560      0x7ce src/main.o
 *fill*         0x00415d2e        0x2 
 .rodata.image_data_calibri_36_0x32
                0x00415d30      0x7ce src/main.o
 *fill*         0x004164fe        0x2 
 .rodata.image_data_calibri_36_0x33
                0x00416500      0x7ce src/main.o
 *fill*         0x00416cce        0x2 
 .rodata.image_data_calibri_36_0x34
                0x00416cd0      0x7ce src/main.o
 *fill*         0x0041749e        0x2 
 .rodata.image_data_calibri_36_0x35
                0x004174a0      0x7ce src/main.o
 *fill*         0x00417c6e        0x2 
 .rodata.image_data_calibri_36_0x36
                0x00417c70      0x7ce src/main.o
 *fill*         0x0041843e        0x2 
 .rodata.image_data_calibri_36_0x37
                0x00418440      0x7ce src/main.o
 *fill*         0x00418c0e        0x2 
 .rodata.image_data_calibri_36_0x38
                0x00418c10      0x7ce src/main.o
 *fill*         0x004193de        0x2 
 .rodata.image_data_calibri_36_0x39
                0x004193e0      0x7ce src/main.o
 *fill*         0x00419bae        0x2 
 .rodata.image_data_calibri_36_0x3a
                0x00419bb0      0x456 src/main.o
 *fill*         0x0041a006        0x2 
 .rodata.image_data_calibri_36_0x3b
                0x0041a008      0x456 src/main.o
 *fill*         0x0041a45e        0x2 
 .rodata.image_data_calibri_36_0x3c
                0x0041a460      0x7ce src/main.o
 *fill*         0x0041ac2e        0x2 
 .rodata.image_data_calibri_36_0x3d
                0x0041ac30      0x7ce src/main.o
 *fill*         0x0041b3fe        0x2 
 .rodata.image_data_calibri_36_0x3e
                0x0041b400      0x7ce src/main.o
 *fill*         0x0041bbce        0x2 
 .rodata.image_data_calibri_36_0x3f
                0x0041bbd0      0x75f src/main.o
 *fill*         0x0041c32f        0x1 
 .rodata.image_data_calibri_36_0x40
                0x0041c330      0xde0 src/main.o
 .rodata.image_data_calibri_36_0x41
                0x0041d110      0x91b src/main.o
 *fill*         0x0041da2b        0x1 
 .rodata.image_data_calibri_36_0x42
                0x0041da2c      0x8ac src/main.o
 .rodata.image_data_calibri_36_0x43
                0x0041e2d8      0x83d src/main.o
 *fill*         0x0041eb15        0x3 
 .rodata.image_data_calibri_36_0x44
                0x0041eb18      0x98a src/main.o
 *fill*         0x0041f4a2        0x2 
 .rodata.image_data_calibri_36_0x45
                0x0041f4a4      0x7ce src/main.o
 *fill*         0x0041fc72        0x2 
 .rodata.image_data_calibri_36_0x46
                0x0041fc74      0x75f src/main.o
 *fill*         0x004203d3        0x1 
 .rodata.image_data_calibri_36_0x47
                0x004203d4      0x9f9 src/main.o
 *fill*         0x00420dcd        0x3 
 .rodata.image_data_calibri_36_0x48
                0x00420dd0      0x98a src/main.o
 *fill*         0x0042175a        0x2 
 .rodata.image_data_calibri_36_0x49
                0x0042175c      0x3e7 src/main.o
 *fill*         0x00421b43        0x1 
 .rodata.image_data_calibri_36_0x4a
                0x00421b44      0x4c5 src/main.o
 *fill*         0x00422009        0x3 
 .rodata.image_data_calibri_36_0x4b
                0x0042200c      0x83d src/main.o
 *fill*         0x00422849        0x3 
 .rodata.image_data_calibri_36_0x4c
                0x0042284c      0x681 src/main.o
 *fill*         0x00422ecd        0x3 
 .rodata.image_data_calibri_36_0x4d
                0x00422ed0      0xd71 src/main.o
 *fill*         0x00423c41        0x3 
 .rodata.image_data_calibri_36_0x4e
                0x00423c44      0x9f9 src/main.o
 *fill*         0x0042463d        0x3 
 .rodata.image_data_calibri_36_0x4f
                0x00424640      0xa68 src/main.o
 .rodata.image_data_calibri_36_0x50
                0x004250a8      0x83d src/main.o
 *fill*         0x004258e5        0x3 
 .rodata.image_data_calibri_36_0x51
                0x004258e8      0xad7 src/main.o
 *fill*         0x004263bf        0x1 
 .rodata.image_data_calibri_36_0x52
                0x004263c0      0x8ac src/main.o
 .rodata.image_data_calibri_36_0x53
                0x00426c6c      0x75f src/main.o
 *fill*         0x004273cb        0x1 
 .rodata.image_data_calibri_36_0x54
                0x004273cc      0x7ce src/main.o
 *fill*         0x00427b9a        0x2 
 .rodata.image_data_calibri_36_0x55
                0x00427b9c      0x9f9 src/main.o
 *fill*         0x00428595        0x3 
 .rodata.image_data_calibri_36_0x56
                0x00428598      0x8ac src/main.o
 .rodata.image_data_calibri_36_0x57
                0x00428e44      0xde0 src/main.o
 .rodata.image_data_calibri_36_0x58
                0x00429c24      0x83d src/main.o
 *fill*         0x0042a461        0x3 
 .rodata.image_data_calibri_36_0x59
                0x0042a464      0x7ce src/main.o
 *fill*         0x0042ac32        0x2 
 .rodata.image_data_calibri_36_0x5a
                0x0042ac34      0x75f src/main.o
 *fill*         0x0042b393        0x1 
 .rodata.image_data_calibri_36_0x5b
                0x0042b394      0x4c5 src/main.o
 *fill*         0x0042b859        0x3 
 .rodata.image_data_calibri_36_0x5c
                0x0042b85c      0x612 src/main.o
 *fill*         0x0042be6e        0x2 
 .rodata.image_data_calibri_36_0x5d
                0x0042be70      0x4c5 src/main.o
 *fill*         0x0042c335        0x3 
 .rodata.image_data_calibri_36_0x5e
                0x0042c338      0x7ce src/main.o
 *fill*         0x0042cb06        0x2 
 .rodata.image_data_calibri_36_0x5f
                0x0042cb08      0x7ce src/main.o
 *fill*         0x0042d2d6        0x2 
 .rodata.image_data_calibri_36_0x60
                0x0042d2d8      0x456 src/main.o
 *fill*         0x0042d72e        0x2 
 .rodata.image_data_calibri_36_0x61
                0x0042d730      0x75f src/main.o
 *fill*         0x0042de8f        0x1 
 .rodata.image_data_calibri_36_0x62
                0x0042de90      0x83d src/main.o
 *fill*         0x0042e6cd        0x3 
 .rodata.image_data_calibri_36_0x63
                0x0042e6d0      0x681 src/main.o
 *fill*         0x0042ed51        0x3 
 .rodata.image_data_calibri_36_0x64
                0x0042ed54      0x83d src/main.o
 *fill*         0x0042f591        0x3 
 .rodata.image_data_calibri_36_0x65
                0x0042f594      0x7ce src/main.o
 *fill*         0x0042fd62        0x2 
 .rodata.image_data_calibri_36_0x66
                0x0042fd64      0x4c5 src/main.o
 *fill*         0x00430229        0x3 
 .rodata.image_data_calibri_36_0x67
                0x0043022c      0x75f src/main.o
 *fill*         0x0043098b        0x1 
 .rodata.image_data_calibri_36_0x68
                0x0043098c      0x83d src/main.o
 *fill*         0x004311c9        0x3 
 .rodata.image_data_calibri_36_0x69
                0x004311cc      0x378 src/main.o
 .rodata.image_data_calibri_36_0x6a
                0x00431544      0x3e7 src/main.o
 *fill*         0x0043192b        0x1 
 .rodata.image_data_calibri_36_0x6b
                0x0043192c      0x6f0 src/main.o
 .rodata.image_data_calibri_36_0x6c
                0x0043201c      0x378 src/main.o
 .rodata.image_data_calibri_36_0x6d
                0x00432394      0xc93 src/main.o
 *fill*         0x00433027        0x1 
 .rodata.image_data_calibri_36_0x6e
                0x00433028      0x83d src/main.o
 *fill*         0x00433865        0x3 
 .rodata.image_data_calibri_36_0x6f
                0x00433868      0x83d src/main.o
 *fill*         0x004340a5        0x3 
 .rodata.image_data_calibri_36_0x70
                0x004340a8      0x83d src/main.o
 *fill*         0x004348e5        0x3 
 .rodata.image_data_calibri_36_0x71
                0x004348e8      0x83d src/main.o
 *fill*         0x00435125        0x3 
 .rodata.image_data_calibri_36_0x72
                0x00435128      0x5a3 src/main.o
 *fill*         0x004356cb        0x1 
 .rodata.image_data_calibri_36_0x73
                0x004356cc      0x612 src/main.o
 *fill*         0x00435cde        0x2 
 .rodata.image_data_calibri_36_0x74
                0x00435ce0      0x534 src/main.o
 .rodata.image_data_calibri_36_0x75
                0x00436214      0x83d src/main.o
 *fill*         0x00436a51        0x3 
 .rodata.image_data_calibri_36_0x76
                0x00436a54      0x6f0 src/main.o
 .rodata.image_data_calibri_36_0x77
                0x00437144      0xb46 src/main.o
 *fill*         0x00437c8a        0x2 
 .rodata.image_data_calibri_36_0x78
                0x00437c8c      0x6f0 src/main.o
 .rodata.image_data_calibri_36_0x79
                0x0043837c      0x6f0 src/main.o
 .rodata.image_data_calibri_36_0x7a
                0x00438a6c      0x612 src/main.o
 *fill*         0x0043907e        0x2 
 .rodata.image_data_calibri_36_0x7b
                0x00439080      0x4c5 src/main.o
 *fill*         0x00439545        0x3 
 .rodata.image_data_calibri_36_0x7c
                0x00439548      0x75f src/main.o
 *fill*         0x00439ca7        0x1 
 .rodata.image_data_calibri_36_0x7d
                0x00439ca8      0x4c5 src/main.o
 *fill*         0x0043a16d        0x3 
 .rodata.image_data_calibri_36_0x7e
                0x0043a170      0x7ce src/main.o
 *fill*         0x0043a93e        0x2 
 .rodata.image_data_cent
                0x0043a940     0xc000 src/main.o
 .rodata.image_data_day
                0x00446940     0xc000 src/main.o
 .rodata.image_data_enx
                0x00452940     0xc000 src/main.o
 .rodata.image_data_fast
                0x0045e940     0xc000 src/main.o
 .rodata.image_data_lock
                0x0046a940     0x3000 src/main.o
 .rodata.image_data_next
                0x0046d940     0x3000 src/main.o
 .rodata.image_data_pause
                0x00470940     0x3000 src/main.o
 .rodata.image_data_porta
                0x00473940     0x3000 src/main.o
 .rodata.image_data_prev
                0x00476940     0x3000 src/main.o
 .rodata.image_data_strong
                0x00479940     0xc000 src/main.o
 .rodata.image_data_unlock
                0x00485940     0x3000 src/main.o
 .rodata.mxt_handler.str1.4
                0x00488940       0x37 src/main.o
 *fill*         0x00488977        0x1 
 .rodata.strong
                0x00488978       0x10 src/main.o
                0x00488978                strong
 .rodata.update_timer.str1.4
                0x00488988        0x2 src/main.o
 *fill*         0x0048898a        0x2 
 .rodata._global_impure_ptr
                0x0048898c        0x4 d:/7.0/toolchain/arm/arm-gnu-toolchain/bin/../lib/gcc/arm-none-eabi/6.3.1/../../../../arm-none-eabi/lib/thumb/v7e-m\libc.a(lib_a-impure.o)
                0x0048898c                _global_impure_ptr
 .rodata._svfprintf_r.str1.4
                0x00488990       0x42 d:/7.0/toolchain/arm/arm-gnu-toolchain/bin/../lib/gcc/arm-none-eabi/6.3.1/../../../../arm-none-eabi/lib/thumb/v7e-m\libc.a(lib_a-svfprintf.o)
 *fill*         0x004889d2        0x2 
 .rodata.blanks.7223
                0x004889d4       0x10 d:/7.0/toolchain/arm/arm-gnu-toolchain/bin/../lib/gcc/arm-none-eabi/6.3.1/../../../../arm-none-eabi/lib/thumb/v7e-m\libc.a(lib_a-svfprintf.o)
 .rodata.zeroes.7224
                0x004889e4       0x10 d:/7.0/toolchain/arm/arm-gnu-toolchain/bin/../lib/gcc/arm-none-eabi/6.3.1/../../../../arm-none-eabi/lib/thumb/v7e-m\libc.a(lib_a-svfprintf.o)
 .rodata._dtoa_r.str1.4
                0x004889f4       0x10 d:/7.0/toolchain/arm/arm-gnu-toolchain/bin/../lib/gcc/arm-none-eabi/6.3.1/../../../../arm-none-eabi/lib/thumb/v7e-m\libc.a(lib_a-dtoa.o)
                                 0x12 (size before relaxing)
 *fill*         0x00488a04        0x4 
 .rodata.__mprec_bigtens
                0x00488a08       0x28 d:/7.0/toolchain/arm/arm-gnu-toolchain/bin/../lib/gcc/arm-none-eabi/6.3.1/../../../../arm-none-eabi/lib/thumb/v7e-m\libc.a(lib_a-mprec.o)
                0x00488a08                __mprec_bigtens
 .rodata.__mprec_tens
                0x00488a30       0xc8 d:/7.0/toolchain/arm/arm-gnu-toolchain/bin/../lib/gcc/arm-none-eabi/6.3.1/../../../../arm-none-eabi/lib/thumb/v7e-m\libc.a(lib_a-mprec.o)
                0x00488a30                __mprec_tens
 .rodata.p05.6055
                0x00488af8        0xc d:/7.0/toolchain/arm/arm-gnu-toolchain/bin/../lib/gcc/arm-none-eabi/6.3.1/../../../../arm-none-eabi/lib/thumb/v7e-m\libc.a(lib_a-mprec.o)
 .rodata._setlocale_r.str1.4
                0x00488b04        0xa d:/7.0/toolchain/arm/arm-gnu-toolchain/bin/../lib/gcc/arm-none-eabi/6.3.1/../../../../arm-none-eabi/lib/thumb/v7e-m\libc.a(lib_a-locale.o)
                                  0xd (size before relaxing)
 *fill*         0x00488b0e        0x2 
 .rodata.str1.4
                0x00488b10        0x4 d:/7.0/toolchain/arm/arm-gnu-toolchain/bin/../lib/gcc/arm-none-eabi/6.3.1/../../../../arm-none-eabi/lib/thumb/v7e-m\libc.a(lib_a-locale.o)
                                  0x2 (size before relaxing)
 .rodata._ctype_
                0x00488b14      0x101 d:/7.0/toolchain/arm/arm-gnu-toolchain/bin/../lib/gcc/arm-none-eabi/6.3.1/../../../../arm-none-eabi/lib/thumb/v7e-m\libc.a(lib_a-ctype_.o)
                0x00488b14                _ctype_
 *(.ARM.extab* .gnu.linkonce.armextab.*)
                0x00488c18                . = ALIGN (0x4)
 *fill*         0x00488c15        0x3 
 *(.init)
 .init          0x00488c18        0x4 d:/7.0/toolchain/arm/arm-gnu-toolchain/bin/../lib/gcc/arm-none-eabi/6.3.1/thumb/v7e-m/crti.o
                0x00488c18                _init
 .init          0x00488c1c        0x8 d:/7.0/toolchain/arm/arm-gnu-toolchain/bin/../lib/gcc/arm-none-eabi/6.3.1/thumb/v7e-m/crtn.o
                0x00488c24                . = ALIGN (0x4)
                0x00488c24                __preinit_array_start = .
 *(.preinit_array)
                0x00488c24                __preinit_array_end = .
                0x00488c24                . = ALIGN (0x4)
                0x00488c24                __init_array_start = .
 *(SORT(.init_array.*))
 .init_array.00000
                0x00488c24        0x4 d:/7.0/toolchain/arm/arm-gnu-toolchain/bin/../lib/gcc/arm-none-eabi/6.3.1/../../../../arm-none-eabi/lib/thumb/v7e-m\libc.a(lib_a-__call_atexit.o)
 *(.init_array)
 .init_array    0x00488c28        0x4 d:/7.0/toolchain/arm/arm-gnu-toolchain/bin/../lib/gcc/arm-none-eabi/6.3.1/thumb/v7e-m/crtbegin.o
                0x00488c2c                __init_array_end = .
                0x00488c2c                . = ALIGN (0x4)
 *crtbegin.o(.ctors)
 *(EXCLUDE_FILE(*crtend.o) .ctors)
 *(SORT(.ctors.*))
 *crtend.o(.ctors)
                0x00488c2c                . = ALIGN (0x4)
 *(.fini)
 .fini          0x00488c2c        0x4 d:/7.0/toolchain/arm/arm-gnu-toolchain/bin/../lib/gcc/arm-none-eabi/6.3.1/thumb/v7e-m/crti.o
                0x00488c2c                _fini
 .fini          0x00488c30        0x8 d:/7.0/toolchain/arm/arm-gnu-toolchain/bin/../lib/gcc/arm-none-eabi/6.3.1/thumb/v7e-m/crtn.o
                0x00488c38                . = ALIGN (0x4)
                0x00488c38                __fini_array_start = .
 *(.fini_array)
 .fini_array    0x00488c38        0x4 d:/7.0/toolchain/arm/arm-gnu-toolchain/bin/../lib/gcc/arm-none-eabi/6.3.1/thumb/v7e-m/crtbegin.o
 *(SORT(.fini_array.*))
                0x00488c3c                __fini_array_end = .
 *crtbegin.o(.dtors)
 *(EXCLUDE_FILE(*crtend.o) .dtors)
 *(SORT(.dtors.*))
 *crtend.o(.dtors)
                0x00488c3c                . = ALIGN (0x4)
                0x00488c3c                _efixed = .
                [!provide]                PROVIDE (__exidx_start, .)

.vfp11_veneer   0x00488c3c        0x0
 .vfp11_veneer  0x00488c3c        0x0 linker stubs

.v4_bx          0x00488c3c        0x0
 .v4_bx         0x00488c3c        0x0 linker stubs

.iplt           0x00488c3c        0x0
 .iplt          0x00488c3c        0x0 d:/7.0/toolchain/arm/arm-gnu-toolchain/bin/../lib/gcc/arm-none-eabi/6.3.1/thumb/v7e-m/crtbegin.o

.ARM.exidx      0x00488c3c        0x8
 *(.ARM.exidx* .gnu.linkonce.armexidx.*)
 .ARM.exidx     0x00488c3c        0x8 d:/7.0/toolchain/arm/arm-gnu-toolchain/bin/../lib/gcc/arm-none-eabi/6.3.1/thumb/v7e-m\libgcc.a(_udivmoddi4.o)
                [!provide]                PROVIDE (__exidx_end, .)

.eh_frame       0x00488c44        0x0
 .eh_frame      0x00488c44        0x0 d:/7.0/toolchain/arm/arm-gnu-toolchain/bin/../lib/gcc/arm-none-eabi/6.3.1/thumb/v7e-m/crtbegin.o

.rel.dyn        0x00488c44        0x0
 .rel.iplt      0x00488c44        0x0 d:/7.0/toolchain/arm/arm-gnu-toolchain/bin/../lib/gcc/arm-none-eabi/6.3.1/thumb/v7e-m/crtbegin.o

.jcr            0x00488c44        0x0
 .jcr           0x00488c44        0x0 d:/7.0/toolchain/arm/arm-gnu-toolchain/bin/../lib/gcc/arm-none-eabi/6.3.1/thumb/v7e-m/crtbegin.o

.igot.plt       0x00488c44        0x0
 .igot.plt      0x00488c44        0x0 d:/7.0/toolchain/arm/arm-gnu-toolchain/bin/../lib/gcc/arm-none-eabi/6.3.1/thumb/v7e-m/crtbegin.o
                0x00488c44                . = ALIGN (0x4)
                0x00488c44                _etext = .

.relocate       0x20400000      0xba0 load address 0x00488c44
                0x20400000                . = ALIGN (0x4)
                0x20400000                _srelocate = .
 *(.ramfunc .ramfunc.*)
 .ramfunc       0x20400000        0xa src/ASF/common/services/delay/sam/cycle_counter.o
                0x20400000                portable_delay_cycles
 *(.data .data.*)
 .data.g_interrupt_enabled
                0x2040000a        0x1 src/ASF/common/utils/interrupt/interrupt_sam_nvic.o
                0x2040000a                g_interrupt_enabled
 *fill*         0x2040000b        0x1 
 .data.SystemCoreClock
                0x2040000c        0x4 src/ASF/sam/utils/cmsis/same70/source/templates/system_same70.o
                0x2040000c                SystemCoreClock
 .data.c_centrifuga
                0x20400010       0x60 src/main.o
                0x20400010                c_centrifuga
 .data.c_diario
                0x20400070       0x60 src/main.o
                0x20400070                c_diario
 .data.c_enxague
                0x204000d0       0x60 src/main.o
                0x204000d0                c_enxague
 .data.c_pesado
                0x20400130       0x60 src/main.o
                0x20400130                c_pesado
 .data.c_rapido
                0x20400190       0x60 src/main.o
                0x20400190                c_rapido
 .data._impure_ptr
                0x204001f0        0x4 d:/7.0/toolchain/arm/arm-gnu-toolchain/bin/../lib/gcc/arm-none-eabi/6.3.1/../../../../arm-none-eabi/lib/thumb/v7e-m\libc.a(lib_a-impure.o)
                0x204001f0                _impure_ptr
 *fill*         0x204001f4        0x4 
 .data.impure_data
                0x204001f8      0x428 d:/7.0/toolchain/arm/arm-gnu-toolchain/bin/../lib/gcc/arm-none-eabi/6.3.1/../../../../arm-none-eabi/lib/thumb/v7e-m\libc.a(lib_a-impure.o)
 .data.__malloc_av_
                0x20400620      0x408 d:/7.0/toolchain/arm/arm-gnu-toolchain/bin/../lib/gcc/arm-none-eabi/6.3.1/../../../../arm-none-eabi/lib/thumb/v7e-m\libc.a(lib_a-mallocr.o)
                0x20400620                __malloc_av_
 .data.__malloc_sbrk_base
                0x20400a28        0x4 d:/7.0/toolchain/arm/arm-gnu-toolchain/bin/../lib/gcc/arm-none-eabi/6.3.1/../../../../arm-none-eabi/lib/thumb/v7e-m\libc.a(lib_a-mallocr.o)
                0x20400a28                __malloc_sbrk_base
 .data.__malloc_trim_threshold
                0x20400a2c        0x4 d:/7.0/toolchain/arm/arm-gnu-toolchain/bin/../lib/gcc/arm-none-eabi/6.3.1/../../../../arm-none-eabi/lib/thumb/v7e-m\libc.a(lib_a-mallocr.o)
                0x20400a2c                __malloc_trim_threshold
 .data.__atexit_recursive_mutex
                0x20400a30        0x4 d:/7.0/toolchain/arm/arm-gnu-toolchain/bin/../lib/gcc/arm-none-eabi/6.3.1/../../../../arm-none-eabi/lib/thumb/v7e-m\libc.a(lib_a-__call_atexit.o)
                0x20400a30                __atexit_recursive_mutex
 .data.__global_locale
                0x20400a34      0x16c d:/7.0/toolchain/arm/arm-gnu-toolchain/bin/../lib/gcc/arm-none-eabi/6.3.1/../../../../arm-none-eabi/lib/thumb/v7e-m\libc.a(lib_a-locale.o)
                0x20400a34                __global_locale
                0x20400ba0                . = ALIGN (0x4)
                0x20400ba0                _erelocate = .

.bss            0x20400ba0      0x4e8 load address 0x004897e4
                0x20400ba0                . = ALIGN (0x4)
                0x20400ba0                _sbss = .
                0x20400ba0                _szero = .
 *(.bss .bss.*)
 .bss           0x20400ba0       0x1c d:/7.0/toolchain/arm/arm-gnu-toolchain/bin/../lib/gcc/arm-none-eabi/6.3.1/thumb/v7e-m/crtbegin.o
 .bss.g_ul_pixel_cache
                0x20400bbc      0x3c0 src/ASF/sam/components/display/ili9488/ili9488.o
 .bss.gs_interrupt_sources
                0x20400f7c       0x70 src/ASF/sam/drivers/pio/pio_handler.o
 .bss.gs_ul_nb_sources
                0x20400fec        0x4 src/ASF/sam/drivers/pio/pio_handler.o
 .bss.ul_reg_val.9451
                0x20400ff0        0x4 src/ASF/sam/drivers/usart/usart.o
 .bss.heap.6420
                0x20400ff4        0x4 src/ASF/sam/utils/syscalls/gcc/syscalls.o
 .bss.f_rtt_alarme
                0x20400ff8        0x1 src/main.o
                0x20400ff8                f_rtt_alarme
 .bss.flag      0x20400ff9        0x1 src/main.o
                0x20400ff9                flag
 .bss.is_locked
                0x20400ffa        0x1 src/main.o
                0x20400ffa                is_locked
 .bss.is_on     0x20400ffb        0x1 src/main.o
                0x20400ffb                is_on
 .bss.minu      0x20400ffc        0x4 src/main.o
                0x20400ffc                minu
 .bss.porta_aberta
                0x20401000        0x1 src/main.o
                0x20401000                porta_aberta
 .bss.safety    0x20401001        0x1 src/main.o
                0x20401001                safety
 *fill*         0x20401002        0x2 
 .bss.seg       0x20401004        0x4 src/main.o
                0x20401004                seg
 .bss.tempo     0x20401008        0x4 src/main.o
                0x20401008                tempo
 .bss.__malloc_current_mallinfo
                0x2040100c       0x28 d:/7.0/toolchain/arm/arm-gnu-toolchain/bin/../lib/gcc/arm-none-eabi/6.3.1/../../../../arm-none-eabi/lib/thumb/v7e-m\libc.a(lib_a-mallocr.o)
                0x2040100c                __malloc_current_mallinfo
 .bss.__malloc_max_sbrked_mem
                0x20401034        0x4 d:/7.0/toolchain/arm/arm-gnu-toolchain/bin/../lib/gcc/arm-none-eabi/6.3.1/../../../../arm-none-eabi/lib/thumb/v7e-m\libc.a(lib_a-mallocr.o)
                0x20401034                __malloc_max_sbrked_mem
 .bss.__malloc_max_total_mem
                0x20401038        0x4 d:/7.0/toolchain/arm/arm-gnu-toolchain/bin/../lib/gcc/arm-none-eabi/6.3.1/../../../../arm-none-eabi/lib/thumb/v7e-m\libc.a(lib_a-mallocr.o)
                0x20401038                __malloc_max_total_mem
 .bss.__malloc_top_pad
                0x2040103c        0x4 d:/7.0/toolchain/arm/arm-gnu-toolchain/bin/../lib/gcc/arm-none-eabi/6.3.1/../../../../arm-none-eabi/lib/thumb/v7e-m\libc.a(lib_a-mallocr.o)
                0x2040103c                __malloc_top_pad
 *(COMMON)
 COMMON         0x20401040        0x4 src/ASF/common/utils/stdio/read.o
                0x20401040                ptr_get
 COMMON         0x20401044        0x8 src/ASF/common/utils/stdio/write.o
                0x20401044                ptr_put
                0x20401048                stdio_base
 COMMON         0x2040104c       0x14 src/main.o
                0x2040104c                ciclo
                0x20401050                g_ili9488_display_opt
 COMMON         0x20401060       0x21 d:/7.0/toolchain/arm/arm-gnu-toolchain/bin/../lib/gcc/arm-none-eabi/6.3.1/../../../../arm-none-eabi/lib/thumb/v7e-m\libc.a(lib_a-lock.o)
                0x20401060                __lock___atexit_recursive_mutex
                0x20401064                __lock___arc4random_mutex
                0x20401068                __lock___env_recursive_mutex
                0x2040106c                __lock___sinit_recursive_mutex
                0x20401070                __lock___malloc_recursive_mutex
                0x20401074                __lock___at_quick_exit_mutex
                0x20401078                __lock___dd_hash_mutex
                0x2040107c                __lock___tz_mutex
                0x20401080                __lock___sfp_recursive_mutex
 *fill*         0x20401081        0x3 
 COMMON         0x20401084        0x4 d:/7.0/toolchain/arm/arm-gnu-toolchain/bin/../lib/gcc/arm-none-eabi/6.3.1/../../../../arm-none-eabi/lib/thumb/v7e-m\libc.a(lib_a-reent.o)
                0x20401084                errno
                0x20401088                . = ALIGN (0x4)
                0x20401088                _ebss = .
                0x20401088                _ezero = .

.stack          0x20401088     0x2000 load address 0x00489ccc
                0x20401088                . = ALIGN (0x8)
                0x20401088                _sstack = .
                0x20403088                . = (. + STACK_SIZE)
 *fill*         0x20401088     0x2000 
                0x20403088                . = ALIGN (0x8)
                0x20403088                _estack = .

.heap           0x20403088      0x200 load address 0x0048bccc
                0x20403088                . = ALIGN (0x8)
                0x20403088                _sheap = .
                0x20403288                . = (. + HEAP_SIZE)
 *fill*         0x20403088      0x200 
                0x20403288                . = ALIGN (0x8)
                0x20403288                _eheap = .
                0x20403288                . = ALIGN (0x4)
                0x20403288                _end = .
                0x2045ffff                _ram_end_ = ((ORIGIN (ram) + LENGTH (ram)) - 0x1)
OUTPUT(MXT_EXAMPLE_USART1.elf elf32-littlearm)

.ARM.attributes
                0x00000000       0x2e
 .ARM.attributes
                0x00000000       0x1e d:/7.0/toolchain/arm/arm-gnu-toolchain/bin/../lib/gcc/arm-none-eabi/6.3.1/thumb/v7e-m/crti.o
 .ARM.attributes
                0x0000001e       0x2e d:/7.0/toolchain/arm/arm-gnu-toolchain/bin/../lib/gcc/arm-none-eabi/6.3.1/thumb/v7e-m/crtbegin.o
 .ARM.attributes
                0x0000004c       0x37 src/ASF/sam/drivers/rtc/rtc.o
 .ARM.attributes
                0x00000083       0x37 src/ASF/sam/drivers/rtt/rtt.o
 .ARM.attributes
                0x000000ba       0x37 src/ASF/sam/drivers/tc/tc.o
 .ARM.attributes
                0x000000f1       0x37 src/ASF/common/components/touch/mxt/mxt_device_1.o
 .ARM.attributes
                0x00000128       0x37 src/ASF/common/services/clock/same70/sysclk.o
 .ARM.attributes
                0x0000015f       0x37 src/ASF/common/services/delay/sam/cycle_counter.o
 .ARM.attributes
                0x00000196       0x37 src/ASF/common/services/serial/usart_serial.o
 .ARM.attributes
                0x000001cd       0x37 src/ASF/common/services/spi/sam_spi/spi_master.o
 .ARM.attributes
                0x00000204       0x37 src/ASF/common/utils/interrupt/interrupt_sam_nvic.o
 .ARM.attributes
                0x0000023b       0x37 src/ASF/common/utils/stdio/read.o
 .ARM.attributes
                0x00000272       0x37 src/ASF/common/utils/stdio/write.o
 .ARM.attributes
                0x000002a9       0x37 src/ASF/sam/boards/same70_xplained/init.o
 .ARM.attributes
                0x000002e0       0x37 src/ASF/sam/components/display/ili9488/ili9488.o
 .ARM.attributes
                0x00000317       0x37 src/ASF/sam/drivers/pio/pio.o
 .ARM.attributes
                0x0000034e       0x37 src/ASF/sam/drivers/pio/pio_handler.o
 .ARM.attributes
                0x00000385       0x37 src/ASF/sam/drivers/pmc/pmc.o
 .ARM.attributes
                0x000003bc       0x37 src/ASF/sam/drivers/spi/spi.o
 .ARM.attributes
                0x000003f3       0x37 src/ASF/sam/drivers/twihs/twihs.o
 .ARM.attributes
                0x0000042a       0x37 src/ASF/sam/drivers/uart/uart.o
 .ARM.attributes
                0x00000461       0x37 src/ASF/sam/drivers/usart/usart.o
 .ARM.attributes
                0x00000498       0x37 src/ASF/sam/utils/cmsis/same70/source/templates/gcc/startup_same70.o
 .ARM.attributes
                0x000004cf       0x37 src/ASF/sam/utils/cmsis/same70/source/templates/system_same70.o
 .ARM.attributes
                0x00000506       0x37 src/ASF/sam/utils/syscalls/gcc/syscalls.o
 .ARM.attributes
                0x0000053d       0x37 src/main.o
 .ARM.attributes
                0x00000574       0x2e d:/7.0/toolchain/arm/arm-gnu-toolchain/bin/../lib/gcc/arm-none-eabi/6.3.1/../../../../arm-none-eabi/lib/thumb/v7e-m\libc.a(lib_a-impure.o)
 .ARM.attributes
                0x000005a2       0x2e d:/7.0/toolchain/arm/arm-gnu-toolchain/bin/../lib/gcc/arm-none-eabi/6.3.1/../../../../arm-none-eabi/lib/thumb/v7e-m\libc.a(lib_a-init.o)
 .ARM.attributes
                0x000005d0       0x2e d:/7.0/toolchain/arm/arm-gnu-toolchain/bin/../lib/gcc/arm-none-eabi/6.3.1/../../../../arm-none-eabi/lib/thumb/v7e-m\libc.a(lib_a-malloc.o)
 .ARM.attributes
                0x000005fe       0x2e d:/7.0/toolchain/arm/arm-gnu-toolchain/bin/../lib/gcc/arm-none-eabi/6.3.1/../../../../arm-none-eabi/lib/thumb/v7e-m\libc.a(lib_a-mallocr.o)
 .ARM.attributes
                0x0000062c       0x2e d:/7.0/toolchain/arm/arm-gnu-toolchain/bin/../lib/gcc/arm-none-eabi/6.3.1/../../../../arm-none-eabi/lib/thumb/v7e-m\libc.a(lib_a-memset.o)
 .ARM.attributes
                0x0000065a       0x2e d:/7.0/toolchain/arm/arm-gnu-toolchain/bin/../lib/gcc/arm-none-eabi/6.3.1/../../../../arm-none-eabi/lib/thumb/v7e-m\libc.a(lib_a-mlock.o)
 .ARM.attributes
                0x00000688       0x2e d:/7.0/toolchain/arm/arm-gnu-toolchain/bin/../lib/gcc/arm-none-eabi/6.3.1/../../../../arm-none-eabi/lib/thumb/v7e-m\libc.a(lib_a-sbrkr.o)
 .ARM.attributes
                0x000006b6       0x2e d:/7.0/toolchain/arm/arm-gnu-toolchain/bin/../lib/gcc/arm-none-eabi/6.3.1/../../../../arm-none-eabi/lib/thumb/v7e-m\libc.a(lib_a-setbuf.o)
 .ARM.attributes
                0x000006e4       0x2e d:/7.0/toolchain/arm/arm-gnu-toolchain/bin/../lib/gcc/arm-none-eabi/6.3.1/../../../../arm-none-eabi/lib/thumb/v7e-m\libc.a(lib_a-setvbuf.o)
 .ARM.attributes
                0x00000712       0x2e d:/7.0/toolchain/arm/arm-gnu-toolchain/bin/../lib/gcc/arm-none-eabi/6.3.1/../../../../arm-none-eabi/lib/thumb/v7e-m\libc.a(lib_a-sprintf.o)
 .ARM.attributes
                0x00000740       0x2e d:/7.0/toolchain/arm/arm-gnu-toolchain/bin/../lib/gcc/arm-none-eabi/6.3.1/../../../../arm-none-eabi/lib/thumb/v7e-m\libc.a(lib_a-strcat.o)
 .ARM.attributes
                0x0000076e       0x2e d:/7.0/toolchain/arm/arm-gnu-toolchain/bin/../lib/gcc/arm-none-eabi/6.3.1/../../../../arm-none-eabi/lib/thumb/v7e-m\libc.a(lib_a-strcpy.o)
 .ARM.attributes
                0x0000079c       0x1c d:/7.0/toolchain/arm/arm-gnu-toolchain/bin/../lib/gcc/arm-none-eabi/6.3.1/../../../../arm-none-eabi/lib/thumb/v7e-m\libc.a(lib_a-strlen.o)
 .ARM.attributes
                0x000007b8       0x2e d:/7.0/toolchain/arm/arm-gnu-toolchain/bin/../lib/gcc/arm-none-eabi/6.3.1/../../../../arm-none-eabi/lib/thumb/v7e-m\libc.a(lib_a-svfprintf.o)
 .ARM.attributes
                0x000007e6       0x2e d:/7.0/toolchain/arm/arm-gnu-toolchain/bin/../lib/gcc/arm-none-eabi/6.3.1/../../../../arm-none-eabi/lib/thumb/v7e-m\libc.a(lib_a-__call_atexit.o)
 .ARM.attributes
                0x00000814       0x2e d:/7.0/toolchain/arm/arm-gnu-toolchain/bin/../lib/gcc/arm-none-eabi/6.3.1/../../../../arm-none-eabi/lib/thumb/v7e-m\libc.a(lib_a-atexit.o)
 .ARM.attributes
                0x00000842       0x2e d:/7.0/toolchain/arm/arm-gnu-toolchain/bin/../lib/gcc/arm-none-eabi/6.3.1/../../../../arm-none-eabi/lib/thumb/v7e-m\libc.a(lib_a-dtoa.o)
 .ARM.attributes
                0x00000870       0x2e d:/7.0/toolchain/arm/arm-gnu-toolchain/bin/../lib/gcc/arm-none-eabi/6.3.1/../../../../arm-none-eabi/lib/thumb/v7e-m\libc.a(lib_a-fflush.o)
 .ARM.attributes
                0x0000089e       0x2e d:/7.0/toolchain/arm/arm-gnu-toolchain/bin/../lib/gcc/arm-none-eabi/6.3.1/../../../../arm-none-eabi/lib/thumb/v7e-m\libc.a(lib_a-findfp.o)
 .ARM.attributes
                0x000008cc       0x2e d:/7.0/toolchain/arm/arm-gnu-toolchain/bin/../lib/gcc/arm-none-eabi/6.3.1/../../../../arm-none-eabi/lib/thumb/v7e-m\libc.a(lib_a-fini.o)
 .ARM.attributes
                0x000008fa       0x2e d:/7.0/toolchain/arm/arm-gnu-toolchain/bin/../lib/gcc/arm-none-eabi/6.3.1/../../../../arm-none-eabi/lib/thumb/v7e-m\libc.a(lib_a-freer.o)
 .ARM.attributes
                0x00000928       0x2e d:/7.0/toolchain/arm/arm-gnu-toolchain/bin/../lib/gcc/arm-none-eabi/6.3.1/../../../../arm-none-eabi/lib/thumb/v7e-m\libc.a(lib_a-fwalk.o)
 .ARM.attributes
                0x00000956       0x2e d:/7.0/toolchain/arm/arm-gnu-toolchain/bin/../lib/gcc/arm-none-eabi/6.3.1/../../../../arm-none-eabi/lib/thumb/v7e-m\libc.a(lib_a-localeconv.o)
 .ARM.attributes
                0x00000984       0x2e d:/7.0/toolchain/arm/arm-gnu-toolchain/bin/../lib/gcc/arm-none-eabi/6.3.1/../../../../arm-none-eabi/lib/thumb/v7e-m\libc.a(lib_a-lock.o)
 .ARM.attributes
                0x000009b2       0x2e d:/7.0/toolchain/arm/arm-gnu-toolchain/bin/../lib/gcc/arm-none-eabi/6.3.1/../../../../arm-none-eabi/lib/thumb/v7e-m\libc.a(lib_a-makebuf.o)
 .ARM.attributes
                0x000009e0       0x1c d:/7.0/toolchain/arm/arm-gnu-toolchain/bin/../lib/gcc/arm-none-eabi/6.3.1/../../../../arm-none-eabi/lib/thumb/v7e-m\libc.a(lib_a-memchr.o)
 .ARM.attributes
                0x000009fc       0x1c d:/7.0/toolchain/arm/arm-gnu-toolchain/bin/../lib/gcc/arm-none-eabi/6.3.1/../../../../arm-none-eabi/lib/thumb/v7e-m\libc.a(lib_a-memcpy.o)
 .ARM.attributes
                0x00000a18       0x2e d:/7.0/toolchain/arm/arm-gnu-toolchain/bin/../lib/gcc/arm-none-eabi/6.3.1/../../../../arm-none-eabi/lib/thumb/v7e-m\libc.a(lib_a-mprec.o)
 .ARM.attributes
                0x00000a46       0x2e d:/7.0/toolchain/arm/arm-gnu-toolchain/bin/../lib/gcc/arm-none-eabi/6.3.1/../../../../arm-none-eabi/lib/thumb/v7e-m\libc.a(lib_a-reent.o)
 .ARM.attributes
                0x00000a74       0x2e d:/7.0/toolchain/arm/arm-gnu-toolchain/bin/../lib/gcc/arm-none-eabi/6.3.1/../../../../arm-none-eabi/lib/thumb/v7e-m\libc.a(lib_a-stdio.o)
 .ARM.attributes
                0x00000aa2       0x2e d:/7.0/toolchain/arm/arm-gnu-toolchain/bin/../lib/gcc/arm-none-eabi/6.3.1/../../../../arm-none-eabi/lib/thumb/v7e-m\libc.a(lib_a-svfiprintf.o)
 .ARM.attributes
                0x00000ad0       0x2e d:/7.0/toolchain/arm/arm-gnu-toolchain/bin/../lib/gcc/arm-none-eabi/6.3.1/../../../../arm-none-eabi/lib/thumb/v7e-m\libc.a(lib_a-writer.o)
 .ARM.attributes
                0x00000afe       0x2e d:/7.0/toolchain/arm/arm-gnu-toolchain/bin/../lib/gcc/arm-none-eabi/6.3.1/../../../../arm-none-eabi/lib/thumb/v7e-m\libc.a(lib_a-__atexit.o)
 .ARM.attributes
                0x00000b2c       0x2e d:/7.0/toolchain/arm/arm-gnu-toolchain/bin/../lib/gcc/arm-none-eabi/6.3.1/../../../../arm-none-eabi/lib/thumb/v7e-m\libc.a(lib_a-callocr.o)
 .ARM.attributes
                0x00000b5a       0x2e d:/7.0/toolchain/arm/arm-gnu-toolchain/bin/../lib/gcc/arm-none-eabi/6.3.1/../../../../arm-none-eabi/lib/thumb/v7e-m\libc.a(lib_a-closer.o)
 .ARM.attributes
                0x00000b88       0x2e d:/7.0/toolchain/arm/arm-gnu-toolchain/bin/../lib/gcc/arm-none-eabi/6.3.1/../../../../arm-none-eabi/lib/thumb/v7e-m\libc.a(lib_a-fclose.o)
 .ARM.attributes
                0x00000bb6       0x2e d:/7.0/toolchain/arm/arm-gnu-toolchain/bin/../lib/gcc/arm-none-eabi/6.3.1/../../../../arm-none-eabi/lib/thumb/v7e-m\libc.a(lib_a-fstatr.o)
 .ARM.attributes
                0x00000be4       0x2e d:/7.0/toolchain/arm/arm-gnu-toolchain/bin/../lib/gcc/arm-none-eabi/6.3.1/../../../../arm-none-eabi/lib/thumb/v7e-m\libc.a(lib_a-locale.o)
 .ARM.attributes
                0x00000c12       0x2e d:/7.0/toolchain/arm/arm-gnu-toolchain/bin/../lib/gcc/arm-none-eabi/6.3.1/../../../../arm-none-eabi/lib/thumb/v7e-m\libc.a(lib_a-lseekr.o)
 .ARM.attributes
                0x00000c40       0x2e d:/7.0/toolchain/arm/arm-gnu-toolchain/bin/../lib/gcc/arm-none-eabi/6.3.1/../../../../arm-none-eabi/lib/thumb/v7e-m\libc.a(lib_a-mbtowc_r.o)
 .ARM.attributes
                0x00000c6e       0x2e d:/7.0/toolchain/arm/arm-gnu-toolchain/bin/../lib/gcc/arm-none-eabi/6.3.1/../../../../arm-none-eabi/lib/thumb/v7e-m\libc.a(lib_a-memmove.o)
 .ARM.attributes
                0x00000c9c       0x2e d:/7.0/toolchain/arm/arm-gnu-toolchain/bin/../lib/gcc/arm-none-eabi/6.3.1/../../../../arm-none-eabi/lib/thumb/v7e-m\libc.a(lib_a-readr.o)
 .ARM.attributes
                0x00000cca       0x2e d:/7.0/toolchain/arm/arm-gnu-toolchain/bin/../lib/gcc/arm-none-eabi/6.3.1/../../../../arm-none-eabi/lib/thumb/v7e-m\libc.a(lib_a-reallocr.o)
 .ARM.attributes
                0x00000cf8       0x2e d:/7.0/toolchain/arm/arm-gnu-toolchain/bin/../lib/gcc/arm-none-eabi/6.3.1/../../../../arm-none-eabi/lib/thumb/v7e-m\libc.a(lib_a-wctomb_r.o)
 .ARM.attributes
                0x00000d26       0x2e d:/7.0/toolchain/arm/arm-gnu-toolchain/bin/../lib/gcc/arm-none-eabi/6.3.1/../../../../arm-none-eabi/lib/thumb/v7e-m\libc.a(lib_a-ctype_.o)
 .ARM.attributes
                0x00000d54       0x1e d:/7.0/toolchain/arm/arm-gnu-toolchain/bin/../lib/gcc/arm-none-eabi/6.3.1/thumb/v7e-m\libgcc.a(_arm_addsubdf3.o)
 .ARM.attributes
                0x00000d72       0x1e d:/7.0/toolchain/arm/arm-gnu-toolchain/bin/../lib/gcc/arm-none-eabi/6.3.1/thumb/v7e-m\libgcc.a(_arm_muldivdf3.o)
 .ARM.attributes
                0x00000d90       0x1e d:/7.0/toolchain/arm/arm-gnu-toolchain/bin/../lib/gcc/arm-none-eabi/6.3.1/thumb/v7e-m\libgcc.a(_arm_cmpdf2.o)
 .ARM.attributes
                0x00000dae       0x1e d:/7.0/toolchain/arm/arm-gnu-toolchain/bin/../lib/gcc/arm-none-eabi/6.3.1/thumb/v7e-m\libgcc.a(_arm_unorddf2.o)
 .ARM.attributes
                0x00000dcc       0x1e d:/7.0/toolchain/arm/arm-gnu-toolchain/bin/../lib/gcc/arm-none-eabi/6.3.1/thumb/v7e-m\libgcc.a(_arm_fixdfsi.o)
 .ARM.attributes
                0x00000dea       0x1e d:/7.0/toolchain/arm/arm-gnu-toolchain/bin/../lib/gcc/arm-none-eabi/6.3.1/thumb/v7e-m\libgcc.a(_aeabi_uldivmod.o)
 .ARM.attributes
                0x00000e08       0x2e d:/7.0/toolchain/arm/arm-gnu-toolchain/bin/../lib/gcc/arm-none-eabi/6.3.1/thumb/v7e-m\libgcc.a(_udivmoddi4.o)
 .ARM.attributes
                0x00000e36       0x1e d:/7.0/toolchain/arm/arm-gnu-toolchain/bin/../lib/gcc/arm-none-eabi/6.3.1/thumb/v7e-m\libgcc.a(_dvmd_tls.o)
 .ARM.attributes
                0x00000e54       0x1e d:/7.0/toolchain/arm/arm-gnu-toolchain/bin/../lib/gcc/arm-none-eabi/6.3.1/thumb/v7e-m/crtn.o

.comment        0x00000000       0x59
 .comment       0x00000000       0x59 src/ASF/sam/drivers/rtc/rtc.o
                                 0x5a (size before relaxing)
 .comment       0x00000059       0x5a src/ASF/sam/drivers/rtt/rtt.o
 .comment       0x00000059       0x5a src/ASF/sam/drivers/tc/tc.o
 .comment       0x00000059       0x5a src/ASF/common/components/touch/mxt/mxt_device_1.o
 .comment       0x00000059       0x5a src/ASF/common/services/clock/same70/sysclk.o
 .comment       0x00000059       0x5a src/ASF/common/services/delay/sam/cycle_counter.o
 .comment       0x00000059       0x5a src/ASF/common/services/serial/usart_serial.o
 .comment       0x00000059       0x5a src/ASF/common/services/spi/sam_spi/spi_master.o