Archive member included to satisfy reference by file (symbol)

d:/7.0/toolchain/arm/arm-gnu-toolchain/bin/../lib/gcc/arm-none-eabi/6.3.1/../../../../arm-none-eabi/lib/thumb/v7e-m\libc.a(lib_a-exit.o)
                              d:/7.0/toolchain/arm/arm-gnu-toolchain/bin/../lib/gcc/arm-none-eabi/6.3.1/../../../../arm-none-eabi/lib/thumb/v7e-m/crt0.o (exit)
d:/7.0/toolchain/arm/arm-gnu-toolchain/bin/../lib/gcc/arm-none-eabi/6.3.1/../../../../arm-none-eabi/lib/thumb/v7e-m\libc.a(lib_a-impure.o)
                              d:/7.0/toolchain/arm/arm-gnu-toolchain/bin/../lib/gcc/arm-none-eabi/6.3.1/../../../../arm-none-eabi/lib/thumb/v7e-m\libc.a(lib_a-exit.o) (_global_impure_ptr)
d:/7.0/toolchain/arm/arm-gnu-toolchain/bin/../lib/gcc/arm-none-eabi/6.3.1/../../../../arm-none-eabi/lib/thumb/v7e-m\libc.a(lib_a-init.o)
                              d:/7.0/toolchain/arm/arm-gnu-toolchain/bin/../lib/gcc/arm-none-eabi/6.3.1/../../../../arm-none-eabi/lib/thumb/v7e-m/crt0.o (__libc_init_array)
d:/7.0/toolchain/arm/arm-gnu-toolchain/bin/../lib/gcc/arm-none-eabi/6.3.1/../../../../arm-none-eabi/lib/thumb/v7e-m\libc.a(lib_a-memset.o)
                              d:/7.0/toolchain/arm/arm-gnu-toolchain/bin/../lib/gcc/arm-none-eabi/6.3.1/../../../../arm-none-eabi/lib/thumb/v7e-m/crt0.o (memset)
d:/7.0/toolchain/arm/arm-gnu-toolchain/bin/../lib/gcc/arm-none-eabi/6.3.1/../../../../arm-none-eabi/lib/thumb/v7e-m\libc.a(lib_a-__call_atexit.o)
                              d:/7.0/toolchain/arm/arm-gnu-toolchain/bin/../lib/gcc/arm-none-eabi/6.3.1/../../../../arm-none-eabi/lib/thumb/v7e-m\libc.a(lib_a-exit.o) (__call_exitprocs)
d:/7.0/toolchain/arm/arm-gnu-toolchain/bin/../lib/gcc/arm-none-eabi/6.3.1/../../../../arm-none-eabi/lib/thumb/v7e-m\libc.a(lib_a-atexit.o)
                              d:/7.0/toolchain/arm/arm-gnu-toolchain/bin/../lib/gcc/arm-none-eabi/6.3.1/../../../../arm-none-eabi/lib/thumb/v7e-m\libc.a(lib_a-__call_atexit.o) (atexit)
d:/7.0/toolchain/arm/arm-gnu-toolchain/bin/../lib/gcc/arm-none-eabi/6.3.1/../../../../arm-none-eabi/lib/thumb/v7e-m\libc.a(lib_a-fini.o)
                              d:/7.0/toolchain/arm/arm-gnu-toolchain/bin/../lib/gcc/arm-none-eabi/6.3.1/../../../../arm-none-eabi/lib/thumb/v7e-m\libc.a(lib_a-__call_atexit.o) (__libc_fini_array)
d:/7.0/toolchain/arm/arm-gnu-toolchain/bin/../lib/gcc/arm-none-eabi/6.3.1/../../../../arm-none-eabi/lib/thumb/v7e-m\libc.a(lib_a-lock.o)
                              d:/7.0/toolchain/arm/arm-gnu-toolchain/bin/../lib/gcc/arm-none-eabi/6.3.1/../../../../arm-none-eabi/lib/thumb/v7e-m\libc.a(lib_a-__call_atexit.o) (__retarget_lock_acquire_recursive)
d:/7.0/toolchain/arm/arm-gnu-toolchain/bin/../lib/gcc/arm-none-eabi/6.3.1/../../../../arm-none-eabi/lib/thumb/v7e-m\libc.a(lib_a-__atexit.o)
                              d:/7.0/toolchain/arm/arm-gnu-toolchain/bin/../lib/gcc/arm-none-eabi/6.3.1/../../../../arm-none-eabi/lib/thumb/v7e-m\libc.a(lib_a-atexit.o) (__register_exitproc)

Allocating common symbols
Common symbol       size              file

__lock___atexit_recursive_mutex
                    0x1               d:/7.0/toolchain/arm/arm-gnu-toolchain/bin/../lib/gcc/arm-none-eabi/6.3.1/../../../../arm-none-eabi/lib/thumb/v7e-m\libc.a(lib_a-lock.o)
__lock___arc4random_mutex
                    0x1               d:/7.0/toolchain/arm/arm-gnu-toolchain/bin/../lib/gcc/arm-none-eabi/6.3.1/../../../../arm-none-eabi/lib/thumb/v7e-m\libc.a(lib_a-lock.o)
__lock___env_recursive_mutex
                    0x1               d:/7.0/toolchain/arm/arm-gnu-toolchain/bin/../lib/gcc/arm-none-eabi/6.3.1/../../../../arm-none-eabi/lib/thumb/v7e-m\libc.a(lib_a-lock.o)
__lock___sinit_recursive_mutex
                    0x1               d:/7.0/toolchain/arm/arm-gnu-toolchain/bin/../lib/gcc/arm-none-eabi/6.3.1/../../../../arm-none-eabi/lib/thumb/v7e-m\libc.a(lib_a-lock.o)
__lock___malloc_recursive_mutex
                    0x1               d:/7.0/toolchain/arm/arm-gnu-toolchain/bin/../lib/gcc/arm-none-eabi/6.3.1/../../../../arm-none-eabi/lib/thumb/v7e-m\libc.a(lib_a-lock.o)
pio_capture_enable_flag
                    0x4               src/ASF/sam/drivers/pio/pio.o
g_ili9488_display_opt
                    0x10              src/main.o
__lock___at_quick_exit_mutex
                    0x1               d:/7.0/toolchain/arm/arm-gnu-toolchain/bin/../lib/gcc/arm-none-eabi/6.3.1/../../../../arm-none-eabi/lib/thumb/v7e-m\libc.a(lib_a-lock.o)
__lock___dd_hash_mutex
                    0x1               d:/7.0/toolchain/arm/arm-gnu-toolchain/bin/../lib/gcc/arm-none-eabi/6.3.1/../../../../arm-none-eabi/lib/thumb/v7e-m\libc.a(lib_a-lock.o)
__lock___tz_mutex   0x1               d:/7.0/toolchain/arm/arm-gnu-toolchain/bin/../lib/gcc/arm-none-eabi/6.3.1/../../../../arm-none-eabi/lib/thumb/v7e-m\libc.a(lib_a-lock.o)
__lock___sfp_recursive_mutex
[...]
Memory Configuration

Name             Origin             Length             Attributes
rom              0x00400000         0x00200000         xr
ram              0x20400000         0x00060000         xrw
*default*        0x00000000         0xffffffff

Linker script and memory map

LOAD d:/7.0/toolchain/arm/arm-gnu-toolchain/bin/../lib/gcc/arm-none-eabi/6.3.1/thumb/v7e-m/crti.o
LOAD d:/7.0/toolchain/arm/arm-gnu-toolchain/bin/../lib/gcc/arm-none-eabi/6.3.1/thumb/v7e-m/crtbegin.o
LOAD d:/7.0/toolchain/arm/arm-gnu-toolchain/bin/../lib/gcc/arm-none-eabi/6.3.1/../../../../arm-none-eabi/lib/thumb/v7e-m/crt0.o
LOAD src/main.o
LOAD src/ASF/common/services/delay/sam/cycle_counter.o
LOAD src/ASF/common/services/spi/sam_spi/spi_master.o
LOAD src/ASF/sam/components/display/ili9488/ili9488.o
LOAD src/ASF/sam/drivers/spi/spi.o
LOAD src/ASF/common/services/clock/same70/sysclk.o
LOAD src/ASF/common/utils/interrupt/interrupt_sam_nvic.o
LOAD src/ASF/sam/boards/same70_xplained/init.o
LOAD src/ASF/sam/drivers/mpu/mpu.o
LOAD src/ASF/sam/drivers/pio/pio.o
LOAD src/ASF/sam/drivers/pio/pio_handler.o
LOAD src/ASF/sam/drivers/pmc/pmc.o
LOAD src/ASF/sam/drivers/pmc/sleep.o
LOAD src/ASF/sam/utils/cmsis/same70/source/templates/gcc/startup_same70.o
LOAD src/ASF/sam/utils/cmsis/same70/source/templates/system_same70.o
LOAD src/ASF/sam/utils/syscalls/gcc/syscalls.o
START GROUP
LOAD ../src/ASF/thirdparty/CMSIS/Lib/GCC\libarm_cortexM7lfsp_math_softfp.a
LOAD d:/7.0/toolchain/arm/arm-gnu-toolchain/bin/../lib/gcc/arm-none-eabi/6.3.1/../../../../arm-none-eabi/lib/thumb/v7e-m\libm.a
END GROUP
START GROUP
LOAD d:/7.0/toolchain/arm/arm-gnu-toolchain/bin/../lib/gcc/arm-none-eabi/6.3.1/thumb/v7e-m\libgcc.a
LOAD d:/7.0/toolchain/arm/arm-gnu-toolchain/bin/../lib/gcc/arm-none-eabi/6.3.1/../../../../arm-none-eabi/lib/thumb/v7e-m\libc.a
END GROUP
LOAD d:/7.0/toolchain/arm/arm-gnu-toolchain/bin/../lib/gcc/arm-none-eabi/6.3.1/thumb/v7e-m/crtend.o
LOAD d:/7.0/toolchain/arm/arm-gnu-toolchain/bin/../lib/gcc/arm-none-eabi/6.3.1/thumb/v7e-m/crtn.o
                0x00002000                STACK_SIZE = DEFINED (STACK_SIZE)?STACK_SIZE:0x2000
                0x2045fffc                __ram_end__ = ((ORIGIN (ram) + LENGTH (ram)) - 0x4)
                0x00000200                HEAP_SIZE = DEFINED (HEAP_SIZE)?HEAP_SIZE:0x200

.text           0x00400000    0x2f3fc
                0x00400000                . = ALIGN (0x4)
                0x00400000                _sfixed = .
 *(.vectors .vectors.*)
 .vectors       0x00400000      0x168 src/ASF/sam/utils/cmsis/same70/source/templates/gcc/startup_same70.o
                0x00400000                exception_table
 *(.text .text.* .gnu.linkonce.t.*)
 .text          0x00400168       0x6c d:/7.0/toolchain/arm/arm-gnu-toolchain/bin/../lib/gcc/arm-none-eabi/6.3.1/thumb/v7e-m/crtbegin.o
 .text.configure_lcd
                0x004001d4       0x4c src/main.o
                0x004001d4                configure_lcd
 .text.font_draw_text
                0x00400220       0x88 src/main.o
                0x00400220                font_draw_text
 .text.main     0x004002a8       0x3c src/main.o
                0x004002a8                main
 .text.osc_get_rate
                0x004002e4       0x74 src/ASF/common/services/spi/sam_spi/spi_master.o
 .text.sysclk_get_main_hz
                0x00400358       0x20 src/ASF/common/services/spi/sam_spi/spi_master.o
 .text.sysclk_get_peripheral_hz
                0x00400378       0x14 src/ASF/common/services/spi/sam_spi/spi_master.o
 .text.spi_reset
                0x0040038c       0x1a src/ASF/common/services/spi/sam_spi/spi_master.o
 .text.spi_set_master_mode
                0x004003a6       0x20 src/ASF/common/services/spi/sam_spi/spi_master.o
 .text.spi_set_fixed_peripheral_select
                0x004003c6       0x20 src/ASF/common/services/spi/sam_spi/spi_master.o
 .text.spi_disable_peripheral_select_decode
                0x004003e6       0x20 src/ASF/common/services/spi/sam_spi/spi_master.o
 .text.spi_get_peripheral_select_decode_setting
                0x00400406       0x26 src/ASF/common/services/spi/sam_spi/spi_master.o
 .text.spi_disable_mode_fault_detect
                0x0040042c       0x20 src/ASF/common/services/spi/sam_spi/spi_master.o
 .text.spi_disable_loopback
                0x0040044c       0x20 src/ASF/common/services/spi/sam_spi/spi_master.o
 .text.spi_put  0x0040046c       0x1e src/ASF/common/services/spi/sam_spi/spi_master.o
 .text.spi_get  0x0040048a       0x1a src/ASF/common/services/spi/sam_spi/spi_master.o
 .text.spi_is_tx_ready
                0x004004a4       0x26 src/ASF/common/services/spi/sam_spi/spi_master.o
 .text.spi_is_rx_ready
                0x004004ca       0x2c src/ASF/common/services/spi/sam_spi/spi_master.o
 *fill*         0x004004f6        0x2 
 .text.spi_write_single
                0x004004f8       0x24 src/ASF/common/services/spi/sam_spi/spi_master.o
 .text.spi_read_single
                0x0040051c       0x24 src/ASF/common/services/spi/sam_spi/spi_master.o
 .text.spi_master_init
                0x00400540       0x70 src/ASF/common/services/spi/sam_spi/spi_master.o
                0x00400540                spi_master_init
 .text.spi_master_setup_device
                0x004005b0       0xb4 src/ASF/common/services/spi/sam_spi/spi_master.o
                0x004005b0                spi_master_setup_device
 .text.spi_select_device
                0x00400664       0x58 src/ASF/common/services/spi/sam_spi/spi_master.o
                0x00400664                spi_select_device
 .text.spi_write_packet
                0x004006bc       0x74 src/ASF/common/services/spi/sam_spi/spi_master.o
                0x004006bc                spi_write_packet
 .text.spi_read_packet
                0x00400730       0xac src/ASF/common/services/spi/sam_spi/spi_master.o
                0x00400730                spi_read_packet
 .text.spi_enable
                0x004007dc       0x1a src/ASF/sam/components/display/ili9488/ili9488.o
 .text.spi_enable_interrupt
                0x004007f6       0x1c src/ASF/sam/components/display/ili9488/ili9488.o
 *fill*         0x00400812        0x2 
 .text.ili9488_write_ram_prepare
                0x00400814       0x40 src/ASF/sam/components/display/ili9488/ili9488.o
 .text.ili9488_write_ram_buffer
                0x00400854       0x40 src/ASF/sam/components/display/ili9488/ili9488.o
 .text.ili9488_write_register
                0x00400894       0x78 src/ASF/sam/components/display/ili9488/ili9488.o
 .text.ili9488_read_chipid
                0x0040090c       0xcc src/ASF/sam/components/display/ili9488/ili9488.o
 .text.ili9488_delay
                0x004009d8       0x40 src/ASF/sam/components/display/ili9488/ili9488.o
                0x004009d8                ili9488_delay
 .text.ili9488_check_box_coordinates
                0x00400a18       0xa2 src/ASF/sam/components/display/ili9488/ili9488.o
 *fill*         0x00400aba        0x2 
 .text.ili9488_set_display_direction
                0x00400abc       0x34 src/ASF/sam/components/display/ili9488/ili9488.o
                0x00400abc                ili9488_set_display_direction
 .text.ili9488_set_window
                0x00400af0       0xc8 src/ASF/sam/components/display/ili9488/ili9488.o
                0x00400af0                ili9488_set_window
 .text.ili9488_init
                0x00400bb8      0x15c src/ASF/sam/components/display/ili9488/ili9488.o
                0x00400bb8                ili9488_init
 .text.ili9488_display_on
                0x00400d14       0x18 src/ASF/sam/components/display/ili9488/ili9488.o
                0x00400d14                ili9488_display_on
 .text.ili9488_set_foreground_color
                0x00400d2c       0x54 src/ASF/sam/components/display/ili9488/ili9488.o
                0x00400d2c                ili9488_set_foreground_color
 .text.ili9488_set_cursor_position
                0x00400d80       0x84 src/ASF/sam/components/display/ili9488/ili9488.o
                0x00400d80                ili9488_set_cursor_position
 .text.ili9488_draw_filled_rectangle
                0x00400e04       0xdc src/ASF/sam/components/display/ili9488/ili9488.o
                0x00400e04                ili9488_draw_filled_rectangle
 .text.ili9488_draw_pixmap
                0x00400ee0       0xb4 src/ASF/sam/components/display/ili9488/ili9488.o
                0x00400ee0                ili9488_draw_pixmap
 .text.spi_get_peripheral_select_mode
                0x00400f94       0x26 src/ASF/sam/drivers/spi/spi.o
 *fill*         0x00400fba        0x2 
 .text.sysclk_enable_peripheral_clock
                0x00400fbc       0x1c src/ASF/sam/drivers/spi/spi.o
 .text.spi_enable_clock
                0x00400fd8       0x3c src/ASF/sam/drivers/spi/spi.o
                0x00400fd8                spi_enable_clock
 .text.spi_set_peripheral_chip_select_value
                0x00401014       0x34 src/ASF/sam/drivers/spi/spi.o
                0x00401014                spi_set_peripheral_chip_select_value
 .text.spi_set_delay_between_chip_select
                0x00401048       0x30 src/ASF/sam/drivers/spi/spi.o
                0x00401048                spi_set_delay_between_chip_select
 .text.spi_write
                0x00401078       0x80 src/ASF/sam/drivers/spi/spi.o
                0x00401078                spi_write
 .text.spi_set_clock_polarity
                0x004010f8       0x50 src/ASF/sam/drivers/spi/spi.o
                0x004010f8                spi_set_clock_polarity
 .text.spi_set_clock_phase
                0x00401148       0x50 src/ASF/sam/drivers/spi/spi.o
                0x00401148                spi_set_clock_phase
 .text.spi_configure_cs_behavior
                0x00401198       0xa6 src/ASF/sam/drivers/spi/spi.o
                0x00401198                spi_configure_cs_behavior
 .text.spi_set_bits_per_transfer
                0x0040123e       0x4a src/ASF/sam/drivers/spi/spi.o
                0x0040123e                spi_set_bits_per_transfer
 .text.spi_calc_baudrate_div
                0x00401288       0x3c src/ASF/sam/drivers/spi/spi.o
                0x00401288                spi_calc_baudrate_div
 .text.spi_set_baudrate_div
                0x004012c4       0x5e src/ASF/sam/drivers/spi/spi.o
                0x004012c4                spi_set_baudrate_div
 .text.spi_set_transfer_delay
                0x00401322       0x5e src/ASF/sam/drivers/spi/spi.o
                0x00401322                spi_set_transfer_delay
 .text.osc_enable
                0x00401380       0x88 src/ASF/common/services/clock/same70/sysclk.o
 .text.osc_is_ready
                0x00401408       0x70 src/ASF/common/services/clock/same70/sysclk.o
 .text.osc_get_rate
                0x00401478       0x74 src/ASF/common/services/clock/same70/sysclk.o
 .text.osc_wait_ready
                0x004014ec       0x2c src/ASF/common/services/clock/same70/sysclk.o
 .text.pll_config_init
                0x00401518       0x6c src/ASF/common/services/clock/same70/sysclk.o
 .text.pll_enable
                0x00401584       0x40 src/ASF/common/services/clock/same70/sysclk.o
 .text.pll_is_locked
                0x004015c4       0x2c src/ASF/common/services/clock/same70/sysclk.o
 .text.pll_enable_source
                0x004015f0       0x38 src/ASF/common/services/clock/same70/sysclk.o
 .text.pll_wait_for_lock
                0x00401628       0x24 src/ASF/common/services/clock/same70/sysclk.o
 .text.sysclk_get_main_hz
                0x0040164c       0x20 src/ASF/common/services/clock/same70/sysclk.o
 .text.sysclk_get_cpu_hz
                0x0040166c       0x14 src/ASF/common/services/clock/same70/sysclk.o
 .text.sysclk_init
                0x00401680       0x7c src/ASF/common/services/clock/same70/sysclk.o
                0x00401680                sysclk_init
 .text.SCB_EnableICache
                0x004016fc       0x38 src/ASF/sam/boards/same70_xplained/init.o
 .text.SCB_EnableDCache
                0x00401734       0xa4 src/ASF/sam/boards/same70_xplained/init.o
 .text.sysclk_enable_peripheral_clock
                0x004017d8       0x1c src/ASF/sam/boards/same70_xplained/init.o
 .text.ioport_init
                0x004017f4       0x2c src/ASF/sam/boards/same70_xplained/init.o
 .text.ioport_set_pin_mode
                0x00401820      0x11c src/ASF/sam/boards/same70_xplained/init.o
 .text.ioport_set_pin_dir
                0x0040193c       0x88 src/ASF/sam/boards/same70_xplained/init.o
 .text.ioport_set_pin_level
                0x004019c4       0x6c src/ASF/sam/boards/same70_xplained/init.o
 .text.ioport_set_pin_sense_mode
                0x00401a30       0xd0 src/ASF/sam/boards/same70_xplained/init.o
 .text.tcm_disable
                0x00401b00       0x44 src/ASF/sam/boards/same70_xplained/init.o
 .text.board_init
                0x00401b44      0x188 src/ASF/sam/boards/same70_xplained/init.o
                0x00401b44                board_init
 .text.pio_pull_up
                0x00401ccc       0x2c src/ASF/sam/drivers/pio/pio.o
                0x00401ccc                pio_pull_up
 .text.pio_set  0x00401cf8       0x1c src/ASF/sam/drivers/pio/pio.o
                0x00401cf8                pio_set
 .text.pio_set_peripheral
                0x00401d14      0x110 src/ASF/sam/drivers/pio/pio.o
                0x00401d14                pio_set_peripheral
 .text.pio_set_input
                0x00401e24       0x80 src/ASF/sam/drivers/pio/pio.o
                0x00401e24                pio_set_input
 .text.pio_set_output
                0x00401ea4       0x64 src/ASF/sam/drivers/pio/pio.o
                0x00401ea4                pio_set_output
 .text.pio_configure
                0x00401f08       0xcc src/ASF/sam/drivers/pio/pio.o
                0x00401f08                pio_configure
 .text.pio_disable_interrupt
                0x00401fd4       0x1c src/ASF/sam/drivers/pio/pio.o
                0x00401fd4                pio_disable_interrupt
 .text.pio_get_interrupt_status
                0x00401ff0       0x18 src/ASF/sam/drivers/pio/pio.o
                0x00401ff0                pio_get_interrupt_status
 .text.pio_get_interrupt_mask
                0x00402008       0x18 src/ASF/sam/drivers/pio/pio.o
                0x00402008                pio_get_interrupt_mask
 .text.pio_set_pin_high
                0x00402020       0x30 src/ASF/sam/drivers/pio/pio.o
                0x00402020                pio_set_pin_high
 .text.pio_set_pin_low
                0x00402050       0x30 src/ASF/sam/drivers/pio/pio.o
                0x00402050                pio_set_pin_low
 .text.pio_configure_pin
                0x00402080      0x1b0 src/ASF/sam/drivers/pio/pio.o
                0x00402080                pio_configure_pin
 .text.pio_get_pin_group
                0x00402230       0x28 src/ASF/sam/drivers/pio/pio.o
                0x00402230                pio_get_pin_group
 .text.pio_handler_process
                0x00402258       0xb4 src/ASF/sam/drivers/pio/pio_handler.o
                0x00402258                pio_handler_process
 .text.PIOA_Handler
                0x0040230c       0x18 src/ASF/sam/drivers/pio/pio_handler.o
                0x0040230c                PIOA_Handler
 .text.PIOB_Handler
                0x00402324       0x18 src/ASF/sam/drivers/pio/pio_handler.o
                0x00402324                PIOB_Handler
 .text.PIOC_Handler
                0x0040233c       0x18 src/ASF/sam/drivers/pio/pio_handler.o
                0x0040233c                PIOC_Handler
 .text.PIOD_Handler
                0x00402354       0x18 src/ASF/sam/drivers/pio/pio_handler.o
                0x00402354                PIOD_Handler
 .text.PIOE_Handler
                0x0040236c       0x18 src/ASF/sam/drivers/pio/pio_handler.o
                0x0040236c                PIOE_Handler
 .text.pmc_mck_set_division
                0x00402384       0x7c src/ASF/sam/drivers/pmc/pmc.o
                0x00402384                pmc_mck_set_division
 .text.pmc_switch_mck_to_pllack
                0x00402400       0x84 src/ASF/sam/drivers/pmc/pmc.o
                0x00402400                pmc_switch_mck_to_pllack
 .text.pmc_switch_sclk_to_32kxtal
                0x00402484       0x38 src/ASF/sam/drivers/pmc/pmc.o
                0x00402484                pmc_switch_sclk_to_32kxtal
 .text.pmc_osc_is_ready_32kxtal
                0x004024bc       0x34 src/ASF/sam/drivers/pmc/pmc.o
                0x004024bc                pmc_osc_is_ready_32kxtal
 .text.pmc_switch_mainck_to_fastrc
                0x004024f0       0x70 src/ASF/sam/drivers/pmc/pmc.o
                0x004024f0                pmc_switch_mainck_to_fastrc
 .text.pmc_switch_mainck_to_xtal
                0x00402560       0x78 src/ASF/sam/drivers/pmc/pmc.o
                0x00402560                pmc_switch_mainck_to_xtal
 .text.pmc_osc_is_ready_mainck
                0x004025d8       0x1c src/ASF/sam/drivers/pmc/pmc.o
                0x004025d8                pmc_osc_is_ready_mainck
 .text.pmc_disable_pllack
                0x004025f4       0x1c src/ASF/sam/drivers/pmc/pmc.o
                0x004025f4                pmc_disable_pllack
 .text.pmc_is_locked_pllack
                0x00402610       0x1c src/ASF/sam/drivers/pmc/pmc.o
                0x00402610                pmc_is_locked_pllack
 .text.pmc_is_locked_upll
                0x0040262c       0x1c src/ASF/sam/drivers/pmc/pmc.o
                0x0040262c                pmc_is_locked_upll
 .text.pmc_enable_periph_clk
                0x00402648       0x3c src/ASF/sam/drivers/pmc/pmc.o
                0x00402648                pmc_enable_periph_clk
 .text.cpu_irq_save
                0x00402684       0x38 src/ASF/sam/utils/cmsis/same70/source/templates/gcc/startup_same70.o
 .text.cpu_irq_is_enabled_flags
                0x004026bc       0x20 src/ASF/sam/utils/cmsis/same70/source/templates/gcc/startup_same70.o
 .text.cpu_irq_restore
                0x004026dc       0x30 src/ASF/sam/utils/cmsis/same70/source/templates/gcc/startup_same70.o
 .text.Reset_Handler
                0x0040270c       0xb0 src/ASF/sam/utils/cmsis/same70/source/templates/gcc/startup_same70.o
                0x0040270c                Reset_Handler
 .text.Dummy_Handler
                0x004027bc        0x6 src/ASF/sam/utils/cmsis/same70/source/templates/gcc/startup_same70.o
                0x004027bc                DACC_Handler
                0x004027bc                DebugMon_Handler
                0x004027bc                UART3_Handler
                0x004027bc                UART2_Handler
                0x004027bc                TRNG_Handler
                0x004027bc                HardFault_Handler
                0x004027bc                TC2_Handler
                0x004027bc                SysTick_Handler
                0x004027bc                AFEC1_Handler
                0x004027bc                PendSV_Handler
                0x004027bc                NMI_Handler
                0x004027bc                TC7_Handler
                0x004027bc                QSPI_Handler
                0x004027bc                ISI_Handler
                0x004027bc                MCAN0_INT0_Handler
                0x004027bc                TC9_Handler
                0x004027bc                RSWDT_Handler
                0x004027bc                USART0_Handler
                0x004027bc                RTT_Handler
                0x004027bc                USBHS_Handler
                0x004027bc                IXC_Handler
                0x004027bc                CCF_Handler
                0x004027bc                RTC_Handler
                0x004027bc                UsageFault_Handler
                0x004027bc                TC6_Handler
                0x004027bc                WDT_Handler
                0x004027bc                MCAN1_INT1_Handler
                0x004027bc                TC4_Handler
                0x004027bc                TC1_Handler
                0x004027bc                HSMCI_Handler
                0x004027bc                UART1_Handler
                0x004027bc                TC3_Handler
                0x004027bc                Dummy_Handler
                0x004027bc                TWIHS1_Handler
                0x004027bc                XDMAC_Handler
                0x004027bc                UART4_Handler
                0x004027bc                PWM1_Handler
                0x004027bc                USART1_Handler
                0x004027bc                PWM0_Handler
                0x004027bc                AFEC0_Handler
                0x004027bc                CCW_Handler
                0x004027bc                TC11_Handler
                0x004027bc                SSC_Handler
                0x004027bc                ACC_Handler
                0x004027bc                PMC_Handler
                0x004027bc                GMAC_Handler
                0x004027bc                MCAN0_INT1_Handler
                0x004027bc                GMAC_Q5_Handler
                0x004027bc                MemManage_Handler
                0x004027bc                SUPC_Handler
                0x004027bc                SVC_Handler
                0x004027bc                TC8_Handler
                0x004027bc                MCAN1_INT0_Handler
                0x004027bc                EFC_Handler
                0x004027bc                GMAC_Q1_Handler
                0x004027bc                USART2_Handler
                0x004027bc                SDRAMC_Handler
                0x004027bc                GMAC_Q2_Handler
                0x004027bc                SPI1_Handler
                0x004027bc                TC10_Handler
                0x004027bc                GMAC_Q3_Handler
                0x004027bc                TWIHS2_Handler
                0x004027bc                I2SC0_Handler
                0x004027bc                UART0_Handler
                0x004027bc                I2SC1_Handler
                0x004027bc                GMAC_Q4_Handler
                0x004027bc                FPU_Handler
                0x004027bc                BusFault_Handler
                0x004027bc                RSTC_Handler
                0x004027bc                TC0_Handler
                0x004027bc                TC5_Handler
                0x004027bc                AES_Handler
                0x004027bc                ICM_Handler
                0x004027bc                TWIHS0_Handler
                0x004027bc                SPI0_Handler
 *fill*         0x004027c2        0x2 
 .text.SystemCoreClockUpdate
                0x004027c4      0x168 src/ASF/sam/utils/cmsis/same70/source/templates/system_same70.o
                0x004027c4                SystemCoreClockUpdate
 .text.system_init_flash
                0x0040292c       0xb0 src/ASF/sam/utils/cmsis/same70/source/templates/system_same70.o
                0x0040292c                system_init_flash
 .text.__libc_init_array
                0x004029dc       0x50 d:/7.0/toolchain/arm/arm-gnu-toolchain/bin/../lib/gcc/arm-none-eabi/6.3.1/../../../../arm-none-eabi/lib/thumb/v7e-m\libc.a(lib_a-init.o)
                0x004029dc                __libc_init_array
 .text.startup.register_fini
                0x00402a2c       0x14 d:/7.0/toolchain/arm/arm-gnu-toolchain/bin/../lib/gcc/arm-none-eabi/6.3.1/../../../../arm-none-eabi/lib/thumb/v7e-m\libc.a(lib_a-__call_atexit.o)
 .text.atexit   0x00402a40        0xc d:/7.0/toolchain/arm/arm-gnu-toolchain/bin/../lib/gcc/arm-none-eabi/6.3.1/../../../../arm-none-eabi/lib/thumb/v7e-m\libc.a(lib_a-atexit.o)
                0x00402a40                atexit
 .text.__libc_fini_array
                0x00402a4c       0x34 d:/7.0/toolchain/arm/arm-gnu-toolchain/bin/../lib/gcc/arm-none-eabi/6.3.1/../../../../arm-none-eabi/lib/thumb/v7e-m\libc.a(lib_a-fini.o)
                0x00402a4c                __libc_fini_array
 .text.__retarget_lock_acquire_recursive
                0x00402a80        0x4 d:/7.0/toolchain/arm/arm-gnu-toolchain/bin/../lib/gcc/arm-none-eabi/6.3.1/../../../../arm-none-eabi/lib/thumb/v7e-m\libc.a(lib_a-lock.o)
                0x00402a80                __retarget_lock_acquire_recursive
 .text.__retarget_lock_release_recursive
                0x00402a84        0x4 d:/7.0/toolchain/arm/arm-gnu-toolchain/bin/../lib/gcc/arm-none-eabi/6.3.1/../../../../arm-none-eabi/lib/thumb/v7e-m\libc.a(lib_a-lock.o)
                0x00402a84                __retarget_lock_release_recursive
 .text.__register_exitproc
                0x00402a88       0xc4 d:/7.0/toolchain/arm/arm-gnu-toolchain/bin/../lib/gcc/arm-none-eabi/6.3.1/../../../../arm-none-eabi/lib/thumb/v7e-m\libc.a(lib_a-__atexit.o)
                0x00402a88                __register_exitproc
 *(.glue_7t)
 .glue_7t       0x00402b4c        0x0 linker stubs
 *(.glue_7)
 .glue_7        0x00402b4c        0x0 linker stubs
 *(.rodata .rodata* .gnu.linkonce.r.*)
 .rodata.image_data_calibri_36_0x20
                0x00402b4c      0x378 src/main.o
 .rodata.calibri_36_0x20
                0x00402ec4       0x10 src/main.o
 .rodata.image_data_calibri_36_0x21
                0x00402ed4      0x534 src/main.o
 .rodata.calibri_36_0x21
                0x00403408       0x10 src/main.o
 .rodata.image_data_calibri_36_0x22
                0x00403418      0x612 src/main.o
 *fill*         0x00403a2a        0x2 
 .rodata.calibri_36_0x22
                0x00403a2c       0x10 src/main.o
 .rodata.image_data_calibri_36_0x23
                0x00403a3c      0x7ce src/main.o
 *fill*         0x0040420a        0x2 
 .rodata.calibri_36_0x23
                0x0040420c       0x10 src/main.o
 .rodata.image_data_calibri_36_0x24
                0x0040421c      0x7ce src/main.o
 *fill*         0x004049ea        0x2 
 .rodata.calibri_36_0x24
                0x004049ec       0x10 src/main.o
 .rodata.image_data_calibri_36_0x25
                0x004049fc      0xb46 src/main.o
 *fill*         0x00405542        0x2 
 .rodata.calibri_36_0x25
                0x00405544       0x10 src/main.o
 .rodata.image_data_calibri_36_0x26
                0x00405554      0xad7 src/main.o
 *fill*         0x0040602b        0x1 
 .rodata.calibri_36_0x26
                0x0040602c       0x10 src/main.o
 .rodata.image_data_calibri_36_0x27
                0x0040603c      0x378 src/main.o
 .rodata.calibri_36_0x27
                0x004063b4       0x10 src/main.o
 .rodata.image_data_calibri_36_0x28
                0x004063c4      0x4c5 src/main.o
 *fill*         0x00406889        0x3 
 .rodata.calibri_36_0x28
                0x0040688c       0x10 src/main.o
 .rodata.image_data_calibri_36_0x29
                0x0040689c      0x4c5 src/main.o
 *fill*         0x00406d61        0x3 
 .rodata.calibri_36_0x29
                0x00406d64       0x10 src/main.o
 .rodata.image_data_calibri_36_0x2a
                0x00406d74      0x7ce src/main.o
 *fill*         0x00407542        0x2 
 .rodata.calibri_36_0x2a
                0x00407544       0x10 src/main.o
 .rodata.image_data_calibri_36_0x2b
                0x00407554      0x7ce src/main.o
 *fill*         0x00407d22        0x2 
 .rodata.calibri_36_0x2b
                0x00407d24       0x10 src/main.o
 .rodata.image_data_calibri_36_0x2c
                0x00407d34      0x3e7 src/main.o
 *fill*         0x0040811b        0x1 
 .rodata.calibri_36_0x2c
                0x0040811c       0x10 src/main.o
 .rodata.image_data_calibri_36_0x2d
                0x0040812c      0x4c5 src/main.o
 *fill*         0x004085f1        0x3 
 .rodata.calibri_36_0x2d
                0x004085f4       0x10 src/main.o
 .rodata.image_data_calibri_36_0x2e
                0x00408604      0x3e7 src/main.o
 *fill*         0x004089eb        0x1 
 .rodata.calibri_36_0x2e
                0x004089ec       0x10 src/main.o
 .rodata.image_data_calibri_36_0x2f
                0x004089fc      0x612 src/main.o
 *fill*         0x0040900e        0x2 
 .rodata.calibri_36_0x2f
                0x00409010       0x10 src/main.o
 .rodata.image_data_calibri_36_0x30
                0x00409020      0x7ce src/main.o
 *fill*         0x004097ee        0x2 
 .rodata.calibri_36_0x30
                0x004097f0       0x10 src/main.o
 .rodata.image_data_calibri_36_0x31
                0x00409800      0x7ce src/main.o
 *fill*         0x00409fce        0x2 
 .rodata.calibri_36_0x31
                0x00409fd0       0x10 src/main.o
 .rodata.image_data_calibri_36_0x32
                0x00409fe0      0x7ce src/main.o
 *fill*         0x0040a7ae        0x2 
 .rodata.calibri_36_0x32
                0x0040a7b0       0x10 src/main.o
 .rodata.image_data_calibri_36_0x33
                0x0040a7c0      0x7ce src/main.o
 *fill*         0x0040af8e        0x2 
 .rodata.calibri_36_0x33
                0x0040af90       0x10 src/main.o
 .rodata.image_data_calibri_36_0x34
                0x0040afa0      0x7ce src/main.o
 *fill*         0x0040b76e        0x2 
 .rodata.calibri_36_0x34
                0x0040b770       0x10 src/main.o
 .rodata.image_data_calibri_36_0x35
                0x0040b780      0x7ce src/main.o
 *fill*         0x0040bf4e        0x2 
 .rodata.calibri_36_0x35
                0x0040bf50       0x10 src/main.o
 .rodata.image_data_calibri_36_0x36
                0x0040bf60      0x7ce src/main.o
 *fill*         0x0040c72e        0x2 
 .rodata.calibri_36_0x36
                0x0040c730       0x10 src/main.o
 .rodata.image_data_calibri_36_0x37
                0x0040c740      0x7ce src/main.o
 *fill*         0x0040cf0e        0x2 
 .rodata.calibri_36_0x37
                0x0040cf10       0x10 src/main.o
 .rodata.image_data_calibri_36_0x38
                0x0040cf20      0x7ce src/main.o
 *fill*         0x0040d6ee        0x2 
 .rodata.calibri_36_0x38
                0x0040d6f0       0x10 src/main.o
 .rodata.image_data_calibri_36_0x39
                0x0040d700      0x7ce src/main.o
 *fill*         0x0040dece        0x2 
 .rodata.calibri_36_0x39
                0x0040ded0       0x10 src/main.o
 .rodata.image_data_calibri_36_0x3a
                0x0040dee0      0x456 src/main.o
 *fill*         0x0040e336        0x2 
 .rodata.calibri_36_0x3a
                0x0040e338       0x10 src/main.o
 .rodata.image_data_calibri_36_0x3b
                0x0040e348      0x456 src/main.o
 *fill*         0x0040e79e        0x2 
 .rodata.calibri_36_0x3b
                0x0040e7a0       0x10 src/main.o
 .rodata.image_data_calibri_36_0x3c
                0x0040e7b0      0x7ce src/main.o
 *fill*         0x0040ef7e        0x2 
 .rodata.calibri_36_0x3c
                0x0040ef80       0x10 src/main.o
 .rodata.image_data_calibri_36_0x3d
                0x0040ef90      0x7ce src/main.o
 *fill*         0x0040f75e        0x2 
 .rodata.calibri_36_0x3d
                0x0040f760       0x10 src/main.o
 .rodata.image_data_calibri_36_0x3e
                0x0040f770      0x7ce src/main.o
 *fill*         0x0040ff3e        0x2 
 .rodata.calibri_36_0x3e
                0x0040ff40       0x10 src/main.o
 .rodata.image_data_calibri_36_0x3f
                0x0040ff50      0x75f src/main.o
 *fill*         0x004106af        0x1 
 .rodata.calibri_36_0x3f
                0x004106b0       0x10 src/main.o
 .rodata.image_data_calibri_36_0x40
                0x004106c0      0xde0 src/main.o
 .rodata.calibri_36_0x40
                0x004114a0       0x10 src/main.o
 .rodata.image_data_calibri_36_0x41
                0x004114b0      0x91b src/main.o
 *fill*         0x00411dcb        0x1 
 .rodata.calibri_36_0x41
                0x00411dcc       0x10 src/main.o
 .rodata.image_data_calibri_36_0x42
                0x00411ddc      0x8ac src/main.o
 .rodata.calibri_36_0x42
                0x00412688       0x10 src/main.o
 .rodata.image_data_calibri_36_0x43
                0x00412698      0x83d src/main.o
 *fill*         0x00412ed5        0x3 
 .rodata.calibri_36_0x43
                0x00412ed8       0x10 src/main.o
 .rodata.image_data_calibri_36_0x44
                0x00412ee8      0x98a src/main.o
 *fill*         0x00413872        0x2 
 .rodata.calibri_36_0x44
                0x00413874       0x10 src/main.o
 .rodata.image_data_calibri_36_0x45
                0x00413884      0x7ce src/main.o
 *fill*         0x00414052        0x2 
 .rodata.calibri_36_0x45
                0x00414054       0x10 src/main.o
 .rodata.image_data_calibri_36_0x46
                0x00414064      0x75f src/main.o
 *fill*         0x004147c3        0x1 
 .rodata.calibri_36_0x46
                0x004147c4       0x10 src/main.o
 .rodata.image_data_calibri_36_0x47
                0x004147d4      0x9f9 src/main.o
 *fill*         0x004151cd        0x3 
 .rodata.calibri_36_0x47
                0x004151d0       0x10 src/main.o
 .rodata.image_data_calibri_36_0x48
                0x004151e0      0x98a src/main.o
 *fill*         0x00415b6a        0x2 
 .rodata.calibri_36_0x48
                0x00415b6c       0x10 src/main.o
 .rodata.image_data_calibri_36_0x49
                0x00415b7c      0x3e7 src/main.o
 *fill*         0x00415f63        0x1 
 .rodata.calibri_36_0x49
                0x00415f64       0x10 src/main.o
 .rodata.image_data_calibri_36_0x4a
                0x00415f74      0x4c5 src/main.o
 *fill*         0x00416439        0x3 
 .rodata.calibri_36_0x4a
                0x0041643c       0x10 src/main.o
 .rodata.image_data_calibri_36_0x4b
                0x0041644c      0x83d src/main.o
 *fill*         0x00416c89        0x3 
 .rodata.calibri_36_0x4b
                0x00416c8c       0x10 src/main.o
 .rodata.image_data_calibri_36_0x4c
                0x00416c9c      0x681 src/main.o
 *fill*         0x0041731d        0x3 
 .rodata.calibri_36_0x4c
                0x00417320       0x10 src/main.o
 .rodata.image_data_calibri_36_0x4d
                0x00417330      0xd71 src/main.o
 *fill*         0x004180a1        0x3 
 .rodata.calibri_36_0x4d
                0x004180a4       0x10 src/main.o
 .rodata.image_data_calibri_36_0x4e
                0x004180b4      0x9f9 src/main.o
 *fill*         0x00418aad        0x3 
 .rodata.calibri_36_0x4e
                0x00418ab0       0x10 src/main.o
 .rodata.image_data_calibri_36_0x4f
                0x00418ac0      0xa68 src/main.o
 .rodata.calibri_36_0x4f
                0x00419528       0x10 src/main.o
 .rodata.image_data_calibri_36_0x50
                0x00419538      0x83d src/main.o
 *fill*         0x00419d75        0x3 
 .rodata.calibri_36_0x50
                0x00419d78       0x10 src/main.o
 .rodata.image_data_calibri_36_0x51
                0x00419d88      0xad7 src/main.o
 *fill*         0x0041a85f        0x1 
 .rodata.calibri_36_0x51
                0x0041a860       0x10 src/main.o
 .rodata.image_data_calibri_36_0x52
                0x0041a870      0x8ac src/main.o
 .rodata.calibri_36_0x52
                0x0041b11c       0x10 src/main.o
 .rodata.image_data_calibri_36_0x53
                0x0041b12c      0x75f src/main.o
 *fill*         0x0041b88b        0x1 
 .rodata.calibri_36_0x53
                0x0041b88c       0x10 src/main.o
 .rodata.image_data_calibri_36_0x54
                0x0041b89c      0x7ce src/main.o
 *fill*         0x0041c06a        0x2 
 .rodata.calibri_36_0x54
                0x0041c06c       0x10 src/main.o
 .rodata.image_data_calibri_36_0x55
                0x0041c07c      0x9f9 src/main.o
 *fill*         0x0041ca75        0x3 
 .rodata.calibri_36_0x55
                0x0041ca78       0x10 src/main.o
 .rodata.image_data_calibri_36_0x56
                0x0041ca88      0x8ac src/main.o
 .rodata.calibri_36_0x56
                0x0041d334       0x10 src/main.o
 .rodata.image_data_calibri_36_0x57
                0x0041d344      0xde0 src/main.o
 .rodata.calibri_36_0x57
                0x0041e124       0x10 src/main.o
 .rodata.image_data_calibri_36_0x58
                0x0041e134      0x83d src/main.o
 *fill*         0x0041e971        0x3 
 .rodata.calibri_36_0x58
                0x0041e974       0x10 src/main.o
 .rodata.image_data_calibri_36_0x59
                0x0041e984      0x7ce src/main.o
 *fill*         0x0041f152        0x2 
 .rodata.calibri_36_0x59
                0x0041f154       0x10 src/main.o
 .rodata.image_data_calibri_36_0x5a
                0x0041f164      0x75f src/main.o
 *fill*         0x0041f8c3        0x1 
 .rodata.calibri_36_0x5a
                0x0041f8c4       0x10 src/main.o
 .rodata.image_data_calibri_36_0x5b
                0x0041f8d4      0x4c5 src/main.o
 *fill*         0x0041fd99        0x3 
 .rodata.calibri_36_0x5b
                0x0041fd9c       0x10 src/main.o
 .rodata.image_data_calibri_36_0x5c
                0x0041fdac      0x612 src/main.o
 *fill*         0x004203be        0x2 
 .rodata.calibri_36_0x5c
                0x004203c0       0x10 src/main.o
 .rodata.image_data_calibri_36_0x5d
                0x004203d0      0x4c5 src/main.o
 *fill*         0x00420895        0x3 
 .rodata.calibri_36_0x5d
                0x00420898       0x10 src/main.o
 .rodata.image_data_calibri_36_0x5e
                0x004208a8      0x7ce src/main.o
 *fill*         0x00421076        0x2 
 .rodata.calibri_36_0x5e
                0x00421078       0x10 src/main.o
 .rodata.image_data_calibri_36_0x5f
                0x00421088      0x7ce src/main.o
 *fill*         0x00421856        0x2 
 .rodata.calibri_36_0x5f
                0x00421858       0x10 src/main.o
 .rodata.image_data_calibri_36_0x60
                0x00421868      0x456 src/main.o
 *fill*         0x00421cbe        0x2 
 .rodata.calibri_36_0x60
                0x00421cc0       0x10 src/main.o
 .rodata.image_data_calibri_36_0x61
                0x00421cd0      0x75f src/main.o
 *fill*         0x0042242f        0x1 
 .rodata.calibri_36_0x61
                0x00422430       0x10 src/main.o
 .rodata.image_data_calibri_36_0x62
                0x00422440      0x83d src/main.o
 *fill*         0x00422c7d        0x3 
 .rodata.calibri_36_0x62
                0x00422c80       0x10 src/main.o
 .rodata.image_data_calibri_36_0x63
                0x00422c90      0x681 src/main.o
 *fill*         0x00423311        0x3 
 .rodata.calibri_36_0x63
                0x00423314       0x10 src/main.o
 .rodata.image_data_calibri_36_0x64
                0x00423324      0x83d src/main.o
 *fill*         0x00423b61        0x3 
 .rodata.calibri_36_0x64
                0x00423b64       0x10 src/main.o
 .rodata.image_data_calibri_36_0x65
                0x00423b74      0x7ce src/main.o
 *fill*         0x00424342        0x2 
 .rodata.calibri_36_0x65
                0x00424344       0x10 src/main.o
 .rodata.image_data_calibri_36_0x66
                0x00424354      0x4c5 src/main.o
 *fill*         0x00424819        0x3 
 .rodata.calibri_36_0x66
                0x0042481c       0x10 src/main.o
 .rodata.image_data_calibri_36_0x67
                0x0042482c      0x75f src/main.o
 *fill*         0x00424f8b        0x1 
 .rodata.calibri_36_0x67
                0x00424f8c       0x10 src/main.o
 .rodata.image_data_calibri_36_0x68
                0x00424f9c      0x83d src/main.o
 *fill*         0x004257d9        0x3 
 .rodata.calibri_36_0x68
                0x004257dc       0x10 src/main.o
 .rodata.image_data_calibri_36_0x69
                0x004257ec      0x378 src/main.o
 .rodata.calibri_36_0x69
                0x00425b64       0x10 src/main.o
 .rodata.image_data_calibri_36_0x6a
                0x00425b74      0x3e7 src/main.o
 *fill*         0x00425f5b        0x1 
 .rodata.calibri_36_0x6a
                0x00425f5c       0x10 src/main.o
 .rodata.image_data_calibri_36_0x6b
                0x00425f6c      0x6f0 src/main.o
 .rodata.calibri_36_0x6b
                0x0042665c       0x10 src/main.o
 .rodata.image_data_calibri_36_0x6c
                0x0042666c      0x378 src/main.o
 .rodata.calibri_36_0x6c
                0x004269e4       0x10 src/main.o
 .rodata.image_data_calibri_36_0x6d
                0x004269f4      0xc93 src/main.o
 *fill*         0x00427687        0x1 
 .rodata.calibri_36_0x6d
                0x00427688       0x10 src/main.o
 .rodata.image_data_calibri_36_0x6e
                0x00427698      0x83d src/main.o
 *fill*         0x00427ed5        0x3 
 .rodata.calibri_36_0x6e
                0x00427ed8       0x10 src/main.o
 .rodata.image_data_calibri_36_0x6f
                0x00427ee8      0x83d src/main.o
 *fill*         0x00428725        0x3 
 .rodata.calibri_36_0x6f
                0x00428728       0x10 src/main.o
 .rodata.image_data_calibri_36_0x70
                0x00428738      0x83d src/main.o
 *fill*         0x00428f75        0x3 
 .rodata.calibri_36_0x70
                0x00428f78       0x10 src/main.o
 .rodata.image_data_calibri_36_0x71
                0x00428f88      0x83d src/main.o
 *fill*         0x004297c5        0x3 
 .rodata.calibri_36_0x71
                0x004297c8       0x10 src/main.o
 .rodata.image_data_calibri_36_0x72
                0x004297d8      0x5a3 src/main.o
 *fill*         0x00429d7b        0x1 
 .rodata.calibri_36_0x72
                0x00429d7c       0x10 src/main.o
 .rodata.image_data_calibri_36_0x73
                0x00429d8c      0x612 src/main.o
 *fill*         0x0042a39e        0x2 
 .rodata.calibri_36_0x73
                0x0042a3a0       0x10 src/main.o
 .rodata.image_data_calibri_36_0x74
                0x0042a3b0      0x534 src/main.o
 .rodata.calibri_36_0x74
                0x0042a8e4       0x10 src/main.o
 .rodata.image_data_calibri_36_0x75
                0x0042a8f4      0x83d src/main.o
 *fill*         0x0042b131        0x3 
 .rodata.calibri_36_0x75
                0x0042b134       0x10 src/main.o
 .rodata.image_data_calibri_36_0x76
                0x0042b144      0x6f0 src/main.o
 .rodata.calibri_36_0x76
                0x0042b834       0x10 src/main.o
 .rodata.image_data_calibri_36_0x77
                0x0042b844      0xb46 src/main.o
 *fill*         0x0042c38a        0x2 
 .rodata.calibri_36_0x77
                0x0042c38c       0x10 src/main.o
 .rodata.image_data_calibri_36_0x78
                0x0042c39c      0x6f0 src/main.o
 .rodata.calibri_36_0x78
                0x0042ca8c       0x10 src/main.o
 .rodata.image_data_calibri_36_0x79
                0x0042ca9c      0x6f0 src/main.o
 .rodata.calibri_36_0x79
                0x0042d18c       0x10 src/main.o
 .rodata.image_data_calibri_36_0x7a
                0x0042d19c      0x612 src/main.o
 *fill*         0x0042d7ae        0x2 
 .rodata.calibri_36_0x7a
                0x0042d7b0       0x10 src/main.o
 .rodata.image_data_calibri_36_0x7b
                0x0042d7c0      0x4c5 src/main.o
 *fill*         0x0042dc85        0x3 
 .rodata.calibri_36_0x7b
                0x0042dc88       0x10 src/main.o
 .rodata.image_data_calibri_36_0x7c
                0x0042dc98      0x75f src/main.o
 *fill*         0x0042e3f7        0x1 
 .rodata.calibri_36_0x7c
                0x0042e3f8       0x10 src/main.o
 .rodata.image_data_calibri_36_0x7d
                0x0042e408      0x4c5 src/main.o
 *fill*         0x0042e8cd        0x3 
 .rodata.calibri_36_0x7d
                0x0042e8d0       0x10 src/main.o
 .rodata.image_data_calibri_36_0x7e
                0x0042e8e0      0x7ce src/main.o
 *fill*         0x0042f0ae        0x2 
 .rodata.calibri_36_0x7e
                0x0042f0b0       0x10 src/main.o
 .rodata.calibri_36_array
                0x0042f0c0      0x2f8 src/main.o
 .rodata.calibri_36
                0x0042f3b8        0xc src/main.o
                0x0042f3b8                calibri_36
 .rodata        0x0042f3c4        0xf src/main.o
 *fill*         0x0042f3d3        0x1 
 .rodata._global_impure_ptr
                0x0042f3d4        0x4 d:/7.0/toolchain/arm/arm-gnu-toolchain/bin/../lib/gcc/arm-none-eabi/6.3.1/../../../../arm-none-eabi/lib/thumb/v7e-m\libc.a(lib_a-impure.o)
                0x0042f3d4                _global_impure_ptr
 *(.ARM.extab* .gnu.linkonce.armextab.*)
                0x0042f3d8                . = ALIGN (0x4)
 *(.init)
 .init          0x0042f3d8        0x4 d:/7.0/toolchain/arm/arm-gnu-toolchain/bin/../lib/gcc/arm-none-eabi/6.3.1/thumb/v7e-m/crti.o
                0x0042f3d8                _init
 .init          0x0042f3dc        0x8 d:/7.0/toolchain/arm/arm-gnu-toolchain/bin/../lib/gcc/arm-none-eabi/6.3.1/thumb/v7e-m/crtn.o
                0x0042f3e4                . = ALIGN (0x4)
                0x0042f3e4                __preinit_array_start = .
 *(.preinit_array)
                0x0042f3e4                __preinit_array_end = .
                0x0042f3e4                . = ALIGN (0x4)
                0x0042f3e4                __init_array_start = .
 *(SORT(.init_array.*))
 .init_array.00000
                0x0042f3e4        0x4 d:/7.0/toolchain/arm/arm-gnu-toolchain/bin/../lib/gcc/arm-none-eabi/6.3.1/../../../../arm-none-eabi/lib/thumb/v7e-m\libc.a(lib_a-__call_atexit.o)
 *(.init_array)
 .init_array    0x0042f3e8        0x4 d:/7.0/toolchain/arm/arm-gnu-toolchain/bin/../lib/gcc/arm-none-eabi/6.3.1/thumb/v7e-m/crtbegin.o
                0x0042f3ec                __init_array_end = .
                0x0042f3ec                . = ALIGN (0x4)
 *crtbegin.o(.ctors)
 *(EXCLUDE_FILE(*crtend.o) .ctors)
 *(SORT(.ctors.*))
 *crtend.o(.ctors)
                0x0042f3ec                . = ALIGN (0x4)
 *(.fini)
 .fini          0x0042f3ec        0x4 d:/7.0/toolchain/arm/arm-gnu-toolchain/bin/../lib/gcc/arm-none-eabi/6.3.1/thumb/v7e-m/crti.o
                0x0042f3ec                _fini
 .fini          0x0042f3f0        0x8 d:/7.0/toolchain/arm/arm-gnu-toolchain/bin/../lib/gcc/arm-none-eabi/6.3.1/thumb/v7e-m/crtn.o
                0x0042f3f8                . = ALIGN (0x4)
                0x0042f3f8                __fini_array_start = .
 *(.fini_array)
 .fini_array    0x0042f3f8        0x4 d:/7.0/toolchain/arm/arm-gnu-toolchain/bin/../lib/gcc/arm-none-eabi/6.3.1/thumb/v7e-m/crtbegin.o
 *(SORT(.fini_array.*))
                0x0042f3fc                __fini_array_end = .
 *crtbegin.o(.dtors)
 *(EXCLUDE_FILE(*crtend.o) .dtors)
 *(SORT(.dtors.*))
 *crtend.o(.dtors)
                0x0042f3fc                . = ALIGN (0x4)
                0x0042f3fc                _efixed = .
                [!provide]                PROVIDE (__exidx_start, .)

.vfp11_veneer   0x0042f3fc        0x0
 .vfp11_veneer  0x0042f3fc        0x0 linker stubs

.v4_bx          0x0042f3fc        0x0
 .v4_bx         0x0042f3fc        0x0 linker stubs

.iplt           0x0042f3fc        0x0
 .iplt          0x0042f3fc        0x0 d:/7.0/toolchain/arm/arm-gnu-toolchain/bin/../lib/gcc/arm-none-eabi/6.3.1/thumb/v7e-m/crtbegin.o

.eh_frame       0x0042f3fc        0x0
 .eh_frame      0x0042f3fc        0x0 d:/7.0/toolchain/arm/arm-gnu-toolchain/bin/../lib/gcc/arm-none-eabi/6.3.1/thumb/v7e-m/crtbegin.o

.rel.dyn        0x0042f3fc        0x0
 .rel.iplt      0x0042f3fc        0x0 d:/7.0/toolchain/arm/arm-gnu-toolchain/bin/../lib/gcc/arm-none-eabi/6.3.1/thumb/v7e-m/crtbegin.o

.jcr            0x0042f3fc        0x0
 .jcr           0x0042f3fc        0x0 d:/7.0/toolchain/arm/arm-gnu-toolchain/bin/../lib/gcc/arm-none-eabi/6.3.1/thumb/v7e-m/crtbegin.o

.igot.plt       0x0042f3fc        0x0
 .igot.plt      0x0042f3fc        0x0 d:/7.0/toolchain/arm/arm-gnu-toolchain/bin/../lib/gcc/arm-none-eabi/6.3.1/thumb/v7e-m/crtbegin.o

.ARM.exidx
 *(.ARM.exidx* .gnu.linkonce.armexidx.*)
                [!provide]                PROVIDE (__exidx_end, .)
                0x0042f3fc                . = ALIGN (0x4)
                0x0042f3fc                _etext = .

.relocate       0x20400000      0x434 load address 0x0042f3fc
                0x20400000                . = ALIGN (0x4)
                0x20400000                _srelocate = .
 *(.ramfunc .ramfunc.*)
 *(.data .data.*)
 .data.g_interrupt_enabled
                0x20400000        0x1 src/ASF/common/utils/interrupt/interrupt_sam_nvic.o
                0x20400000                g_interrupt_enabled
 *fill*         0x20400001        0x3 
 .data.SystemCoreClock
                0x20400004        0x4 src/ASF/sam/utils/cmsis/same70/source/templates/system_same70.o
                0x20400004                SystemCoreClock
 .data.impure_data
                0x20400008      0x428 d:/7.0/toolchain/arm/arm-gnu-toolchain/bin/../lib/gcc/arm-none-eabi/6.3.1/../../../../arm-none-eabi/lib/thumb/v7e-m\libc.a(lib_a-impure.o)
 .data.__atexit_recursive_mutex
                0x20400430        0x4 d:/7.0/toolchain/arm/arm-gnu-toolchain/bin/../lib/gcc/arm-none-eabi/6.3.1/../../../../arm-none-eabi/lib/thumb/v7e-m\libc.a(lib_a-__call_atexit.o)
                0x20400430                __atexit_recursive_mutex
                0x20400434                . = ALIGN (0x4)
                0x20400434                _erelocate = .

.bss            0x20400434      0x480 load address 0x0042f830
                0x20400434                . = ALIGN (0x4)
                0x20400434                _sbss = .
                0x20400434                _szero = .
 *(.bss .bss.*)
 .bss           0x20400434       0x1c d:/7.0/toolchain/arm/arm-gnu-toolchain/bin/../lib/gcc/arm-none-eabi/6.3.1/thumb/v7e-m/crtbegin.o
 .bss.g_ul_pixel_cache
                0x20400450      0x3c0 src/ASF/sam/components/display/ili9488/ili9488.o
 .bss.gs_interrupt_sources
                0x20400810       0x70 src/ASF/sam/drivers/pio/pio_handler.o
 *(COMMON)
 COMMON         0x20400880       0x10 src/main.o
                0x20400880                g_ili9488_display_opt
 COMMON         0x20400890       0x21 d:/7.0/toolchain/arm/arm-gnu-toolchain/bin/../lib/gcc/arm-none-eabi/6.3.1/../../../../arm-none-eabi/lib/thumb/v7e-m\libc.a(lib_a-lock.o)
                0x20400890                __lock___atexit_recursive_mutex
                0x20400894                __lock___arc4random_mutex
                0x20400898                __lock___env_recursive_mutex
                0x2040089c                __lock___sinit_recursive_mutex
                0x204008a0                __lock___malloc_recursive_mutex
                0x204008a4                __lock___at_quick_exit_mutex
                0x204008a8                __lock___dd_hash_mutex
                0x204008ac                __lock___tz_mutex
                0x204008b0                __lock___sfp_recursive_mutex
                0x204008b4                . = ALIGN (0x4)
 *fill*         0x204008b1        0x3 
                0x204008b4                _ebss = .
                0x204008b4                _ezero = .

.stack          0x204008b4     0x2004 load address 0x0042fcb0
                0x204008b8                . = ALIGN (0x8)
 *fill*         0x204008b4        0x4 
                0x204008b8                _sstack = .
                0x204028b8                . = (. + STACK_SIZE)
 *fill*         0x204008b8     0x2000 
                0x204028b8                . = ALIGN (0x8)
                0x204028b8                _estack = .

.heap           0x204028b8      0x200 load address 0x00431cb4
                0x204028b8                . = ALIGN (0x8)
                0x204028b8                _sheap = .
                0x20402ab8                . = (. + HEAP_SIZE)
 *fill*         0x204028b8      0x200 
                0x20402ab8                . = ALIGN (0x8)
                0x20402ab8                _eheap = .
                0x20402ab8                . = ALIGN (0x4)
                0x20402ab8                _end = .
                0x2045ffff                _ram_end_ = ((ORIGIN (ram) + LENGTH (ram)) - 0x1)
OUTPUT(SAME70_FONTS.elf elf32-littlearm)

.ARM.attributes
                0x00000000       0x2e
 .ARM.attributes
                0x00000000       0x1e d:/7.0/toolchain/arm/arm-gnu-toolchain/bin/../lib/gcc/arm-none-eabi/6.3.1/thumb/v7e-m/crti.o
 .ARM.attributes
                0x0000001e       0x2e d:/7.0/toolchain/arm/arm-gnu-toolchain/bin/../lib/gcc/arm-none-eabi/6.3.1/thumb/v7e-m/crtbegin.o
 .ARM.attributes
                0x0000004c       0x37 src/main.o
 .ARM.attributes
                0x00000083       0x37 src/ASF/common/services/spi/sam_spi/spi_master.o
 .ARM.attributes
                0x000000ba       0x37 src/ASF/sam/components/display/ili9488/ili9488.o
 .ARM.attributes
                0x000000f1       0x37 src/ASF/sam/drivers/spi/spi.o
 .ARM.attributes
                0x00000128       0x37 src/ASF/common/services/clock/same70/sysclk.o
 .ARM.attributes
                0x0000015f       0x37 src/ASF/common/utils/interrupt/interrupt_sam_nvic.o
 .ARM.attributes
                0x00000196       0x37 src/ASF/sam/boards/same70_xplained/init.o
 .ARM.attributes
                0x000001cd       0x37 src/ASF/sam/drivers/pio/pio.o
 .ARM.attributes
                0x00000204       0x37 src/ASF/sam/drivers/pio/pio_handler.o
 .ARM.attributes
                0x0000023b       0x37 src/ASF/sam/drivers/pmc/pmc.o
 .ARM.attributes
                0x00000272       0x37 src/ASF/sam/utils/cmsis/same70/source/templates/gcc/startup_same70.o
 .ARM.attributes
                0x000002a9       0x37 src/ASF/sam/utils/cmsis/same70/source/templates/system_same70.o
 .ARM.attributes
                0x000002e0       0x2e d:/7.0/toolchain/arm/arm-gnu-toolchain/bin/../lib/gcc/arm-none-eabi/6.3.1/../../../../arm-none-eabi/lib/thumb/v7e-m\libc.a(lib_a-impure.o)
 .ARM.attributes
                0x0000030e       0x2e d:/7.0/toolchain/arm/arm-gnu-toolchain/bin/../lib/gcc/arm-none-eabi/6.3.1/../../../../arm-none-eabi/lib/thumb/v7e-m\libc.a(lib_a-init.o)
 .ARM.attributes
                0x0000033c       0x2e d:/7.0/toolchain/arm/arm-gnu-toolchain/bin/../lib/gcc/arm-none-eabi/6.3.1/../../../../arm-none-eabi/lib/thumb/v7e-m\libc.a(lib_a-__call_atexit.o)
 .ARM.attributes
                0x0000036a       0x2e d:/7.0/toolchain/arm/arm-gnu-toolchain/bin/../lib/gcc/arm-none-eabi/6.3.1/../../../../arm-none-eabi/lib/thumb/v7e-m\libc.a(lib_a-atexit.o)
 .ARM.attributes
                0x00000398       0x2e d:/7.0/toolchain/arm/arm-gnu-toolchain/bin/../lib/gcc/arm-none-eabi/6.3.1/../../../../arm-none-eabi/lib/thumb/v7e-m\libc.a(lib_a-fini.o)
 .ARM.attributes
                0x000003c6       0x2e d:/7.0/toolchain/arm/arm-gnu-toolchain/bin/../lib/gcc/arm-none-eabi/6.3.1/../../../../arm-none-eabi/lib/thumb/v7e-m\libc.a(lib_a-lock.o)
 .ARM.attributes
                0x000003f4       0x2e d:/7.0/toolchain/arm/arm-gnu-toolchain/bin/../lib/gcc/arm-none-eabi/6.3.1/../../../../arm-none-eabi/lib/thumb/v7e-m\libc.a(lib_a-__atexit.o)
 .ARM.attributes
                0x00000422       0x1e d:/7.0/toolchain/arm/arm-gnu-toolchain/bin/../lib/gcc/arm-none-eabi/6.3.1/thumb/v7e-m/crtn.o

.comment        0x00000000       0x59
 .comment       0x00000000       0x59 src/main.o
                                 0x5a (size before relaxing)
 .comment       0x00000059       0x5a src/ASF/common/services/spi/sam_spi/spi_master.o
 .comment       0x00000059       0x5a src/ASF/sam/components/display/ili9488/ili9488.o
 .comment       0x00000059       0x5a src/ASF/sam/drivers/spi/spi.o
 .comment       0x00000059       0x5a src/ASF/common/services/clock/same70/sysclk.o
 .comment       0x00000059       0x5a src/ASF/common/utils/interrupt/interrupt_sam_nvic.o
 .comment       0x00000059       0x5a src/ASF/sam/boards/same70_xplained/init.o
 .comment       0x00000059       0x5a src/ASF/sam/drivers/pio/pio.o
 .comment       0x00000059       0x5a src/ASF/sam/drivers/pio/pio_handler.o
 .comment       0x00000059       0x5a src/ASF/sam/drivers/pmc/pmc.o
 .comment       0x00000059       0x5a src/ASF/sam/utils/cmsis/same70/source/templates/gcc/startup_same70.o
 .comment       0x00000059       0x5a src/ASF/sam/utils/cmsis/same70/source/templates/system_same70.o

.debug_info     0x00000000    0x1165a
 .debug_info    0x00000000     0x227f src/main.o
 .debug_info    0x0000227f     0x143e src/ASF/common/services/spi/sam_spi/spi_master.o
 .debug_info    0x000036bd     0x208c src/ASF/sam/components/display/ili9488/ili9488.o
 .debug_info    0x00005749     0x1123 src/ASF/sam/drivers/spi/spi.o
 .debug_info    0x0000686c     0x1311 src/ASF/common/services/clock/same70/sysclk.o
 .debug_info    0x00007b7d      0xb06 src/ASF/common/utils/interrupt/interrupt_sam_nvic.o
 .debug_info    0x00008683     0x1dad src/ASF/sam/boards/same70_xplained/init.o
 .debug_info    0x0000a430     0x1ce3 src/ASF/sam/drivers/pio/pio.o
 .debug_info    0x0000c113     0x1a74 src/ASF/sam/drivers/pio/pio_handler.o
 .debug_info    0x0000db87     0x1eed src/ASF/sam/drivers/pmc/pmc.o
 .debug_info    0x0000fa74     0x1612 src/ASF/sam/utils/cmsis/same70/source/templates/gcc/startup_same70.o
 .debug_info    0x00011086      0x5d4 src/ASF/sam/utils/cmsis/same70/source/templates/system_same70.o

.debug_abbrev   0x00000000     0x1fcc
 .debug_abbrev  0x00000000      0x24f src/main.o
 .debug_abbrev  0x0000024f      0x305 src/ASF/common/services/spi/sam_spi/spi_master.o
 .debug_abbrev  0x00000554      0x2f4 src/ASF/sam/components/display/ili9488/ili9488.o
 .debug_abbrev  0x00000848      0x2cf src/ASF/sam/drivers/spi/spi.o
 .debug_abbrev  0x00000b17      0x296 src/ASF/common/services/clock/same70/sysclk.o
 .debug_abbrev  0x00000dad      0x214 src/ASF/common/utils/interrupt/interrupt_sam_nvic.o
 .debug_abbrev  0x00000fc1      0x3f4 src/ASF/sam/boards/same70_xplained/init.o
 .debug_abbrev  0x000013b5      0x296 src/ASF/sam/drivers/pio/pio.o
 .debug_abbrev  0x0000164b      0x2c9 src/ASF/sam/drivers/pio/pio_handler.o
 .debug_abbrev  0x00001914      0x2ce src/ASF/sam/drivers/pmc/pmc.o
 .debug_abbrev  0x00001be2      0x2e8 src/ASF/sam/utils/cmsis/same70/source/templates/gcc/startup_same70.o
 .debug_abbrev  0x00001eca      0x102 src/ASF/sam/utils/cmsis/same70/source/templates/system_same70.o

.debug_loc      0x00000000     0x5304
 .debug_loc     0x00000000       0xb4 src/main.o
 .debug_loc     0x000000b4      0x830 src/ASF/common/services/spi/sam_spi/spi_master.o
 .debug_loc     0x000008e4      0xd20 src/ASF/sam/components/display/ili9488/ili9488.o
 .debug_loc     0x00001604      0x630 src/ASF/sam/drivers/spi/spi.o
 .debug_loc     0x00001c34      0x4a0 src/ASF/common/services/clock/same70/sysclk.o
 .debug_loc     0x000020d4       0xa0 src/ASF/common/utils/interrupt/interrupt_sam_nvic.o
 .debug_loc     0x00002174      0x2fc src/ASF/sam/boards/same70_xplained/init.o
 .debug_loc     0x00002470     0x1174 src/ASF/sam/drivers/pio/pio.o
 .debug_loc     0x000035e4      0x38c src/ASF/sam/drivers/pio/pio_handler.o
 .debug_loc     0x00003970     0x1744 src/ASF/sam/drivers/pmc/pmc.o
 .debug_loc     0x000050b4      0x16c src/ASF/sam/utils/cmsis/same70/source/templates/gcc/startup_same70.o
 .debug_loc     0x00005220       0xe4 src/ASF/sam/utils/cmsis/same70/source/templates/system_same70.o

.debug_aranges  0x00000000      0x930
 .debug_aranges
                0x00000000       0x30 src/main.o
 .debug_aranges
                0x00000030       0xe0 src/ASF/common/services/spi/sam_spi/spi_master.o
 .debug_aranges
                0x00000110      0x168 src/ASF/sam/components/display/ili9488/ili9488.o
 .debug_aranges
                0x00000278       0xa8 src/ASF/sam/drivers/spi/spi.o
 .debug_aranges
                0x00000320       0x98 src/ASF/common/services/clock/same70/sysclk.o
 .debug_aranges
                0x000003b8       0x28 src/ASF/common/utils/interrupt/interrupt_sam_nvic.o
 .debug_aranges
                0x000003e0       0x68 src/ASF/sam/boards/same70_xplained/init.o
 .debug_aranges
                0x00000448      0x1a8 src/ASF/sam/drivers/pio/pio.o
 .debug_aranges
                0x000005f0       0x80 src/ASF/sam/drivers/pio/pio_handler.o
 .debug_aranges
                0x00000670      0x250 src/ASF/sam/drivers/pmc/pmc.o
 .debug_aranges
                0x000008c0       0x40 src/ASF/sam/utils/cmsis/same70/source/templates/gcc/startup_same70.o
 .debug_aranges
                0x00000900       0x30 src/ASF/sam/utils/cmsis/same70/source/templates/system_same70.o

.debug_ranges   0x00000000      0x8e8
 .debug_ranges  0x00000000       0x20 src/main.o
 .debug_ranges  0x00000020       0xd0 src/ASF/common/services/spi/sam_spi/spi_master.o
 .debug_ranges  0x000000f0      0x158 src/ASF/sam/components/display/ili9488/ili9488.o
 .debug_ranges  0x00000248       0x98 src/ASF/sam/drivers/spi/spi.o
 .debug_ranges  0x000002e0       0x88 src/ASF/common/services/clock/same70/sysclk.o
 .debug_ranges  0x00000368       0x18 src/ASF/common/utils/interrupt/interrupt_sam_nvic.o
 .debug_ranges  0x00000380       0xd0 src/ASF/sam/boards/same70_xplained/init.o
 .debug_ranges  0x00000450      0x198 src/ASF/sam/drivers/pio/pio.o
 .debug_ranges  0x000005e8       0x70 src/ASF/sam/drivers/pio/pio_handler.o
 .debug_ranges  0x00000658      0x240 src/ASF/sam/drivers/pmc/pmc.o
 .debug_ranges  0x00000898       0x30 src/ASF/sam/utils/cmsis/same70/source/templates/gcc/startup_same70.o
 .debug_ranges  0x000008c8       0x20 src/ASF/sam/utils/cmsis/same70/source/templates/system_same70.o

.debug_macro    0x00000000    0x1f0e7
 .debug_macro   0x00000000      0x7e2 src/main.o
 .debug_macro   0x000007e2      0x8d4 src/main.o
 .debug_macro   0x000010b6      0x16d src/main.o
 .debug_macro   0x00001223      0x6d7 src/main.o
 .debug_macro   0x000018fa       0x76 src/main.o
 .debug_macro   0x00001970       0x16 src/main.o
 .debug_macro   0x00001986      0x6da src/main.o
 .debug_macro   0x00002060       0x22 src/main.o
 .debug_macro   0x00002082       0x87 src/main.o
 .debug_macro   0x00002109       0x51 src/main.o
 .debug_macro   0x0000215a       0xef src/main.o
 .debug_macro   0x00002249       0x6a src/main.o
 .debug_macro   0x000022b3      0x1df src/main.o
 .debug_macro   0x00002492       0x51 src/main.o
 .debug_macro   0x000024e3       0x3b src/main.o
 .debug_macro   0x0000251e       0x2d src/main.o
 .debug_macro   0x0000254b       0x26 src/main.o
 .debug_macro   0x00002571      0xf9a src/main.o
 .debug_macro   0x0000350b      0x191 src/main.o
 .debug_macro   0x0000369c      0x2ee src/main.o
 .debug_macro   0x0000398a      0xa23 src/main.o
 .debug_macro   0x000043ad      0x1b4 src/main.o
 .debug_macro   0x00004561      0x35f src/main.o
 .debug_macro   0x000048c0      0x15a src/main.o
 .debug_macro   0x00004a1a     0x18b3 src/main.o
 .debug_macro   0x000062cd       0x1c src/main.o
 .debug_macro   0x000062e9      0x6a2 src/main.o
 .debug_macro   0x0000698b      0x27f src/main.o
 .debug_macro   0x00006c0a      0x3ba src/main.o
 .debug_macro   0x00006fc4      0x4f0 src/main.o
 .debug_macro   0x000074b4      0x5cb src/main.o
 .debug_macro   0x00007a7f     0x1527 src/main.o
 .debug_macro   0x00008fa6     0x2a40 src/main.o
 .debug_macro   0x0000b9e6     0x113e src/main.o
 .debug_macro   0x0000cb24      0xcdb src/main.o
 .debug_macro   0x0000d7ff      0x3c6 src/main.o
 .debug_macro   0x0000dbc5       0xa0 src/main.o
 .debug_macro   0x0000dc65       0x76 src/main.o
 .debug_macro   0x0000dcdb      0x442 src/main.o
 .debug_macro   0x0000e11d       0x64 src/main.o
 .debug_macro   0x0000e181      0x299 src/main.o
 .debug_macro   0x0000e41a      0x201 src/main.o
 .debug_macro   0x0000e61b      0x280 src/main.o
 .debug_macro   0x0000e89b      0x539 src/main.o
 .debug_macro   0x0000edd4      0x64f src/main.o
 .debug_macro   0x0000f423      0x6cc src/main.o
 .debug_macro   0x0000faef       0x64 src/main.o
 .debug_macro   0x0000fb53      0x4c4 src/main.o
 .debug_macro   0x00010017      0x237 src/main.o
 .debug_macro   0x0001024e      0xa06 src/main.o
 .debug_macro   0x00010c54     0x14ec src/main.o
 .debug_macro   0x00012140       0x40 src/main.o
 .debug_macro   0x00012180       0x76 src/main.o
 .debug_macro   0x000121f6      0xdd1 src/main.o
 .debug_macro   0x00012fc7       0x88 src/main.o
 .debug_macro   0x0001304f       0x7c src/main.o
 .debug_macro   0x000130cb       0x52 src/main.o
 .debug_macro   0x0001311d      0x133 src/main.o
 .debug_macro   0x00013250      0x133 src/main.o
 .debug_macro   0x00013383      0x133 src/main.o
 .debug_macro   0x000134b6       0x76 src/main.o
 .debug_macro   0x0001352c       0x76 src/main.o
 .debug_macro   0x000135a2      0x2fe src/main.o
 .debug_macro   0x000138a0       0xca src/main.o
 .debug_macro   0x0001396a       0xca src/main.o
 .debug_macro   0x00013a34       0xca src/main.o
 .debug_macro   0x00013afe      0x13b src/main.o
 .debug_macro   0x00013c39      0x13b src/main.o
 .debug_macro   0x00013d74      0x2cd src/main.o
 .debug_macro   0x00014041       0xbe src/main.o
 .debug_macro   0x000140ff       0x64 src/main.o
 .debug_macro   0x00014163       0x46 src/main.o
 .debug_macro   0x000141a9       0x64 src/main.o
 .debug_macro   0x0001420d       0xa6 src/main.o
 .debug_macro   0x000142b3      0x4b7 src/main.o
 .debug_macro   0x0001476a      0x133 src/main.o
 .debug_macro   0x0001489d       0x52 src/main.o
 .debug_macro   0x000148ef      0x2fe src/main.o
 .debug_macro   0x00014bed       0x76 src/main.o
 .debug_macro   0x00014c63       0xbe src/main.o
 .debug_macro   0x00014d21       0x70 src/main.o
 .debug_macro   0x00014d91       0x34 src/main.o
 .debug_macro   0x00014dc5      0x9b8 src/main.o
 .debug_macro   0x0001577d       0x70 src/main.o
 .debug_macro   0x000157ed       0x8e src/main.o
 .debug_macro   0x0001587b       0x5e src/main.o
 .debug_macro   0x000158d9       0xfa src/main.o
 .debug_macro   0x000159d3       0x4c src/main.o
 .debug_macro   0x00015a1f       0x4c src/main.o
 .debug_macro   0x00015a6b       0x16 src/main.o
 .debug_macro   0x00015a81       0xfa src/main.o
 .debug_macro   0x00015b7b       0x52 src/main.o
 .debug_macro   0x00015bcd       0x16 src/main.o
 .debug_macro   0x00015be3       0x52 src/main.o
 .debug_macro   0x00015c35       0x2e src/main.o
 .debug_macro   0x00015c63      0x1b3 src/main.o
 .debug_macro   0x00015e16      0x1b3 src/main.o
 .debug_macro   0x00015fc9      0x1b3 src/main.o
 .debug_macro   0x0001617c      0x1b3 src/main.o
 .debug_macro   0x0001632f      0x1b3 src/main.o
 .debug_macro   0x000164e2       0x1c src/main.o
 .debug_macro   0x000164fe       0x34 src/main.o
 .debug_macro   0x00016532       0x22 src/main.o
 .debug_macro   0x00016554       0x1c src/main.o
 .debug_macro   0x00016570       0x5e src/main.o
 .debug_macro   0x000165ce       0x10 src/main.o
 .debug_macro   0x000165de       0x1c src/main.o
 .debug_macro   0x000165fa       0x52 src/main.o
 .debug_macro   0x0001664c       0x52 src/main.o
 .debug_macro   0x0001669e       0x52 src/main.o
 .debug_macro   0x000166f0      0x33e src/main.o
 .debug_macro   0x00016a2e     0x10ab src/main.o
 .debug_macro   0x00017ad9      0x107 src/main.o
 .debug_macro   0x00017be0       0x58 src/main.o
 .debug_macro   0x00017c38       0x35 src/main.o
 .debug_macro   0x00017c6d       0x9c src/main.o
 .debug_macro   0x00017d09       0x16 src/main.o
 .debug_macro   0x00017d1f       0x35 src/main.o
 .debug_macro   0x00017d54      0x353 src/main.o
 .debug_macro   0x000180a7       0x10 src/main.o
 .debug_macro   0x000180b7       0x58 src/main.o
 .debug_macro   0x0001810f       0x1f src/main.o
 .debug_macro   0x0001812e       0x43 src/main.o
 .debug_macro   0x00018171       0x20 src/main.o
 .debug_macro   0x00018191      0x187 src/main.o
 .debug_macro   0x00018318       0x10 src/main.o
 .debug_macro   0x00018328       0x1c src/main.o
 .debug_macro   0x00018344       0x52 src/main.o
 .debug_macro   0x00018396       0x40 src/main.o
 .debug_macro   0x000183d6       0x10 src/main.o
 .debug_macro   0x000183e6       0x40 src/main.o
 .debug_macro   0x00018426       0xd7 src/main.o
 .debug_macro   0x000184fd       0x16 src/main.o
 .debug_macro   0x00018513      0x18b src/main.o
 .debug_macro   0x0001869e       0x22 src/main.o
 .debug_macro   0x000186c0       0x16 src/main.o
 .debug_macro   0x000186d6       0x16 src/main.o
 .debug_macro   0x000186ec       0x29 src/main.o
 .debug_macro   0x00018715       0x73 src/main.o
 .debug_macro   0x00018788       0x3e src/main.o
 .debug_macro   0x000187c6      0x3ca src/main.o
 .debug_macro   0x00018b90       0x3a src/main.o
 .debug_macro   0x00018bca      0x2c3 src/main.o
 .debug_macro   0x00018e8d      0xa91 src/main.o
 .debug_macro   0x0001991e       0x70 src/main.o
 .debug_macro   0x0001998e       0x64 src/main.o
 .debug_macro   0x000199f2       0x5f src/main.o
 .debug_macro   0x00019a51       0xac src/main.o
 .debug_macro   0x00019afd       0x28 src/main.o
 .debug_macro   0x00019b25       0x22 src/main.o
 .debug_macro   0x00019b47       0x16 src/main.o
 .debug_macro   0x00019b5d      0x41e src/main.o
 .debug_macro   0x00019f7b       0x94 src/main.o
 .debug_macro   0x0001a00f       0x40 src/main.o
 .debug_macro   0x0001a04f       0x88 src/main.o
 .debug_macro   0x0001a0d7      0x1c8 src/main.o
 .debug_macro   0x0001a29f       0x34 src/main.o
 .debug_macro   0x0001a2d3       0x16 src/main.o
 .debug_macro   0x0001a2e9       0x1c src/main.o
 .debug_macro   0x0001a305       0x16 src/main.o
 .debug_macro   0x0001a31b       0x28 src/main.o
 .debug_macro   0x0001a343       0x2e src/main.o
 .debug_macro   0x0001a371      0x733 src/ASF/common/services/spi/sam_spi/spi_master.o
 .debug_macro   0x0001aaa4      0x772 src/ASF/sam/components/display/ili9488/ili9488.o
 .debug_macro   0x0001b216       0x16 src/ASF/sam/components/display/ili9488/ili9488.o
 .debug_macro   0x0001b22c       0x16 src/ASF/sam/components/display/ili9488/ili9488.o
 .debug_macro   0x0001b242      0x6fb src/ASF/sam/drivers/spi/spi.o
 .debug_macro   0x0001b93d       0x10 src/ASF/sam/drivers/spi/spi.o
 .debug_macro   0x0001b94d      0x6f2 src/ASF/common/services/clock/same70/sysclk.o
 .debug_macro   0x0001c03f      0x2bd src/ASF/common/services/clock/same70/sysclk.o
 .debug_macro   0x0001c2fc      0x676 src/ASF/common/utils/interrupt/interrupt_sam_nvic.o
 .debug_macro   0x0001c972      0x72e src/ASF/sam/boards/same70_xplained/init.o
 .debug_macro   0x0001d0a0       0x16 src/ASF/sam/boards/same70_xplained/init.o
 .debug_macro   0x0001d0b6       0x82 src/ASF/sam/boards/same70_xplained/init.o
 .debug_macro   0x0001d138      0x68c src/ASF/sam/drivers/pio/pio.o
 .debug_macro   0x0001d7c4       0x8e src/ASF/sam/drivers/pio/pio.o
 .debug_macro   0x0001d852      0x697 src/ASF/sam/drivers/pio/pio_handler.o
 .debug_macro   0x0001dee9      0x68c src/ASF/sam/drivers/pmc/pmc.o
 .debug_macro   0x0001e575       0x6a src/ASF/sam/drivers/pmc/pmc.o
 .debug_macro   0x0001e5df      0x685 src/ASF/sam/utils/cmsis/same70/source/templates/gcc/startup_same70.o
 .debug_macro   0x0001ec64       0x10 src/ASF/sam/utils/cmsis/same70/source/templates/gcc/startup_same70.o
 .debug_macro   0x0001ec74      0x473 src/ASF/sam/utils/cmsis/same70/source/templates/system_same70.o

.debug_line     0x00000000     0x9677
 .debug_line    0x00000000      0xd7f src/main.o
 .debug_line    0x00000d7f      0xd53 src/ASF/common/services/spi/sam_spi/spi_master.o
 .debug_line    0x00001ad2     0x1192 src/ASF/sam/components/display/ili9488/ili9488.o
 .debug_line    0x00002c64      0xc3a src/ASF/sam/drivers/spi/spi.o
 .debug_line    0x0000389e      0xc05 src/ASF/common/services/clock/same70/sysclk.o
 .debug_line    0x000044a3      0x9a6 src/ASF/common/utils/interrupt/interrupt_sam_nvic.o
 .debug_line    0x00004e49      0xd16 src/ASF/sam/boards/same70_xplained/init.o
 .debug_line    0x00005b5f      0xdb5 src/ASF/sam/drivers/pio/pio.o
 .debug_line    0x00006914      0xab6 src/ASF/sam/drivers/pio/pio_handler.o
 .debug_line    0x000073ca     0x1092 src/ASF/sam/drivers/pmc/pmc.o
 .debug_line    0x0000845c      0xa5e src/ASF/sam/utils/cmsis/same70/source/templates/gcc/startup_same70.o
 .debug_line    0x00008eba      0x7bd src/ASF/sam/utils/cmsis/same70/source/templates/system_same70.o

.debug_str      0x00000000    0x93698
 .debug_str     0x00000000    0x90043 src/main.o
                              0x9104d (size before relaxing)
 .debug_str     0x00090043      0x668 src/ASF/common/services/spi/sam_spi/spi_master.o
                              0x8cf50 (size before relaxing)
 .debug_str     0x000906ab      0x6f6 src/ASF/sam/components/display/ili9488/ili9488.o
                              0x8eb28 (size before relaxing)
 .debug_str     0x00090da1      0x224 src/ASF/sam/drivers/spi/spi.o
                              0x8cb5d (size before relaxing)
 .debug_str     0x00090fc5      0x4b6 src/ASF/common/services/clock/same70/sysclk.o
                              0x8cc58 (size before relaxing)
 .debug_str     0x0009147b       0x94 src/ASF/common/utils/interrupt/interrupt_sam_nvic.o
                              0x88565 (size before relaxing)
 .debug_str     0x0009150f      0x8e6 src/ASF/sam/boards/same70_xplained/init.o
                              0x8d717 (size before relaxing)
 .debug_str     0x00091df5      0x540 src/ASF/sam/drivers/pio/pio.o
                              0x890c7 (size before relaxing)
 .debug_str     0x00092335      0x4dc src/ASF/sam/drivers/pio/pio_handler.o
                              0x8928e (size before relaxing)
 .debug_str     0x00092811      0x63d src/ASF/sam/drivers/pmc/pmc.o
                              0x89256 (size before relaxing)
 .debug_str     0x00092e4e      0x713 src/ASF/sam/utils/cmsis/same70/source/templates/gcc/startup_same70.o
                              0x88dfe (size before relaxing)
 .debug_str     0x00093561      0x137 src/ASF/sam/utils/cmsis/same70/source/templates/system_same70.o
                              0x7849e (size before relaxing)

.debug_frame    0x00000000     0x2838
 .debug_frame   0x00000000       0x78 src/main.o
 .debug_frame   0x00000078      0x3c0 src/ASF/common/services/spi/sam_spi/spi_master.o
 .debug_frame   0x00000438      0x63c src/ASF/sam/components/display/ili9488/ili9488.o
 .debug_frame   0x00000a74      0x2c8 src/ASF/sam/drivers/spi/spi.o
 .debug_frame   0x00000d3c      0x240 src/ASF/common/services/clock/same70/sysclk.o
 .debug_frame   0x00000f7c       0x58 src/ASF/common/utils/interrupt/interrupt_sam_nvic.o
 .debug_frame   0x00000fd4      0x178 src/ASF/sam/boards/same70_xplained/init.o
 .debug_frame   0x0000114c      0x7c0 src/ASF/sam/drivers/pio/pio.o
 .debug_frame   0x0000190c      0x1d0 src/ASF/sam/drivers/pio/pio_handler.o
 .debug_frame   0x00001adc      0xa68 src/ASF/sam/drivers/pmc/pmc.o
 .debug_frame   0x00002544       0xbc src/ASF/sam/utils/cmsis/same70/source/templates/gcc/startup_same70.o
 .debug_frame   0x00002600       0x78 src/ASF/sam/utils/cmsis/same70/source/templates/system_same70.o
 .debug_frame   0x00002678       0x2c d:/7.0/toolchain/arm/arm-gnu-toolchain/bin/../lib/gcc/arm-none-eabi/6.3.1/../../../../arm-none-eabi/lib/thumb/v7e-m\libc.a(lib_a-init.o)
 .debug_frame   0x000026a4       0x5c d:/7.0/toolchain/arm/arm-gnu-toolchain/bin/../lib/gcc/arm-none-eabi/6.3.1/../../../../arm-none-eabi/lib/thumb/v7e-m\libc.a(lib_a-__call_atexit.o)
 .debug_frame   0x00002700       0x20 d:/7.0/toolchain/arm/arm-gnu-toolchain/bin/../lib/gcc/arm-none-eabi/6.3.1/../../../../arm-none-eabi/lib/thumb/v7e-m\libc.a(lib_a-atexit.o)
 .debug_frame   0x00002720       0x34 d:/7.0/toolchain/arm/arm-gnu-toolchain/bin/../lib/gcc/arm-none-eabi/6.3.1/../../../../arm-none-eabi/lib/thumb/v7e-m\libc.a(lib_a-fini.o)
 .debug_frame   0x00002754       0xb0 d:/7.0/toolchain/arm/arm-gnu-toolchain/bin/../lib/gcc/arm-none-eabi/6.3.1/../../../../arm-none-eabi/lib/thumb/v7e-m\libc.a(lib_a-lock.o)
 .debug_frame   0x00002804       0x34 d:/7.0/toolchain/arm/arm-gnu-toolchain/bin/../lib/gcc/arm-none-eabi/6.3.1/../../../../arm-none-eabi/lib/thumb/v7e-m\libc.a(lib_a-__atexit.o)

Cross Reference Table

Symbol                                            File
ACC_Handler                                       src/ASF/sam/utils/cmsis/same70/source/templates/gcc/startup_same70.o
AES_Handler                                       src/ASF/sam/utils/cmsis/same70/source/templates/gcc/startup_same70.o
AFEC0_Handler                                     src/ASF/sam/utils/cmsis/same70/source/templates/gcc/startup_same70.o
AFEC1_Handler                                     src/ASF/sam/utils/cmsis/same70/source/templates/gcc/startup_same70.o
BusFault_Handler                                  src/ASF/sam/utils/cmsis/same70/source/templates/gcc/startup_same70.o
CCF_Handler                                       src/ASF/sam/utils/cmsis/same70/source/templates/gcc/startup_same70.o
CCW_Handler                                       src/ASF/sam/utils/cmsis/same70/source/templates/gcc/startup_same70.o
DACC_Handler                                      src/ASF/sam/utils/cmsis/same70/source/templates/gcc/startup_same70.o
DebugMon_Handler                                  src/ASF/sam/utils/cmsis/same70/source/templates/gcc/startup_same70.o
Dummy_Handler                                     src/ASF/sam/utils/cmsis/same70/source/templates/gcc/startup_same70.o
EFC_Handler                                       src/ASF/sam/utils/cmsis/same70/source/templates/gcc/startup_same70.o
FPU_Handler                                       src/ASF/sam/utils/cmsis/same70/source/templates/gcc/startup_same70.o
GMAC_Handler                                      src/ASF/sam/utils/cmsis/same70/source/templates/gcc/startup_same70.o
GMAC_Q1_Handler                                   src/ASF/sam/utils/cmsis/same70/source/templates/gcc/startup_same70.o
GMAC_Q2_Handler                                   src/ASF/sam/utils/cmsis/same70/source/templates/gcc/startup_same70.o
GMAC_Q3_Handler                                   src/ASF/sam/utils/cmsis/same70/source/templates/gcc/startup_same70.o
GMAC_Q4_Handler                                   src/ASF/sam/utils/cmsis/same70/source/templates/gcc/startup_same70.o
GMAC_Q5_Handler                                   src/ASF/sam/utils/cmsis/same70/source/templates/gcc/startup_same70.o
HSMCI_Handler                                     src/ASF/sam/utils/cmsis/same70/source/templates/gcc/startup_same70.o
HardFault_Handler                                 src/ASF/sam/utils/cmsis/same70/source/templates/gcc/startup_same70.o
I2SC0_Handler                                     src/ASF/sam/utils/cmsis/same70/source/templates/gcc/startup_same70.o
I2SC1_Handler                                     src/ASF/sam/utils/cmsis/same70/source/templates/gcc/startup_same70.o
ICM_Handler                                       src/ASF/sam/utils/cmsis/same70/source/templates/gcc/startup_same70.o
ISI_Handler                                       src/ASF/sam/utils/cmsis/same70/source/templates/gcc/startup_same70.o
IXC_Handler                                       src/ASF/sam/utils/cmsis/same70/source/templates/gcc/startup_same70.o
MCAN0_INT0_Handler                                src/ASF/sam/utils/cmsis/same70/source/templates/gcc/startup_same70.o
MCAN0_INT1_Handler                                src/ASF/sam/utils/cmsis/same70/source/templates/gcc/startup_same70.o
MCAN1_INT0_Handler                                src/ASF/sam/utils/cmsis/same70/source/templates/gcc/startup_same70.o
MCAN1_INT1_Handler                                src/ASF/sam/utils/cmsis/same70/source/templates/gcc/startup_same70.o
MemManage_Handler                                 src/ASF/sam/utils/cmsis/same70/source/templates/gcc/startup_same70.o
NMI_Handler                                       src/ASF/sam/utils/cmsis/same70/source/templates/gcc/startup_same70.o
PIOA_Handler                                      src/ASF/sam/drivers/pio/pio_handler.o
PIOB_Handler                                      src/ASF/sam/drivers/pio/pio_handler.o
PIOC_Handler                                      src/ASF/sam/drivers/pio/pio_handler.o
PIOD_Handler                                      src/ASF/sam/drivers/pio/pio_handler.o
PIOE_Handler                                      src/ASF/sam/drivers/pio/pio_handler.o
PMC_Handler                                       src/ASF/sam/utils/cmsis/same70/source/templates/gcc/startup_same70.o
PWM0_Handler                                      src/ASF/sam/utils/cmsis/same70/source/templates/gcc/startup_same70.o
PWM1_Handler                                      src/ASF/sam/utils/cmsis/same70/source/templates/gcc/startup_same70.o
PendSV_Handler                                    src/ASF/sam/utils/cmsis/same70/source/templates/gcc/startup_same70.o
QSPI_Handler                                      src/ASF/sam/utils/cmsis/same70/source/templates/gcc/startup_same70.o
RSTC_Handler                                      src/ASF/sam/utils/cmsis/same70/source/templates/gcc/startup_same70.o
RSWDT_Handler                                     src/ASF/sam/utils/cmsis/same70/source/templates/gcc/startup_same70.o
RTC_Handler                                       src/ASF/sam/utils/cmsis/same70/source/templates/gcc/startup_same70.o
RTT_Handler                                       src/ASF/sam/utils/cmsis/same70/source/templates/gcc/startup_same70.o
Reset_Handler                                     src/ASF/sam/utils/cmsis/same70/source/templates/gcc/startup_same70.o
SDRAMC_Handler                                    src/ASF/sam/utils/cmsis/same70/source/templates/gcc/startup_same70.o
SPI0_Handler                                      src/ASF/sam/utils/cmsis/same70/source/templates/gcc/startup_same70.o
SPI1_Handler                                      src/ASF/sam/utils/cmsis/same70/source/templates/gcc/startup_same70.o
SSC_Handler                                       src/ASF/sam/utils/cmsis/same70/source/templates/gcc/startup_same70.o
SUPC_Handler                                      src/ASF/sam/utils/cmsis/same70/source/templates/gcc/startup_same70.o
SVC_Handler                                       src/ASF/sam/utils/cmsis/same70/source/templates/gcc/startup_same70.o
SysTick_Handler                                   src/ASF/sam/utils/cmsis/same70/source/templates/gcc/startup_same70.o
SystemCoreClock                                   src/ASF/sam/utils/cmsis/same70/source/templates/system_same70.o
SystemCoreClockUpdate                             src/ASF/sam/utils/cmsis/same70/source/templates/system_same70.o
                                                  src/ASF/common/services/clock/same70/sysclk.o
SystemInit                                        src/ASF/sam/utils/cmsis/same70/source/templates/system_same70.o
TC0_Handler                                       src/ASF/sam/utils/cmsis/same70/source/templates/gcc/startup_same70.o
TC10_Handler                                      src/ASF/sam/utils/cmsis/same70/source/templates/gcc/startup_same70.o
TC11_Handler                                      src/ASF/sam/utils/cmsis/same70/source/templates/gcc/startup_same70.o
TC1_Handler                                       src/ASF/sam/utils/cmsis/same70/source/templates/gcc/startup_same70.o
TC2_Handler                                       src/ASF/sam/utils/cmsis/same70/source/templates/gcc/startup_same70.o
TC3_Handler                                       src/ASF/sam/utils/cmsis/same70/source/templates/gcc/startup_same70.o
TC4_Handler                                       src/ASF/sam/utils/cmsis/same70/source/templates/gcc/startup_same70.o
TC5_Handler                                       src/ASF/sam/utils/cmsis/same70/source/templates/gcc/startup_same70.o
TC6_Handler                                       src/ASF/sam/utils/cmsis/same70/source/templates/gcc/startup_same70.o
TC7_Handler                                       src/ASF/sam/utils/cmsis/same70/source/templates/gcc/startup_same70.o
TC8_Handler                                       src/ASF/sam/utils/cmsis/same70/source/templates/gcc/startup_same70.o
TC9_Handler                                       src/ASF/sam/utils/cmsis/same70/source/templates/gcc/startup_same70.o
TRNG_Handler                                      src/ASF/sam/utils/cmsis/same70/source/templates/gcc/startup_same70.o
TWIHS0_Handler                                    src/ASF/sam/utils/cmsis/same70/source/templates/gcc/startup_same70.o
TWIHS1_Handler                                    src/ASF/sam/utils/cmsis/same70/source/templates/gcc/startup_same70.o
TWIHS2_Handler                                    src/ASF/sam/utils/cmsis/same70/source/templates/gcc/startup_same70.o
UART0_Handler                                     src/ASF/sam/utils/cmsis/same70/source/templates/gcc/startup_same70.o
UART1_Handler                                     src/ASF/sam/utils/cmsis/same70/source/templates/gcc/startup_same70.o
UART2_Handler                                     src/ASF/sam/utils/cmsis/same70/source/templates/gcc/startup_same70.o
UART3_Handler                                     src/ASF/sam/utils/cmsis/same70/source/templates/gcc/startup_same70.o
UART4_Handler                                     src/ASF/sam/utils/cmsis/same70/source/templates/gcc/startup_same70.o
USART0_Handler                                    src/ASF/sam/utils/cmsis/same70/source/templates/gcc/startup_same70.o
USART1_Handler                                    src/ASF/sam/utils/cmsis/same70/source/templates/gcc/startup_same70.o
USART2_Handler                                    src/ASF/sam/utils/cmsis/same70/source/templates/gcc/startup_same70.o
USBHS_Handler                                     src/ASF/sam/utils/cmsis/same70/source/templates/gcc/startup_same70.o
UsageFault_Handler                                src/ASF/sam/utils/cmsis/same70/source/templates/gcc/startup_same70.o
WDT_Handler                                       src/ASF/sam/utils/cmsis/same70/source/templates/gcc/startup_same70.o
XDMAC_Handler                                     src/ASF/sam/utils/cmsis/same70/source/templates/gcc/startup_same70.o
_Jv_RegisterClasses                               d:/7.0/toolchain/arm/arm-gnu-toolchain/bin/../lib/gcc/arm-none-eabi/6.3.1/thumb/v7e-m/crtbegin.o
__atexit_recursive_mutex                          d:/7.0/toolchain/arm/arm-gnu-toolchain/bin/../lib/gcc/arm-none-eabi/6.3.1/../../../../arm-none-eabi/lib/thumb/v7e-m\libc.a(lib_a-__call_atexit.o)
                                                  d:/7.0/toolchain/arm/arm-gnu-toolchain/bin/../lib/gcc/arm-none-eabi/6.3.1/../../../../arm-none-eabi/lib/thumb/v7e-m\libc.a(lib_a-__atexit.o)
__bss_end__                                       d:/7.0/toolchain/arm/arm-gnu-toolchain/bin/../lib/gcc/arm-none-eabi/6.3.1/../../../../arm-none-eabi/lib/thumb/v7e-m/crt0.o
__bss_start__                                     d:/7.0/toolchain/arm/arm-gnu-toolchain/bin/../lib/gcc/arm-none-eabi/6.3.1/../../../../arm-none-eabi/lib/thumb/v7e-m/crt0.o
__call_exitprocs                                  d:/7.0/toolchain/arm/arm-gnu-toolchain/bin/../lib/gcc/arm-none-eabi/6.3.1/../../../../arm-none-eabi/lib/thumb/v7e-m\libc.a(lib_a-__call_atexit.o)
                                                  d:/7.0/toolchain/arm/arm-gnu-toolchain/bin/../lib/gcc/arm-none-eabi/6.3.1/../../../../arm-none-eabi/lib/thumb/v7e-m\libc.a(lib_a-exit.o)
__deregister_frame_info                           d:/7.0/toolchain/arm/arm-gnu-toolchain/bin/../lib/gcc/arm-none-eabi/6.3.1/thumb/v7e-m/crtbegin.o
__dso_handle                                      d:/7.0/toolchain/arm/arm-gnu-toolchain/bin/../lib/gcc/arm-none-eabi/6.3.1/thumb/v7e-m/crtbegin.o
__fini_array_end                                  d:/7.0/toolchain/arm/arm-gnu-toolchain/bin/../lib/gcc/arm-none-eabi/6.3.1/../../../../arm-none-eabi/lib/thumb/v7e-m\libc.a(lib_a-fini.o)
__fini_array_start                                d:/7.0/toolchain/arm/arm-gnu-toolchain/bin/../lib/gcc/arm-none-eabi/6.3.1/../../../../arm-none-eabi/lib/thumb/v7e-m\libc.a(lib_a-fini.o)
__init_array_end                                  d:/7.0/toolchain/arm/arm-gnu-toolchain/bin/../lib/gcc/arm-none-eabi/6.3.1/../../../../arm-none-eabi/lib/thumb/v7e-m\libc.a(lib_a-init.o)
__init_array_start                                d:/7.0/toolchain/arm/arm-gnu-toolchain/bin/../lib/gcc/arm-none-eabi/6.3.1/../../../../arm-none-eabi/lib/thumb/v7e-m\libc.a(lib_a-init.o)
__libc_fini                                       d:/7.0/toolchain/arm/arm-gnu-toolchain/bin/../lib/gcc/arm-none-eabi/6.3.1/../../../../arm-none-eabi/lib/thumb/v7e-m\libc.a(lib_a-__call_atexit.o)
__libc_fini_array                                 d:/7.0/toolchain/arm/arm-gnu-toolchain/bin/../lib/gcc/arm-none-eabi/6.3.1/../../../../arm-none-eabi/lib/thumb/v7e-m\libc.a(lib_a-fini.o)
                                                  d:/7.0/toolchain/arm/arm-gnu-toolchain/bin/../lib/gcc/arm-none-eabi/6.3.1/../../../../arm-none-eabi/lib/thumb/v7e-m\libc.a(lib_a-__call_atexit.o)
                                                  d:/7.0/toolchain/arm/arm-gnu-toolchain/bin/../lib/gcc/arm-none-eabi/6.3.1/../../../../arm-none-eabi/lib/thumb/v7e-m/crt0.o
__libc_init_array                                 d:/7.0/toolchain/arm/arm-gnu-toolchain/bin/../lib/gcc/arm-none-eabi/6.3.1/../../../../arm-none-eabi/lib/thumb/v7e-m\libc.a(lib_a-init.o)
                                                  src/ASF/sam/utils/cmsis/same70/source/templates/gcc/startup_same70.o
                                                  d:/7.0/toolchain/arm/arm-gnu-toolchain/bin/../lib/gcc/arm-none-eabi/6.3.1/../../../../arm-none-eabi/lib/thumb/v7e-m/crt0.o
__lock___arc4random_mutex                         d:/7.0/toolchain/arm/arm-gnu-toolchain/bin/../lib/gcc/arm-none-eabi/6.3.1/../../../../arm-none-eabi/lib/thumb/v7e-m\libc.a(lib_a-lock.o)
__lock___at_quick_exit_mutex                      d:/7.0/toolchain/arm/arm-gnu-toolchain/bin/../lib/gcc/arm-none-eabi/6.3.1/../../../../arm-none-eabi/lib/thumb/v7e-m\libc.a(lib_a-lock.o)
__lock___atexit_recursive_mutex                   d:/7.0/toolchain/arm/arm-gnu-toolchain/bin/../lib/gcc/arm-none-eabi/6.3.1/../../../../arm-none-eabi/lib/thumb/v7e-m\libc.a(lib_a-lock.o)
                                                  d:/7.0/toolchain/arm/arm-gnu-toolchain/bin/../lib/gcc/arm-none-eabi/6.3.1/../../../../arm-none-eabi/lib/thumb/v7e-m\libc.a(lib_a-__call_atexit.o)
__lock___dd_hash_mutex                            d:/7.0/toolchain/arm/arm-gnu-toolchain/bin/../lib/gcc/arm-none-eabi/6.3.1/../../../../arm-none-eabi/lib/thumb/v7e-m\libc.a(lib_a-lock.o)
__lock___env_recursive_mutex                      d:/7.0/toolchain/arm/arm-gnu-toolchain/bin/../lib/gcc/arm-none-eabi/6.3.1/../../../../arm-none-eabi/lib/thumb/v7e-m\libc.a(lib_a-lock.o)
__lock___malloc_recursive_mutex                   d:/7.0/toolchain/arm/arm-gnu-toolchain/bin/../lib/gcc/arm-none-eabi/6.3.1/../../../../arm-none-eabi/lib/thumb/v7e-m\libc.a(lib_a-lock.o)
__lock___sfp_recursive_mutex                      d:/7.0/toolchain/arm/arm-gnu-toolchain/bin/../lib/gcc/arm-none-eabi/6.3.1/../../../../arm-none-eabi/lib/thumb/v7e-m\libc.a(lib_a-lock.o)
__lock___sinit_recursive_mutex                    d:/7.0/toolchain/arm/arm-gnu-toolchain/bin/../lib/gcc/arm-none-eabi/6.3.1/../../../../arm-none-eabi/lib/thumb/v7e-m\libc.a(lib_a-lock.o)
__lock___tz_mutex                                 d:/7.0/toolchain/arm/arm-gnu-toolchain/bin/../lib/gcc/arm-none-eabi/6.3.1/../../../../arm-none-eabi/lib/thumb/v7e-m\libc.a(lib_a-lock.o)
__preinit_array_end                               d:/7.0/toolchain/arm/arm-gnu-toolchain/bin/../lib/gcc/arm-none-eabi/6.3.1/../../../../arm-none-eabi/lib/thumb/v7e-m\libc.a(lib_a-init.o)
__preinit_array_start                             d:/7.0/toolchain/arm/arm-gnu-toolchain/bin/../lib/gcc/arm-none-eabi/6.3.1/../../../../arm-none-eabi/lib/thumb/v7e-m\libc.a(lib_a-init.o)
__ram_end__                                       src/ASF/sam/utils/syscalls/gcc/syscalls.o
__register_exitproc                               d:/7.0/toolchain/arm/arm-gnu-toolchain/bin/../lib/gcc/arm-none-eabi/6.3.1/../../../../arm-none-eabi/lib/thumb/v7e-m\libc.a(lib_a-__atexit.o)
                                                  d:/7.0/toolchain/arm/arm-gnu-toolchain/bin/../lib/gcc/arm-none-eabi/6.3.1/../../../../arm-none-eabi/lib/thumb/v7e-m\libc.a(lib_a-atexit.o)
__register_frame_info                             d:/7.0/toolchain/arm/arm-gnu-toolchain/bin/../lib/gcc/arm-none-eabi/6.3.1/thumb/v7e-m/crtbegin.o
__retarget_lock_acquire                           d:/7.0/toolchain/arm/arm-gnu-toolchain/bin/../lib/gcc/arm-none-eabi/6.3.1/../../../../arm-none-eabi/lib/thumb/v7e-m\libc.a(lib_a-lock.o)
__retarget_lock_acquire_recursive                 d:/7.0/toolchain/arm/arm-gnu-toolchain/bin/../lib/gcc/arm-none-eabi/6.3.1/../../../../arm-none-eabi/lib/thumb/v7e-m\libc.a(lib_a-lock.o)
                                                  d:/7.0/toolchain/arm/arm-gnu-toolchain/bin/../lib/gcc/arm-none-eabi/6.3.1/../../../../arm-none-eabi/lib/thumb/v7e-m\libc.a(lib_a-__atexit.o)
                                                  d:/7.0/toolchain/arm/arm-gnu-toolchain/bin/../lib/gcc/arm-none-eabi/6.3.1/../../../../arm-none-eabi/lib/thumb/v7e-m\libc.a(lib_a-__call_atexit.o)
__retarget_lock_close                             d:/7.0/toolchain/arm/arm-gnu-toolchain/bin/../lib/gcc/arm-none-eabi/6.3.1/../../../../arm-none-eabi/lib/thumb/v7e-m\libc.a(lib_a-lock.o)
__retarget_lock_close_recursive                   d:/7.0/toolchain/arm/arm-gnu-toolchain/bin/../lib/gcc/arm-none-eabi/6.3.1/../../../../arm-none-eabi/lib/thumb/v7e-m\libc.a(lib_a-lock.o)
__retarget_lock_init                              d:/7.0/toolchain/arm/arm-gnu-toolchain/bin/../lib/gcc/arm-none-eabi/6.3.1/../../../../arm-none-eabi/lib/thumb/v7e-m\libc.a(lib_a-lock.o)
__retarget_lock_init_recursive                    d:/7.0/toolchain/arm/arm-gnu-toolchain/bin/../lib/gcc/arm-none-eabi/6.3.1/../../../../arm-none-eabi/lib/thumb/v7e-m\libc.a(lib_a-lock.o)
__retarget_lock_release                           d:/7.0/toolchain/arm/arm-gnu-toolchain/bin/../lib/gcc/arm-none-eabi/6.3.1/../../../../arm-none-eabi/lib/thumb/v7e-m\libc.a(lib_a-lock.o)
__retarget_lock_release_recursive                 d:/7.0/toolchain/arm/arm-gnu-toolchain/bin/../lib/gcc/arm-none-eabi/6.3.1/../../../../arm-none-eabi/lib/thumb/v7e-m\libc.a(lib_a-lock.o)
                                                  d:/7.0/toolchain/arm/arm-gnu-toolchain/bin/../lib/gcc/arm-none-eabi/6.3.1/../../../../arm-none-eabi/lib/thumb/v7e-m\libc.a(lib_a-__atexit.o)
                                                  d:/7.0/toolchain/arm/arm-gnu-toolchain/bin/../lib/gcc/arm-none-eabi/6.3.1/../../../../arm-none-eabi/lib/thumb/v7e-m\libc.a(lib_a-__call_atexit.o)
__retarget_lock_try_acquire                       d:/7.0/toolchain/arm/arm-gnu-toolchain/bin/../lib/gcc/arm-none-eabi/6.3.1/../../../../arm-none-eabi/lib/thumb/v7e-m\libc.a(lib_a-lock.o)
__retarget_lock_try_acquire_recursive             d:/7.0/toolchain/arm/arm-gnu-toolchain/bin/../lib/gcc/arm-none-eabi/6.3.1/../../../../arm-none-eabi/lib/thumb/v7e-m\libc.a(lib_a-lock.o)
__stack                                           d:/7.0/toolchain/arm/arm-gnu-toolchain/bin/../lib/gcc/arm-none-eabi/6.3.1/../../../../arm-none-eabi/lib/thumb/v7e-m/crt0.o
_close                                            src/ASF/sam/utils/syscalls/gcc/syscalls.o
_end                                              src/ASF/sam/utils/syscalls/gcc/syscalls.o
_erelocate                                        src/ASF/sam/utils/cmsis/same70/source/templates/gcc/startup_same70.o
_estack                                           src/ASF/sam/utils/cmsis/same70/source/templates/gcc/startup_same70.o
_etext                                            src/ASF/sam/utils/cmsis/same70/source/templates/gcc/startup_same70.o
_exit                                             src/ASF/sam/utils/syscalls/gcc/syscalls.o